Component: ARM Compiler 6.14 Tool: armlink [5db06800]

==============================================================================

Removing Unused input sections from the image.

    Removing main.o(.text), (0 bytes).
    Removing main.o(.ARM.exidx.text.main), (8 bytes).
    Removing main.o(.ARM.exidx.text.StartDefaultTask), (8 bytes).
    Removing main.o(.ARM.exidx.text.vRestartNode), (8 bytes).
    Removing main.o(.ARM.exidx.text.Error_Handler), (8 bytes).
    Removing main.o(.ARM.use_no_argv), (4 bytes).
    Removing canopennode.o(.text), (0 bytes).
    Removing canopennode.o(.ARM.exidx.text.vCanOpenInit), (8 bytes).
    Removing canopennode.o(.ARM.exidx.text.vCanOpenProcess), (8 bytes).
    Removing canopennode.o(.ARM.exidx.text.__NVIC_SystemReset), (8 bytes).
    Removing canopennode.o(.ARM.exidx.text.vCanOpenPeriodicProcess), (8 bytes).
    Removing process.o(.text), (0 bytes).
    Removing process.o(.ARM.exidx.text.OD_writeLed), (8 bytes).
    Removing process.o(.ARM.exidx.text.OD_writeBlink), (8 bytes).
    Removing process.o(.ARM.exidx.text.OD_writeBRIGTH), (8 bytes).
    Removing process.o(.ARM.exidx.text.OD_writeNode), (8 bytes).
    Removing process.o(.ARM.exidx.text.OD_writeBITRATE), (8 bytes).
    Removing process.o(.ARM.exidx.text.OD_writeNMT), (8 bytes).
    Removing process.o(.ARM.exidx.text.OD_writeKeyboardParametr), (8 bytes).
    Removing process.o(.ARM.exidx.text.OD_writePWM), (8 bytes).
    Removing process.o(.ARM.exidx.text.vProceesInit), (8 bytes).
    Removing process.o(.ARM.exidx.text.OD_extension_init), (8 bytes).
    Removing process.o(.ARM.exidx.text.OD_getFlagsPDO), (8 bytes).
    Removing process.o(.ARM.exidx.text.vProcessTask), (8 bytes).
    Removing process.o(.ARM.exidx.text.OD_requestTPDO), (8 bytes).
    Removing process.o(.ARM.exidx.text.CO_getUint16), (8 bytes).
    Removing process.o(.ARM.exidx.text.CO_getUint8), (8 bytes).
    Removing co_driver_st32f103.o(.text), (0 bytes).
    Removing co_driver_st32f103.o(.ARM.exidx.text.co_drv_create_os_objects), (8 bytes).
    Removing co_driver_st32f103.o(.ARM.exidx.text.co_drv_mutex_lock), (8 bytes).
    Removing co_driver_st32f103.o(.ARM.exidx.text.co_drv_mutex_unlock), (8 bytes).
    Removing co_driver_st32f103.o(.ARM.exidx.text.CO_CANsetConfigurationMode), (8 bytes).
    Removing co_driver_st32f103.o(.ARM.exidx.text.CO_CANsetNormalMode), (8 bytes).
    Removing co_driver_st32f103.o(.ARM.exidx.text.CO_CANmodule_init), (8 bytes).
    Removing co_driver_st32f103.o(.ARM.exidx.text.CO_CANmodule_disable), (8 bytes).
    Removing co_driver_st32f103.o(.ARM.exidx.text.CO_CANrxBufferInit), (8 bytes).
    Removing co_driver_st32f103.o(.ARM.exidx.text.CO_CANtxBufferInit), (8 bytes).
    Removing co_driver_st32f103.o(.text.CAN_GetTxMailboxesFreeLevel), (68 bytes).
    Removing co_driver_st32f103.o(.ARM.exidx.text.CAN_GetTxMailboxesFreeLevel), (8 bytes).
    Removing co_driver_st32f103.o(.ARM.exidx.text.CO_CANsend), (8 bytes).
    Removing co_driver_st32f103.o(.ARM.exidx.text.prv_send_can_message), (8 bytes).
    Removing co_driver_st32f103.o(.text.CO_CANclearPendingSyncPDOs), (110 bytes).
    Removing co_driver_st32f103.o(.ARM.exidx.text.CO_CANclearPendingSyncPDOs), (8 bytes).
    Removing co_driver_st32f103.o(.ARM.exidx.text.CO_CANmodule_process), (8 bytes).
    Removing co_driver_st32f103.o(.ARM.exidx.text.CAN_SendMessage), (8 bytes).
    Removing co_driver_st32f103.o(.ARM.exidx.text.CAN_GetRxMessage), (8 bytes).
    Removing co_driver_st32f103.o(.ARM.exidx.text.prv_read_can_received_msg), (8 bytes).
    Removing co_driver_st32f103.o(.ARM.exidx.text.HAL_CAN_ErrorCallback), (8 bytes).
    Removing od.o(.text), (0 bytes).
    Removing co_odinterface.o(.text), (0 bytes).
    Removing co_odinterface.o(.ARM.exidx.text.OD_readOriginal), (8 bytes).
    Removing co_odinterface.o(.ARM.exidx.text.OD_writeOriginal), (8 bytes).
    Removing co_odinterface.o(.ARM.exidx.text.OD_find), (8 bytes).
    Removing co_odinterface.o(.ARM.exidx.text.OD_getSub), (8 bytes).
    Removing co_odinterface.o(.ARM.exidx.text.OD_readDisabled), (8 bytes).
    Removing co_odinterface.o(.ARM.exidx.text.OD_writeDisabled), (8 bytes).
    Removing co_odinterface.o(.ARM.exidx.text.OD_getSDOabCode), (8 bytes).
    Removing co_odinterface.o(.ARM.exidx.text.OD_get_value), (8 bytes).
    Removing co_odinterface.o(.ARM.exidx.text.OD_set_value), (8 bytes).
    Removing co_odinterface.o(.ARM.exidx.text.OD_getPtr), (8 bytes).
    Removing canopen.o(.text), (0 bytes).
    Removing canopen.o(.ARM.exidx.text.CO_new), (8 bytes).
    Removing canopen.o(.text.CO_delete), (20 bytes).
    Removing canopen.o(.ARM.exidx.text.CO_delete), (8 bytes).
    Removing canopen.o(.text.CO_isLSSslaveEnabled), (4 bytes).
    Removing canopen.o(.ARM.exidx.text.CO_isLSSslaveEnabled), (8 bytes).
    Removing canopen.o(.ARM.exidx.text.CO_CANinit), (8 bytes).
    Removing canopen.o(.ARM.exidx.text.CO_LSSinit), (8 bytes).
    Removing canopen.o(.ARM.exidx.text.CO_CANopenInit), (8 bytes).
[...]
    Removing gd32f10x_timer.o(.text.timer_input_pwm_capture_config), (332 bytes).
    Removing gd32f10x_timer.o(.ARM.exidx.text.timer_input_pwm_capture_config), (8 bytes).
    Removing gd32f10x_timer.o(.text.timer_hall_mode_config), (28 bytes).
    Removing gd32f10x_timer.o(.ARM.exidx.text.timer_hall_mode_config), (8 bytes).
    Removing gd32f10x_timer.o(.text.timer_input_trigger_source_select), (16 bytes).
    Removing gd32f10x_timer.o(.ARM.exidx.text.timer_input_trigger_source_select), (8 bytes).
    Removing gd32f10x_timer.o(.text.timer_master_output_trigger_source_select), (16 bytes).
    Removing gd32f10x_timer.o(.ARM.exidx.text.timer_master_output_trigger_source_select), (8 bytes).
    Removing gd32f10x_timer.o(.text.timer_slave_mode_select), (16 bytes).
    Removing gd32f10x_timer.o(.ARM.exidx.text.timer_slave_mode_select), (8 bytes).
    Removing gd32f10x_timer.o(.text.timer_master_slave_mode_config), (28 bytes).
    Removing gd32f10x_timer.o(.ARM.exidx.text.timer_master_slave_mode_config), (8 bytes).
    Removing gd32f10x_timer.o(.text.timer_external_trigger_config), (34 bytes).
    Removing gd32f10x_timer.o(.ARM.exidx.text.timer_external_trigger_config), (8 bytes).
    Removing gd32f10x_timer.o(.text.timer_quadrature_decoder_mode_config), (78 bytes).
    Removing gd32f10x_timer.o(.ARM.exidx.text.timer_quadrature_decoder_mode_config), (8 bytes).
    Removing gd32f10x_timer.o(.ARM.exidx.text.timer_internal_clock_config), (8 bytes).
    Removing gd32f10x_timer.o(.text.timer_internal_trigger_as_external_clock_config), (26 bytes).
    Removing gd32f10x_timer.o(.ARM.exidx.text.timer_internal_trigger_as_external_clock_config), (8 bytes).
    Removing gd32f10x_timer.o(.text.timer_external_trigger_as_external_clock_config), (146 bytes).
    Removing gd32f10x_timer.o(.ARM.exidx.text.timer_external_trigger_as_external_clock_config), (8 bytes).
    Removing gd32f10x_timer.o(.text.timer_external_clock_mode0_config), (26 bytes).
    Removing gd32f10x_timer.o(.ARM.exidx.text.timer_external_clock_mode0_config), (8 bytes).
    Removing gd32f10x_timer.o(.text.timer_external_clock_mode1_config), (18 bytes).
    Removing gd32f10x_timer.o(.ARM.exidx.text.timer_external_clock_mode1_config), (8 bytes).
    Removing gd32f10x_timer.o(.text.timer_external_clock_mode1_disable), (10 bytes).
    Removing gd32f10x_timer.o(.ARM.exidx.text.timer_external_clock_mode1_disable), (8 bytes).
    Removing gd32f10x_timer.o(.ARM.exidx.text.timer_interrupt_enable), (8 bytes).
    Removing gd32f10x_timer.o(.text.timer_interrupt_disable), (10 bytes).
    Removing gd32f10x_timer.o(.ARM.exidx.text.timer_interrupt_disable), (8 bytes).
    Removing gd32f10x_timer.o(.ARM.exidx.text.timer_interrupt_flag_get), (8 bytes).
    Removing gd32f10x_timer.o(.ARM.exidx.text.timer_interrupt_flag_clear), (8 bytes).
    Removing gd32f10x_timer.o(.text.timer_flag_get), (10 bytes).
    Removing gd32f10x_timer.o(.ARM.exidx.text.timer_flag_get), (8 bytes).
    Removing gd32f10x_timer.o(.text.timer_flag_clear), (6 bytes).
    Removing gd32f10x_timer.o(.ARM.exidx.text.timer_flag_clear), (8 bytes).
    Removing startup_gd32f10x_hd.o(HEAP), (512 bytes).
    Removing system_gd32f10x.o(.text), (0 bytes).
    Removing system_gd32f10x.o(.ARM.exidx.text.SystemInit), (8 bytes).
    Removing system_gd32f10x.o(.ARM.exidx.text.system_clock_config), (8 bytes).
    Removing system_gd32f10x.o(.ARM.exidx.text.system_clock_72m_hxtal), (8 bytes).
    Removing freertos_evr.o(.text), (0 bytes).
    Removing event_groups.o(.text), (0 bytes).
    Removing event_groups.o(.ARM.exidx.text.xEventGroupCreateStatic), (8 bytes).
    Removing event_groups.o(.ARM.exidx.text.xEventGroupCreate), (8 bytes).
    Removing event_groups.o(.text.xEventGroupSync), (146 bytes).
    Removing event_groups.o(.ARM.exidx.text.xEventGroupSync), (8 bytes).
    Removing event_groups.o(.ARM.exidx.text.xEventGroupSetBits), (8 bytes).
    Removing event_groups.o(.ARM.exidx.text.xEventGroupWaitBits), (8 bytes).
    Removing event_groups.o(.ARM.exidx.text.prvTestWaitCondition), (8 bytes).
    Removing event_groups.o(.ARM.exidx.text.xEventGroupClearBits), (8 bytes).
    Removing event_groups.o(.ARM.exidx.text.xEventGroupClearBitsFromISR), (8 bytes).
    Removing event_groups.o(.ARM.exidx.text.vEventGroupClearBitsCallback), (8 bytes).
    Removing event_groups.o(.text.xEventGroupGetBitsFromISR), (28 bytes).
    Removing event_groups.o(.ARM.exidx.text.xEventGroupGetBitsFromISR), (8 bytes).
    Removing event_groups.o(.text.vEventGroupDelete), (44 bytes).
    Removing event_groups.o(.ARM.exidx.text.vEventGroupDelete), (8 bytes).
    Removing event_groups.o(.text.vEventGroupSetBitsCallback), (8 bytes).
    Removing event_groups.o(.ARM.exidx.text.vEventGroupSetBitsCallback), (8 bytes).
    Removing event_groups.o(.text.xEventGroupSetBitsFromISR), (22 bytes).
    Removing event_groups.o(.ARM.exidx.text.xEventGroupSetBitsFromISR), (8 bytes).
    Removing event_groups.o(.text.uxEventGroupGetNumber), (10 bytes).
    Removing event_groups.o(.ARM.exidx.text.uxEventGroupGetNumber), (8 bytes).
    Removing event_groups.o(.text.vEventGroupSetNumber), (4 bytes).
    Removing event_groups.o(.ARM.exidx.text.vEventGroupSetNumber), (8 bytes).
    Removing list.o(.text), (0 bytes).
    Removing list.o(.ARM.exidx.text.vListInitialise), (8 bytes).
    Removing list.o(.ARM.exidx.text.vListInitialiseItem), (8 bytes).
    Removing list.o(.text.vListInsertEnd), (28 bytes).
    Removing list.o(.ARM.exidx.text.vListInsertEnd), (8 bytes).
    Removing list.o(.ARM.exidx.text.vListInsert), (8 bytes).
    Removing list.o(.ARM.exidx.text.uxListRemove), (8 bytes).
    Removing port.o(.text), (0 bytes).
    Removing port.o(.ARM.exidx.text.pxPortInitialiseStack), (8 bytes).
    Removing port.o(.ARM.exidx.text.prvTaskExitError), (8 bytes).
    Removing port.o(.ARM.exidx.text.SVC_Handler), (8 bytes).
    Removing port.o(.ARM.exidx.text.xPortStartScheduler), (8 bytes).
    Removing port.o(.ARM.exidx.text.vPortSetupTimerInterrupt), (8 bytes).
    Removing port.o(.ARM.exidx.text.prvPortStartFirstTask), (8 bytes).
    Removing port.o(.text.vPortEndScheduler), (2 bytes).
    Removing port.o(.ARM.exidx.text.vPortEndScheduler), (8 bytes).
    Removing port.o(.ARM.exidx.text.vPortEnterCritical), (8 bytes).
    Removing port.o(.ARM.exidx.text.vPortExitCritical), (8 bytes).
    Removing port.o(.ARM.exidx.text.PendSV_Handler), (8 bytes).
    Removing port.o(.ARM.exidx.text.xPortSysTickHandler), (8 bytes).
    Removing heap_4.o(.text), (0 bytes).
    Removing heap_4.o(.ARM.exidx.text.pvPortMalloc), (8 bytes).
    Removing heap_4.o(.ARM.exidx.text.prvHeapInit), (8 bytes).
    Removing heap_4.o(.ARM.exidx.text.prvInsertBlockIntoFreeList), (8 bytes).
    Removing heap_4.o(.ARM.exidx.text.vPortFree), (8 bytes).
    Removing heap_4.o(.text.xPortGetFreeHeapSize), (12 bytes).
    Removing heap_4.o(.ARM.exidx.text.xPortGetFreeHeapSize), (8 bytes).
    Removing heap_4.o(.text.xPortGetMinimumEverFreeHeapSize), (12 bytes).
    Removing heap_4.o(.ARM.exidx.text.xPortGetMinimumEverFreeHeapSize), (8 bytes).
    Removing heap_4.o(.text.vPortInitialiseBlocks), (2 bytes).
    Removing heap_4.o(.ARM.exidx.text.vPortInitialiseBlocks), (8 bytes).
    Removing heap_4.o(.text.pvPortCalloc), (38 bytes).
    Removing heap_4.o(.ARM.exidx.text.pvPortCalloc), (8 bytes).
    Removing heap_4.o(.text.vPortGetHeapStats), (152 bytes).
    Removing heap_4.o(.ARM.exidx.text.vPortGetHeapStats), (8 bytes).
    Removing queue.o(.text), (0 bytes).
    Removing queue.o(.ARM.exidx.text.xQueueGenericReset), (8 bytes).
    Removing queue.o(.ARM.exidx.text.xQueueGenericCreateStatic), (8 bytes).
    Removing queue.o(.ARM.exidx.text.prvInitialiseNewQueue), (8 bytes).
    Removing queue.o(.ARM.exidx.text.xQueueGenericCreate), (8 bytes).
    Removing queue.o(.ARM.exidx.text.xQueueCreateMutex), (8 bytes).
    Removing queue.o(.ARM.exidx.text.prvInitialiseMutex), (8 bytes).
    Removing queue.o(.ARM.exidx.text.xQueueCreateMutexStatic), (8 bytes).
    Removing queue.o(.text.xQueueGetMutexHolder), (26 bytes).
    Removing queue.o(.ARM.exidx.text.xQueueGetMutexHolder), (8 bytes).
    Removing queue.o(.text.xQueueGetMutexHolderFromISR), (12 bytes).
    Removing queue.o(.ARM.exidx.text.xQueueGetMutexHolderFromISR), (8 bytes).
    Removing queue.o(.ARM.exidx.text.xQueueGiveMutexRecursive), (8 bytes).
    Removing queue.o(.ARM.exidx.text.xQueueGenericSend), (8 bytes).
    Removing queue.o(.ARM.exidx.text.xQueueTakeMutexRecursive), (8 bytes).
    Removing queue.o(.ARM.exidx.text.xQueueSemaphoreTake), (8 bytes).
    Removing queue.o(.ARM.exidx.text.xQueueCreateCountingSemaphoreStatic), (8 bytes).
    Removing queue.o(.ARM.exidx.text.xQueueCreateCountingSemaphore), (8 bytes).
    Removing queue.o(.ARM.exidx.text.prvCopyDataToQueue), (8 bytes).
    Removing queue.o(.ARM.exidx.text.prvIsQueueFull), (8 bytes).
    Removing queue.o(.ARM.exidx.text.prvUnlockQueue), (8 bytes).
    Removing queue.o(.ARM.exidx.text.xQueueGenericSendFromISR), (8 bytes).
    Removing queue.o(.ARM.exidx.text.xQueueGiveFromISR), (8 bytes).
    Removing queue.o(.ARM.exidx.text.xQueueReceive), (8 bytes).
    Removing queue.o(.ARM.exidx.text.prvCopyDataFromQueue), (8 bytes).
    Removing queue.o(.ARM.exidx.text.prvIsQueueEmpty), (8 bytes).
    Removing queue.o(.ARM.exidx.text.prvGetDisinheritPriorityAfterTimeout), (8 bytes).
    Removing queue.o(.text.xQueuePeek), (288 bytes).
    Removing queue.o(.ARM.exidx.text.xQueuePeek), (8 bytes).
    Removing queue.o(.ARM.exidx.text.xQueueReceiveFromISR), (8 bytes).
    Removing queue.o(.text.xQueuePeekFromISR), (54 bytes).
    Removing queue.o(.ARM.exidx.text.xQueuePeekFromISR), (8 bytes).
    Removing queue.o(.ARM.exidx.text.uxQueueMessagesWaiting), (8 bytes).
    Removing queue.o(.text.uxQueueSpacesAvailable), (22 bytes).
    Removing queue.o(.ARM.exidx.text.uxQueueSpacesAvailable), (8 bytes).
    Removing queue.o(.text.uxQueueMessagesWaitingFromISR), (4 bytes).
    Removing queue.o(.ARM.exidx.text.uxQueueMessagesWaitingFromISR), (8 bytes).
    Removing queue.o(.ARM.exidx.text.vQueueDelete), (8 bytes).
    Removing queue.o(.text.uxQueueGetQueueNumber), (4 bytes).
    Removing queue.o(.ARM.exidx.text.uxQueueGetQueueNumber), (8 bytes).
    Removing queue.o(.text.vQueueSetQueueNumber), (4 bytes).
    Removing queue.o(.ARM.exidx.text.vQueueSetQueueNumber), (8 bytes).
    Removing queue.o(.text.ucQueueGetQueueType), (6 bytes).
    Removing queue.o(.ARM.exidx.text.ucQueueGetQueueType), (8 bytes).
    Removing queue.o(.text.xQueueIsQueueEmptyFromISR), (10 bytes).
    Removing queue.o(.ARM.exidx.text.xQueueIsQueueEmptyFromISR), (8 bytes).
    Removing queue.o(.text.xQueueIsQueueFullFromISR), (14 bytes).
    Removing queue.o(.ARM.exidx.text.xQueueIsQueueFullFromISR), (8 bytes).
    Removing queue.o(.ARM.exidx.text.vQueueWaitForMessageRestricted), (8 bytes).
    Removing tasks.o(.text), (0 bytes).
    Removing tasks.o(.ARM.exidx.text.xTaskCreateStatic), (8 bytes).
    Removing tasks.o(.ARM.exidx.text.prvInitialiseNewTask), (8 bytes).
    Removing tasks.o(.ARM.exidx.text.prvAddNewTaskToReadyList), (8 bytes).
    Removing tasks.o(.ARM.exidx.text.xTaskCreate), (8 bytes).
    Removing tasks.o(.text.vTaskDelete), (170 bytes).
    Removing tasks.o(.ARM.exidx.text.vTaskDelete), (8 bytes).
    Removing tasks.o(.ARM.exidx.text.prvResetNextTaskUnblockTime), (8 bytes).
    Removing tasks.o(.ARM.exidx.text.prvDeleteTCB), (8 bytes).
    Removing tasks.o(.text.xTaskDelayUntil), (96 bytes).
    Removing tasks.o(.ARM.exidx.text.xTaskDelayUntil), (8 bytes).
    Removing tasks.o(.ARM.exidx.text.vTaskSuspendAll), (8 bytes).
    Removing tasks.o(.ARM.exidx.text.prvAddCurrentTaskToDelayedList), (8 bytes).
    Removing tasks.o(.ARM.exidx.text.xTaskResumeAll), (8 bytes).
    Removing tasks.o(.ARM.exidx.text.vTaskDelay), (8 bytes).
    Removing tasks.o(.text.eTaskGetState), (136 bytes).
    Removing tasks.o(.ARM.exidx.text.eTaskGetState), (8 bytes).
    Removing tasks.o(.text.uxTaskPriorityGet), (30 bytes).
    Removing tasks.o(.ARM.exidx.text.uxTaskPriorityGet), (8 bytes).
    Removing tasks.o(.text.uxTaskPriorityGetFromISR), (40 bytes).
    Removing tasks.o(.ARM.exidx.text.uxTaskPriorityGetFromISR), (8 bytes).
    Removing tasks.o(.text.vTaskPrioritySet), (230 bytes).
    Removing tasks.o(.ARM.exidx.text.vTaskPrioritySet), (8 bytes).
    Removing tasks.o(.text.vTaskSuspend), (174 bytes).
    Removing tasks.o(.ARM.exidx.text.vTaskSuspend), (8 bytes).
    Removing tasks.o(.ARM.exidx.text.vTaskSwitchContext), (8 bytes).
    Removing tasks.o(.text.vTaskResume), (150 bytes).
    Removing tasks.o(.ARM.exidx.text.vTaskResume), (8 bytes).
    Removing tasks.o(.text.prvTaskIsTaskSuspended), (46 bytes).
    Removing tasks.o(.ARM.exidx.text.prvTaskIsTaskSuspended), (8 bytes).
    Removing tasks.o(.text.xTaskResumeFromISR), (180 bytes).
    Removing tasks.o(.ARM.exidx.text.xTaskResumeFromISR), (8 bytes).
    Removing tasks.o(.ARM.exidx.text.vTaskStartScheduler), (8 bytes).
    Removing tasks.o(.ARM.exidx.text.prvIdleTask), (8 bytes).
    Removing tasks.o(.text.vTaskEndScheduler), (36 bytes).
    Removing tasks.o(.ARM.exidx.text.vTaskEndScheduler), (8 bytes).
    Removing tasks.o(.ARM.exidx.text.xTaskIncrementTick), (8 bytes).
    Removing tasks.o(.ARM.exidx.text.xTaskGetTickCount), (8 bytes).
    Removing tasks.o(.ARM.exidx.text.xTaskGetTickCountFromISR), (8 bytes).
    Removing tasks.o(.ARM.exidx.text.uxTaskGetNumberOfTasks), (8 bytes).
    Removing tasks.o(.text.pcTaskGetName), (20 bytes).
    Removing tasks.o(.ARM.exidx.text.pcTaskGetName), (8 bytes).
    Removing tasks.o(.text.uxTaskGetSystemState), (196 bytes).
    Removing tasks.o(.ARM.exidx.text.uxTaskGetSystemState), (8 bytes).
    Removing tasks.o(.text.prvListTasksWithinSingleList), (100 bytes).
    Removing tasks.o(.ARM.exidx.text.prvListTasksWithinSingleList), (8 bytes).
    Removing tasks.o(.text.xTaskCatchUpTicks), (36 bytes).
    Removing tasks.o(.ARM.exidx.text.xTaskCatchUpTicks), (8 bytes).
    Removing tasks.o(.ARM.exidx.text.vTaskPlaceOnEventList), (8 bytes).
    Removing tasks.o(.ARM.exidx.text.vTaskPlaceOnUnorderedEventList), (8 bytes).
    Removing tasks.o(.ARM.exidx.text.vTaskPlaceOnEventListRestricted), (8 bytes).
    Removing tasks.o(.ARM.exidx.text.xTaskRemoveFromEventList), (8 bytes).
    Removing tasks.o(.ARM.exidx.text.vTaskRemoveFromUnorderedEventList), (8 bytes).
    Removing tasks.o(.text.vTaskSetTimeOutState), (38 bytes).
    Removing tasks.o(.ARM.exidx.text.vTaskSetTimeOutState), (8 bytes).
    Removing tasks.o(.ARM.exidx.text.vTaskInternalSetTimeOutState), (8 bytes).
    Removing tasks.o(.ARM.exidx.text.xTaskCheckForTimeOut), (8 bytes).
    Removing tasks.o(.ARM.exidx.text.vTaskMissedYield), (8 bytes).
    Removing tasks.o(.text.uxTaskGetTaskNumber), (10 bytes).
    Removing tasks.o(.ARM.exidx.text.uxTaskGetTaskNumber), (8 bytes).
    Removing tasks.o(.text.vTaskSetTaskNumber), (8 bytes).
    Removing tasks.o(.ARM.exidx.text.vTaskSetTaskNumber), (8 bytes).
    Removing tasks.o(.text.vTaskGetInfo), (126 bytes).
    Removing tasks.o(.ARM.exidx.text.vTaskGetInfo), (8 bytes).
    Removing tasks.o(.text.prvTaskCheckFreeStackSpace), (32 bytes).
    Removing tasks.o(.ARM.exidx.text.prvTaskCheckFreeStackSpace), (8 bytes).
    Removing tasks.o(.text.uxTaskGetStackHighWaterMark), (22 bytes).
    Removing tasks.o(.ARM.exidx.text.uxTaskGetStackHighWaterMark), (8 bytes).
    Removing tasks.o(.ARM.exidx.text.xTaskGetCurrentTaskHandle), (8 bytes).
    Removing tasks.o(.ARM.exidx.text.xTaskGetSchedulerState), (8 bytes).
    Removing tasks.o(.ARM.exidx.text.xTaskPriorityInherit), (8 bytes).
    Removing tasks.o(.ARM.exidx.text.xTaskPriorityDisinherit), (8 bytes).
    Removing tasks.o(.ARM.exidx.text.vTaskPriorityDisinheritAfterTimeout), (8 bytes).
    Removing tasks.o(.ARM.exidx.text.uxTaskResetEventItemValue), (8 bytes).
    Removing tasks.o(.ARM.exidx.text.pvTaskIncrementMutexHeldCount), (8 bytes).
    Removing tasks.o(.text.ulTaskGenericNotifyTake), (128 bytes).
    Removing tasks.o(.ARM.exidx.text.ulTaskGenericNotifyTake), (8 bytes).
    Removing tasks.o(.text.xTaskGenericNotifyWait), (160 bytes).
    Removing tasks.o(.ARM.exidx.text.xTaskGenericNotifyWait), (8 bytes).
    Removing tasks.o(.text.xTaskGenericNotify), (250 bytes).
    Removing tasks.o(.ARM.exidx.text.xTaskGenericNotify), (8 bytes).
    Removing tasks.o(.text.xTaskGenericNotifyFromISR), (302 bytes).
    Removing tasks.o(.ARM.exidx.text.xTaskGenericNotifyFromISR), (8 bytes).
    Removing tasks.o(.text.vTaskGenericNotifyGiveFromISR), (236 bytes).
    Removing tasks.o(.ARM.exidx.text.vTaskGenericNotifyGiveFromISR), (8 bytes).
    Removing tasks.o(.text.xTaskGenericNotifyStateClear), (46 bytes).
    Removing tasks.o(.ARM.exidx.text.xTaskGenericNotifyStateClear), (8 bytes).
    Removing tasks.o(.text.ulTaskGenericNotifyValueClear), (44 bytes).
    Removing tasks.o(.ARM.exidx.text.ulTaskGenericNotifyValueClear), (8 bytes).
    Removing tasks.o(.ARM.exidx.text.prvInitialiseTaskLists), (8 bytes).
    Removing tasks.o(.ARM.exidx.text.prvCheckTasksWaitingTermination), (8 bytes).
    Removing timers.o(.text), (0 bytes).
    Removing timers.o(.ARM.exidx.text.xTimerCreateTimerTask), (8 bytes).
    Removing timers.o(.ARM.exidx.text.prvCheckForValidListAndQueue), (8 bytes).
    Removing timers.o(.ARM.exidx.text.prvTimerTask), (8 bytes).
    Removing timers.o(.text.xTimerCreate), (56 bytes).
    Removing timers.o(.ARM.exidx.text.xTimerCreate), (8 bytes).
    Removing timers.o(.text.prvInitialiseNewTimer), (62 bytes).
    Removing timers.o(.ARM.exidx.text.prvInitialiseNewTimer), (8 bytes).
    Removing timers.o(.text.xTimerCreateStatic), (32 bytes).
    Removing timers.o(.ARM.exidx.text.xTimerCreateStatic), (8 bytes).
    Removing timers.o(.text.xTimerGenericCommand), (86 bytes).
    Removing timers.o(.ARM.exidx.text.xTimerGenericCommand), (8 bytes).
    Removing timers.o(.text.xTimerGetTimerDaemonTaskHandle), (12 bytes).
    Removing timers.o(.ARM.exidx.text.xTimerGetTimerDaemonTaskHandle), (8 bytes).
    Removing timers.o(.text.xTimerGetPeriod), (4 bytes).
    Removing timers.o(.ARM.exidx.text.xTimerGetPeriod), (8 bytes).
    Removing timers.o(.text.vTimerSetReloadMode), (36 bytes).
    Removing timers.o(.ARM.exidx.text.vTimerSetReloadMode), (8 bytes).
    Removing timers.o(.text.xTimerGetReloadMode), (24 bytes).
    Removing timers.o(.ARM.exidx.text.xTimerGetReloadMode), (8 bytes).
    Removing timers.o(.text.uxTimerGetReloadMode), (8 bytes).
    Removing timers.o(.ARM.exidx.text.uxTimerGetReloadMode), (8 bytes).
    Removing timers.o(.text.xTimerGetExpiryTime), (4 bytes).
    Removing timers.o(.ARM.exidx.text.xTimerGetExpiryTime), (8 bytes).
    Removing timers.o(.text.pcTimerGetName), (4 bytes).
    Removing timers.o(.ARM.exidx.text.pcTimerGetName), (8 bytes).
    Removing timers.o(.text.xTimerIsTimerActive), (24 bytes).
    Removing timers.o(.ARM.exidx.text.xTimerIsTimerActive), (8 bytes).
    Removing timers.o(.text.pvTimerGetTimerID), (18 bytes).
    Removing timers.o(.ARM.exidx.text.pvTimerGetTimerID), (8 bytes).
    Removing timers.o(.text.vTimerSetTimerID), (18 bytes).
    Removing timers.o(.ARM.exidx.text.vTimerSetTimerID), (8 bytes).
    Removing timers.o(.ARM.exidx.text.xTimerPendFunctionCallFromISR), (8 bytes).
    Removing timers.o(.text.xTimerPendFunctionCall), (42 bytes).
    Removing timers.o(.ARM.exidx.text.xTimerPendFunctionCall), (8 bytes).
    Removing timers.o(.text.uxTimerGetTimerNumber), (4 bytes).
    Removing timers.o(.ARM.exidx.text.uxTimerGetTimerNumber), (8 bytes).
    Removing timers.o(.text.vTimerSetTimerNumber), (4 bytes).
    Removing timers.o(.ARM.exidx.text.vTimerSetTimerNumber), (8 bytes).
    Removing timers.o(.ARM.exidx.text.prvGetNextExpireTime), (8 bytes).
    Removing timers.o(.ARM.exidx.text.prvProcessTimerOrBlockTask), (8 bytes).
    Removing timers.o(.ARM.exidx.text.prvProcessReceivedCommands), (8 bytes).
    Removing timers.o(.ARM.exidx.text.prvSampleTimeNow), (8 bytes).
    Removing timers.o(.ARM.exidx.text.prvProcessExpiredTimer), (8 bytes).
    Removing timers.o(.ARM.exidx.text.prvSwitchTimerLists), (8 bytes).
    Removing timers.o(.ARM.exidx.text.prvReloadTimer), (8 bytes).
    Removing timers.o(.ARM.exidx.text.prvInsertTimerInActiveList), (8 bytes).

1093 unused section(s) (total 21974 bytes) removed from the image.

==============================================================================

Memory Map of the image

  Image Entry point : 0x08000131

  Load Region LR_IROM1 (Base: 0x08000000, Size: 0x00009b40, Max: 0x0000fc00, ABSOLUTE, COMPRESSED[0x000099a8])

    Execution Region ER_IROM1 (Exec base: 0x08000000, Load base: 0x08000000, Size: 0x00009814, Max: 0x0000fc00, ABSOLUTE)

    Exec Addr    Load Addr    Size         Type   Attr      Idx    E Section Name        Object

    0x08000000   0x08000000   0x00000130   Data   RO         1396    RESET               startup_gd32f10x_hd.o
    0x08000130   0x08000130   0x00000000   Code   RO         1858  * .ARM.Collect$$$$00000000  mc_w.l(entry.o)
    0x08000130   0x08000130   0x00000004   Code   RO         1917    .ARM.Collect$$$$00000001  mc_w.l(entry2.o)
    0x08000134   0x08000134   0x00000004   Code   RO         1920    .ARM.Collect$$$$00000004  mc_w.l(entry5.o)
    0x08000138   0x08000138   0x00000000   Code   RO         1922    .ARM.Collect$$$$00000008  mc_w.l(entry7b.o)
    0x08000138   0x08000138   0x00000000   Code   RO         1924    .ARM.Collect$$$$0000000A  mc_w.l(entry8b.o)
    0x08000138   0x08000138   0x00000008   Code   RO         1925    .ARM.Collect$$$$0000000B  mc_w.l(entry9a.o)
    0x08000140   0x08000140   0x00000000   Code   RO         1927    .ARM.Collect$$$$0000000D  mc_w.l(entry10a.o)
    0x08000140   0x08000140   0x00000000   Code   RO         1929    .ARM.Collect$$$$0000000F  mc_w.l(entry11a.o)
    0x08000140   0x08000140   0x00000004   Code   RO         1918    .ARM.Collect$$$$00002712  mc_w.l(entry2.o)
    0x08000144   0x08000144   0x00000024   Code   RO         1397    .text               startup_gd32f10x_hd.o
    0x08000168   0x08000168   0x00000040   Code   RO         1863    .text               mc_w.l(memmovea.o)
    0x080001a8   0x080001a8   0x00000024   Code   RO         1865    .text               mc_w.l(memseta.o)
    0x080001cc   0x080001cc   0x0000000e   Code   RO         1867    .text               mc_w.l(strlen.o)
    0x080001da   0x080001da   0x00000064   Code   RO         1873    .text               mf_w.l(fmul.o)
    0x0800023e   0x0800023e   0x0000007c   Code   RO         1875    .text               mf_w.l(fdiv.o)
    0x080002ba   0x080002ba   0x000000e4   Code   RO         1877    .text               mf_w.l(dmul.o)
    0x0800039e   0x0800039e   0x000000de   Code   RO         1879    .text               mf_w.l(ddiv.o)
    0x0800047c   0x0800047c   0x0000000a   Code   RO         1881    .text               mf_w.l(ffltui.o)
    0x08000486   0x08000486   0x0000001a   Code   RO         1883    .text               mf_w.l(dfltui.o)
    0x080004a0   0x080004a0   0x00000032   Code   RO         1885    .text               mf_w.l(ffixi.o)
    0x080004d2   0x080004d2   0x0000003e   Code   RO         1887    .text               mf_w.l(dfixi.o)
    0x08000510   0x08000510   0x00000020   Code   RO         1931    .text               mc_w.l(llushr.o)
    0x08000530   0x08000530   0x00000000   Code   RO         1940    .text               mc_w.l(iusefp.o)
    0x08000530   0x08000530   0x0000006e   Code   RO         1941    .text               mf_w.l(fepilogue.o)
    0x0800059e   0x0800059e   0x000000ba   Code   RO         1943    .text               mf_w.l(depilogue.o)
    0x08000658   0x08000658   0x00000024   Code   RO         1949    .text               mc_w.l(init.o)
    0x0800067c   0x0800067c   0x0000001e   Code   RO         1951    .text               mc_w.l(llshl.o)
    0x0800069a   0x0800069a   0x0000014e   Code   RO         1953    .text               mf_w.l(dadd.o)
    0x080007e8   0x080007e8   0x0000002e   Code   RO         1955    .text               mf_w.l(dscalb.o)
    0x08000816   0x08000816   0x00000022   Code   RO         1957    .text               mf_w.l(dflti.o)
    0x08000838   0x08000838   0x00000024   Code   RO         1959    .text               mc_w.l(llsshr.o)
    0x0800085c   0x0800085c   0x00000056   Code   RO         1969    .text               mc_w.l(__dczerorl2.o)
    0x080008b2   0x080008b2   0x00000002   PAD
    0x080008b4   0x080008b4   0x00000002   Code   RO          568    .text.BusFault_Handler  gd32f10x_it.o
    0x080008b6   0x080008b6   0x00000002   PAD
    0x080008b8   0x080008b8   0x00000010   Code   RO          578    .text.CAN0_EWMC_IRQHandler  gd32f10x_it.o
    0x080008c8   0x080008c8   0x00000012   Code   RO          574    .text.CAN0_RX1_IRQHandler  gd32f10x_it.o
    0x080008da   0x080008da   0x00000002   PAD
    0x080008dc   0x080008dc   0x0000005c   Code   RO          145    .text.CAN_GetRxMessage  co_driver_st32f103.o
    0x08000938   0x08000938   0x0000006c   Code   RO          143    .text.CAN_SendMessage  co_driver_st32f103.o
    0x080009a4   0x080009a4   0x0000003e   Code   RO          215    .text.CO_CANinit    canopen.o
    0x080009e2   0x080009e2   0x00000002   PAD
    0x080009e4   0x080009e4   0x0000001c   Code   RO          127    .text.CO_CANmodule_disable  co_driver_st32f103.o
    0x08000a00   0x08000a00   0x00000128   Code   RO          125    .text.CO_CANmodule_init  co_driver_st32f103.o
    0x08000b28   0x08000b28   0x00000018   Code   RO          141    .text.CO_CANmodule_process  co_driver_st32f103.o
    0x08000b40   0x08000b40   0x000000de   Code   RO          219    .text.CO_CANopenInit  canopen.o
    0x08000c1e   0x08000c1e   0x00000002   PAD
    0x08000c20   0x08000c20   0x0000011e   Code   RO          221    .text.CO_CANopenInitPDO  canopen.o
    0x08000d3e   0x08000d3e   0x00000002   PAD
    0x08000d40   0x08000d40   0x0000005e   Code   RO          129    .text.CO_CANrxBufferInit  co_driver_st32f103.o
    0x08000d9e   0x08000d9e   0x00000002   PAD
    0x08000da0   0x08000da0   0x00000048   Code   RO          135    .text.CO_CANsend    co_driver_st32f103.o
    0x08000de8   0x08000de8   0x0000001c   Code   RO          121    .text.CO_CANsetConfigurationMode  co_driver_st32f103.o
    0x08000e04   0x08000e04   0x00000024   Code   RO          123    .text.CO_CANsetNormalMode  co_driver_st32f103.o
    0x08000e28   0x08000e28   0x00000042   Code   RO          131    .text.CO_CANtxBufferInit  co_driver_st32f103.o
    0x08000e6a   0x08000e6a   0x00000002   PAD
    0x08000e6c   0x08000e6c   0x0000014a   Code   RO          250    .text.CO_EM_init    co_emergency.o
    0x08000fb6   0x08000fb6   0x00000002   PAD
    0x08000fb8   0x08000fb8   0x000001c2   Code   RO          264    .text.CO_EM_process  co_emergency.o
    0x0800117a   0x0800117a   0x00000002   PAD
    0x0800117c   0x0800117c   0x00000040   Code   RO          217    .text.CO_LSSinit    canopen.o
    0x080011bc   0x080011bc   0x000000bc   Code   RO          409    .text.CO_LSSslave_init  co_lssslave.o
    0x08001278   0x08001278   0x00000208   Code   RO          419    .text.CO_LSSslave_process  co_lssslave.o
    0x08001480   0x08001480   0x00000156   Code   RO          411    .text.CO_LSSslave_receive  co_lssslave.o
    0x080015d6   0x080015d6   0x00000002   PAD
    0x080015d8   0x080015d8   0x0000000c   Code   RO          225    .text.CO_NMT_getInternalState  canopen.o
    0x080015e4   0x080015e4   0x000000fa   Code   RO          284    .text.CO_NMT_init   co_nmt_heartbeat.o
    0x080016de   0x080016de   0x00000002   PAD
    0x080016e0   0x080016e0   0x00000130   Code   RO          296    .text.CO_NMT_process  co_nmt_heartbeat.o
    0x08001810   0x08001810   0x0000001c   Code   RO          294    .text.CO_NMT_receive  co_nmt_heartbeat.o
    0x0800182c   0x0800182c   0x00000050   Code   RO          320    .text.CO_PDO_receive  co_pdo.o
    0x0800187c   0x0800187c   0x00000196   Code   RO          312    .text.CO_RPDO_init  co_pdo.o
    0x08001a12   0x08001a12   0x00000002   PAD
    0x08001a14   0x08001a14   0x0000015e   Code   RO          332    .text.CO_RPDO_process  co_pdo.o
    0x08001b72   0x08001b72   0x00000002   PAD
    0x08001b74   0x08001b74   0x0000002a   Code   RO          395    .text.CO_SDO_receive  co_sdoserver.o
    0x08001b9e   0x08001b9e   0x00000002   PAD
    0x08001ba0   0x08001ba0   0x00000194   Code   RO          367    .text.CO_SDOserver_init  co_sdoserver.o
    0x08001d34   0x08001d34   0x00000090   Code   RO          381    .text.CO_SDOserver_init_canRxTx  co_sdoserver.o
    0x08001dc4   0x08001dc4   0x0000054a   Code   RO          383    .text.CO_SDOserver_process  co_sdoserver.o
    0x0800230e   0x0800230e   0x00000002   PAD
    0x08002310   0x08002310   0x00000204   Code   RO          334    .text.CO_TPDO_init  co_pdo.o
    0x08002514   0x08002514   0x000000a6   Code   RO          340    .text.CO_TPDO_process  co_pdo.o
    0x080025ba   0x080025ba   0x00000002   PAD
    0x080025bc   0x080025bc   0x000000ce   Code   RO          342    .text.CO_TPDOsend   co_pdo.o
    0x0800268a   0x0800268a   0x00000002   PAD
    0x0800268c   0x0800268c   0x000000b6   Code   RO          266    .text.CO_error      co_emergency.o
    0x08002742   0x08002742   0x00000002   PAD
    0x08002744   0x08002744   0x00000010   Code   RO          300    .text.CO_getErrorRegister  co_nmt_heartbeat.o
    0x08002754   0x08002754   0x00000004   Code   RO           89    .text.CO_getUint16  process.o
    0x08002758   0x08002758   0x00000004   Code   RO          302    .text.CO_getUint16  co_nmt_heartbeat.o
    0x0800275c   0x0800275c   0x00000004   Code   RO          356    .text.CO_getUint16  co_pdo.o
    0x08002760   0x08002760   0x00000004   Code   RO          350    .text.CO_getUint32  co_pdo.o
    0x08002764   0x08002764   0x00000004   Code   RO          391    .text.CO_getUint32  co_sdoserver.o
    0x08002768   0x08002768   0x00000004   Code   RO           91    .text.CO_getUint8   process.o
    0x0800276c   0x0800276c   0x00000004   Code   RO          272    .text.CO_getUint8   co_emergency.o
    0x08002770   0x08002770   0x00000004   Code   RO          354    .text.CO_getUint8   co_pdo.o
    0x08002774   0x08002774   0x00000004   Code   RO          393    .text.CO_getUint8   co_sdoserver.o
    0x08002778   0x08002778   0x00000020   Code   RO          298    .text.CO_isError    co_nmt_heartbeat.o
    0x08002798   0x08002798   0x00000074   Code   RO          209    .text.CO_new        canopen.o
    0x0800280c   0x0800280c   0x00000088   Code   RO          223    .text.CO_process    canopen.o
    0x08002894   0x08002894   0x00000044   Code   RO          227    .text.CO_process_RPDO  canopen.o
    0x080028d8   0x080028d8   0x00000032   Code   RO          229    .text.CO_process_TPDO  canopen.o
    0x0800290a   0x0800290a   0x00000002   PAD
    0x0800290c   0x0800290c   0x00000004   Code   RO          268    .text.CO_setUint32  co_emergency.o
    0x08002910   0x08002910   0x00000004   Code   RO          352    .text.CO_setUint32  co_pdo.o
    0x08002914   0x08002914   0x00000004   Code   RO          270    .text.CO_setUint8   co_emergency.o
    0x08002918   0x08002918   0x00000002   Code   RO          572    .text.DebugMon_Handler  gd32f10x_it.o
    0x0800291a   0x0800291a   0x00000002   PAD
    0x0800291c   0x0800291c   0x00000006   Code   RO            8    .text.Error_Handler  main.o
    0x08002922   0x08002922   0x00000002   PAD
    0x08002924   0x08002924   0x00000020   Code   RO          149    .text.HAL_CAN_ErrorCallback  co_driver_st32f103.o
    0x08002944   0x08002944   0x00000002   Code   RO          564    .text.HardFault_Handler  gd32f10x_it.o
    0x08002946   0x08002946   0x00000002   PAD
    0x08002948   0x08002948   0x0000002e   Code   RO          614    .text.IRQ_Context   cmsis_os2.o
    0x08002976   0x08002976   0x00000002   PAD
    0x08002978   0x08002978   0x00000060   Code   RO          520    .text.InitBaseTick  init.o
    0x080029d8   0x080029d8   0x0000001e   Code   RO          433    .text.MEM_If_Read_FS  flash_data.o
    0x080029f6   0x080029f6   0x00000002   PAD
    0x080029f8   0x080029f8   0x00000032   Code   RO          451    .text.MEM_If_Write_FS  flash_data.o
    0x08002a2a   0x08002a2a   0x00000002   PAD
    0x08002a2c   0x08002a2c   0x000000be   Code   RO          530    .text.MX_CAN_Init   init.o
    0x08002aea   0x08002aea   0x00000002   PAD
    0x08002aec   0x08002aec   0x00000094   Code   RO          518    .text.MX_GPIO_Init  init.o
    0x08002b80   0x08002b80   0x00000012   Code   RO          532    .text.MX_IWDG_Init  init.o
    0x08002b92   0x08002b92   0x00000002   PAD
    0x08002b94   0x08002b94   0x00000054   Code   RO          516    .text.MX_RCU_Init   init.o
    0x08002be8   0x08002be8   0x00000038   Code   RO          524    .text.MX_SPI2_Init  init.o
    0x08002c20   0x08002c20   0x0000013a   Code   RO          526    .text.MX_TIM1_Init  init.o
    0x08002d5a   0x08002d5a   0x00000002   PAD
    0x08002d5c   0x08002d5c   0x00000050   Code   RO          528    .text.MX_TIM3_Init  init.o
    0x08002dac   0x08002dac   0x00000002   Code   RO          566    .text.MemManage_Handler  gd32f10x_it.o
    0x08002dae   0x08002dae   0x00000002   PAD
    0x08002db0   0x08002db0   0x00000002   Code   RO          562    .text.NMI_Handler   gd32f10x_it.o
    0x08002db2   0x08002db2   0x00000002   PAD
    0x08002db4   0x08002db4   0x00000008   Code   RO           81    .text.OD_extension_init  process.o
    0x08002dbc   0x08002dbc   0x0000000c   Code   RO          258    .text.OD_extension_init  co_emergency.o
    0x08002dc8   0x08002dc8   0x0000000c   Code   RO          292    .text.OD_extension_init  co_nmt_heartbeat.o
    0x08002dd4   0x08002dd4   0x00000008   Code   RO          330    .text.OD_extension_init  co_pdo.o
    0x08002ddc   0x08002ddc   0x0000000c   Code   RO          379    .text.OD_extension_init  co_sdoserver.o
    0x08002de8   0x08002de8   0x00000072   Code   RO          184    .text.OD_find       co_odinterface.o
    0x08002e5a   0x08002e5a   0x00000002   PAD
    0x08002e5c   0x08002e5c   0x00000012   Code   RO           83    .text.OD_getFlagsPDO  process.o
    0x08002e6e   0x08002e6e   0x00000002   PAD
    0x08002e70   0x08002e70   0x0000000a   Code   RO          252    .text.OD_getIndex   co_emergency.o
    0x08002e7a   0x08002e7a   0x00000002   PAD
    0x08002e7c   0x08002e7c   0x0000000a   Code   RO          288    .text.OD_getIndex   co_nmt_heartbeat.o
    0x08002e86   0x08002e86   0x00000002   PAD
    0x08002e88   0x08002e88   0x0000000a   Code   RO          318    .text.OD_getIndex   co_pdo.o
    0x08002e92   0x08002e92   0x00000002   PAD
    0x08002e94   0x08002e94   0x0000000a   Code   RO          369    .text.OD_getIndex   co_sdoserver.o
    0x08002e9e   0x08002e9e   0x00000002   PAD
    0x08002ea0   0x08002ea0   0x00000046   Code   RO          198    .text.OD_getPtr     co_odinterface.o
    0x08002ee6   0x08002ee6   0x00000002   PAD
    0x08002ee8   0x08002ee8   0x0000001c   Code   RO          192    .text.OD_getSDOabCode  co_odinterface.o
    0x08002f04   0x08002f04   0x0000010e   Code   RO          186    .text.OD_getSub     co_odinterface.o
    0x08003012   0x08003012   0x00000002   PAD
    0x08003014   0x08003014   0x0000001a   Code   RO          286    .text.OD_get_u16    co_nmt_heartbeat.o
    0x0800302e   0x0800302e   0x00000002   PAD
    0x08003030   0x08003030   0x00000016   Code   RO          322    .text.OD_get_u16    co_pdo.o
    0x08003046   0x08003046   0x00000002   PAD
    0x08003048   0x08003048   0x0000001a   Code   RO          254    .text.OD_get_u32    co_emergency.o
    0x08003062   0x08003062   0x00000002   PAD
    0x08003064   0x08003064   0x00000016   Code   RO          316    .text.OD_get_u32    co_pdo.o
    0x0800307a   0x0800307a   0x00000002   PAD
    0x0800307c   0x0800307c   0x00000016   Code   RO          375    .text.OD_get_u32    co_sdoserver.o
    0x08003092   0x08003092   0x00000002   PAD
    0x08003094   0x08003094   0x00000016   Code   RO          336    .text.OD_get_u8     co_pdo.o
    0x080030aa   0x080030aa   0x00000002   PAD
    0x080030ac   0x080030ac   0x0000001a   Code   RO          373    .text.OD_get_u8     co_sdoserver.o
    0x080030c6   0x080030c6   0x00000002   PAD
    0x080030c8   0x080030c8   0x00000040   Code   RO          194    .text.OD_get_value  co_odinterface.o
    0x08003108   0x08003108   0x00000014   Code   RO          387    .text.OD_mappable   co_sdoserver.o
    0x0800311c   0x0800311c   0x00000004   Code   RO          188    .text.OD_readDisabled  co_odinterface.o
    0x08003120   0x08003120   0x0000006c   Code   RO          180    .text.OD_readOriginal  co_odinterface.o
    0x0800318c   0x0800318c   0x00000086   Code   RO          260    .text.OD_read_1003  co_emergency.o
    0x08003212   0x08003212   0x00000002   PAD
    0x08003214   0x08003214   0x00000044   Code   RO          256    .text.OD_read_1014_default  co_emergency.o
    0x08003258   0x08003258   0x0000005a   Code   RO          324    .text.OD_read_PDO_commParam  co_pdo.o
    0x080032b2   0x080032b2   0x00000002   PAD
    0x080032b4   0x080032b4   0x00000032   Code   RO          346    .text.OD_read_dummy  co_pdo.o
    0x080032e6   0x080032e6   0x00000002   PAD
    0x080032e8   0x080032e8   0x00000010   Code   RO           87    .text.OD_requestTPDO  process.o
    0x080032f8   0x080032f8   0x0000001a   Code   RO          371    .text.OD_set_u32    co_sdoserver.o
    0x08003312   0x08003312   0x00000002   PAD
    0x08003314   0x08003314   0x00000038   Code   RO          196    .text.OD_set_value  co_odinterface.o
    0x0800334c   0x0800334c   0x00000030   Code   RO           71    .text.OD_writeBITRATE  process.o
    0x0800337c   0x0800337c   0x000000a2   Code   RO           67    .text.OD_writeBRIGTH  process.o
    0x0800341e   0x0800341e   0x00000002   PAD
    0x08003420   0x08003420   0x0000004c   Code   RO           65    .text.OD_writeBlink  process.o
    0x0800346c   0x0800346c   0x00000004   Code   RO          190    .text.OD_writeDisabled  co_odinterface.o
    0x08003470   0x08003470   0x00000056   Code   RO           75    .text.OD_writeKeyboardParametr  process.o
    0x080034c6   0x080034c6   0x00000002   PAD
    0x080034c8   0x080034c8   0x0000004a   Code   RO           63    .text.OD_writeLed   process.o
    0x08003512   0x08003512   0x00000002   PAD
    0x08003514   0x08003514   0x00000030   Code   RO           73    .text.OD_writeNMT   process.o
    0x08003544   0x08003544   0x00000032   Code   RO           69    .text.OD_writeNode  process.o
    0x08003576   0x08003576   0x00000002   PAD
    0x08003578   0x08003578   0x0000006c   Code   RO          182    .text.OD_writeOriginal  co_odinterface.o
    0x080035e4   0x080035e4   0x00000054   Code   RO           77    .text.OD_writePWM   process.o
    0x08003638   0x08003638   0x0000003c   Code   RO          262    .text.OD_write_1003  co_emergency.o
    0x08003674   0x08003674   0x00000050   Code   RO          290    .text.OD_write_1017  co_nmt_heartbeat.o
    0x080036c4   0x080036c4   0x000001a0   Code   RO          377    .text.OD_write_1201_additional  co_sdoserver.o
    0x08003864   0x08003864   0x00000182   Code   RO          326    .text.OD_write_14xx  co_pdo.o
    0x080039e6   0x080039e6   0x00000002   PAD
    0x080039e8   0x080039e8   0x000001ae   Code   RO          338    .text.OD_write_18xx  co_pdo.o
    0x08003b96   0x08003b96   0x00000002   PAD
    0x08003b98   0x08003b98   0x000000da   Code   RO          328    .text.OD_write_PDO_mapping  co_pdo.o
    0x08003c72   0x08003c72   0x00000002   PAD
    0x08003c74   0x08003c74   0x0000000a   Code   RO          348    .text.OD_write_dummy  co_pdo.o
    0x08003c7e   0x08003c7e   0x00000002   PAD
    0x08003c80   0x08003c80   0x00000120   Code   RO          314    .text.PDO_initMapping  co_pdo.o
    0x08003da0   0x08003da0   0x00000110   Code   RO          344    .text.PDOconfigMap  co_pdo.o
    0x08003eb0   0x08003eb0   0x00000044   Code   RO         1494    .text.PendSV_Handler  port.o
    0x08003ef4   0x08003ef4   0x0000000c   PAD
    0x08003f00   0x08003f00   0x00000024   Code   RO         1480    .text.SVC_Handler   port.o
    0x08003f24   0x08003f24   0x00000008   Code   RO          622    .text.SVC_Setup     cmsis_os2.o
    0x08003f2c   0x08003f2c   0x00000038   Code   RO            4    .text.StartDefaultTask  main.o
    0x08003f64   0x08003f64   0x0000002a   Code   RO          593    .text.SysTick_Config  systick.o
    0x08003f8e   0x08003f8e   0x00000002   PAD
    0x08003f90   0x08003f90   0x0000001a   Code   RO          610    .text.SysTick_Handler  cmsis_os2.o
    0x08003faa   0x08003faa   0x00000002   PAD
    0x08003fac   0x08003fac   0x000000b0   Code   RO         1404    .text.SystemInit    system_gd32f10x.o
    0x0800405c   0x0800405c   0x0000002a   Code   RO          591    .text.SystickConfig  systick.o
    0x08004086   0x08004086   0x00000002   PAD
    0x08004088   0x08004088   0x00000026   Code   RO          582    .text.TIMER3_IRQHandler  gd32f10x_it.o
    0x080040ae   0x080040ae   0x00000002   PAD
    0x080040b0   0x080040b0   0x00000062   Code   RO          580    .text.USBD_HP_CAN0_TX_IRQHandler  gd32f10x_it.o
    0x08004112   0x08004112   0x00000002   PAD
    0x08004114   0x08004114   0x00000012   Code   RO          576    .text.USBD_LP_CAN0_RX0_IRQHandler  gd32f10x_it.o
    0x08004126   0x08004126   0x00000002   PAD
    0x08004128   0x08004128   0x00000002   Code   RO          570    .text.UsageFault_Handler  gd32f10x_it.o
    0x0800412a   0x0800412a   0x00000002   PAD
    0x0800412c   0x0800412c   0x0000000e   Code   RO          595    .text.__NVIC_SetPriority  systick.o
    0x0800413a   0x0800413a   0x00000002   PAD
    0x0800413c   0x0800413c   0x0000000e   Code   RO          772    .text.__NVIC_SetPriority  cmsis_os2.o
    0x0800414a   0x0800414a   0x00000002   PAD
    0x0800414c   0x0800414c   0x00000024   Code   RO           47    .text.__NVIC_SystemReset  canopennode.o
    0x08004170   0x08004170   0x00000048   Code   RO          481    .text.calcBrigt     led.o
    0x080041b8   0x080041b8   0x00000026   Code   RO          817    .text.can_deinit    gd32f10x_can.o
    0x080041de   0x080041de   0x00000002   PAD
    0x080041e0   0x080041e0   0x00000008   Code   RO          851    .text.can_error_get  gd32f10x_can.o
    0x080041e8   0x080041e8   0x000000b2   Code   RO          823    .text.can_filter_init  gd32f10x_can.o
    0x0800429a   0x0800429a   0x00000002   PAD
    0x0800429c   0x0800429c   0x000000f2   Code   RO          821    .text.can_init      gd32f10x_can.o
    0x0800438e   0x0800438e   0x00000002   PAD
    0x08004390   0x08004390   0x00000008   Code   RO          857    .text.can_interrupt_enable  gd32f10x_can.o
    0x08004398   0x08004398   0x00000038   Code   RO          867    .text.can_interrupt_flag_clear  gd32f10x_can.o
    0x080043d0   0x080043d0   0x00000062   Code   RO          865    .text.can_interrupt_flag_get  gd32f10x_can.o
    0x08004432   0x08004432   0x00000002   PAD
    0x08004434   0x08004434   0x000000a6   Code   RO          841    .text.can_message_receive  gd32f10x_can.o
    0x080044da   0x080044da   0x00000002   PAD
    0x080044dc   0x080044dc   0x000000a2   Code   RO          835    .text.can_message_transmit  gd32f10x_can.o
    0x0800457e   0x0800457e   0x00000002   PAD
    0x08004580   0x08004580   0x00000018   Code   RO          845    .text.can_receive_message_length_get  gd32f10x_can.o
    0x08004598   0x08004598   0x00000058   Code   RO          819    .text.can_struct_para_init  gd32f10x_can.o
    0x080045f0   0x080045f0   0x00000094   Code   RO          847    .text.can_working_mode_set  gd32f10x_can.o
    0x08004684   0x08004684   0x00000096   Code   RO          115    .text.co_drv_create_os_objects  co_driver_st32f103.o
    0x0800471a   0x0800471a   0x00000002   PAD
    0x0800471c   0x0800471c   0x0000001c   Code   RO          117    .text.co_drv_mutex_lock  co_driver_st32f103.o
    0x08004738   0x08004738   0x00000018   Code   RO          119    .text.co_drv_mutex_unlock  co_driver_st32f103.o
    0x08004750   0x08004750   0x00000018   Code   RO          917    .text.fmc_bank0_ready_wait  gd32f10x_fmc.o
    0x08004768   0x08004768   0x00000024   Code   RO          965    .text.fmc_bank0_state_get  gd32f10x_fmc.o
    0x0800478c   0x0800478c   0x00000018   Code   RO          919    .text.fmc_bank1_ready_wait  gd32f10x_fmc.o
    0x080047a4   0x080047a4   0x00000024   Code   RO          967    .text.fmc_bank1_state_get  gd32f10x_fmc.o
    0x080047c8   0x080047c8   0x0000002c   Code   RO          909    .text.fmc_lock      gd32f10x_fmc.o
    0x080047f4   0x080047f4   0x000000a6   Code   RO          915    .text.fmc_page_erase  gd32f10x_fmc.o
    0x0800489a   0x0800489a   0x00000002   PAD
    0x0800489c   0x0800489c   0x00000050   Code   RO          903    .text.fmc_unlock    gd32f10x_fmc.o
    0x080048ec   0x080048ec   0x00000090   Code   RO          927    .text.fmc_word_program  gd32f10x_fmc.o
    0x0800497c   0x0800497c   0x00000064   Code   RO          989    .text.fwdgt_config  gd32f10x_fwdgt.o
    0x080049e0   0x080049e0   0x00000010   Code   RO          987    .text.fwdgt_counter_reload  gd32f10x_fwdgt.o
    0x080049f0   0x080049f0   0x00000010   Code   RO          981    .text.fwdgt_enable  gd32f10x_fwdgt.o
    0x08004a00   0x08004a00   0x00000004   Code   RO         1009    .text.gpio_bit_reset  gd32f10x_gpio.o
    0x08004a04   0x08004a04   0x00000004   Code   RO         1007    .text.gpio_bit_set  gd32f10x_gpio.o
    0x08004a08   0x08004a08   0x000000a8   Code   RO         1005    .text.gpio_init     gd32f10x_gpio.o
    0x08004ab0   0x08004ab0   0x0000000a   Code   RO         1015    .text.gpio_input_bit_get  gd32f10x_gpio.o
    0x08004aba   0x08004aba   0x00000002   PAD
    0x08004abc   0x08004abc   0x00000074   Code   RO         1023    .text.gpio_pin_remap_config  gd32f10x_gpio.o
    0x08004b30   0x08004b30   0x000000f6   Code   RO            2    .text.main          main.o
    0x08004c26   0x08004c26   0x00000002   PAD
    0x08004c28   0x08004c28   0x00000048   Code   RO          522    .text.nvic_config   init.o
    0x08004c70   0x08004c70   0x00000068   Code   RO         1045    .text.nvic_irq_enable  gd32f10x_misc.o
    0x08004cd8   0x08004cd8   0x00000014   Code   RO         1043    .text.nvic_priority_group_set  gd32f10x_misc.o
    0x08004cec   0x08004cec   0x0000001c   Code   RO         1049    .text.nvic_vector_table_set  gd32f10x_misc.o
    0x08004d08   0x08004d08   0x00000022   Code   RO          674    .text.osDelay       cmsis_os2.o
    0x08004d2a   0x08004d2a   0x00000002   PAD
    0x08004d2c   0x08004d2c   0x00000048   Code   RO          692    .text.osEventFlagsNew  cmsis_os2.o
    0x08004d74   0x08004d74   0x00000014   Code   RO          630    .text.osKernelGetTickCount  cmsis_os2.o
    0x08004d88   0x08004d88   0x00000034   Code   RO          612    .text.osKernelInitialize  cmsis_os2.o
    0x08004dbc   0x08004dbc   0x0000003c   Code   RO          620    .text.osKernelStart  cmsis_os2.o
    0x08004df8   0x08004df8   0x00000052   Code   RO          706    .text.osMutexAcquire  cmsis_os2.o
    0x08004e4a   0x08004e4a   0x00000002   PAD
    0x08004e4c   0x08004e4c   0x0000007c   Code   RO          704    .text.osMutexNew    cmsis_os2.o
    0x08004ec8   0x08004ec8   0x0000003e   Code   RO          708    .text.osMutexRelease  cmsis_os2.o
    0x08004f06   0x08004f06   0x00000002   PAD
    0x08004f08   0x08004f08   0x00000070   Code   RO          716    .text.osSemaphoreAcquire  cmsis_os2.o
    0x08004f78   0x08004f78   0x000000b6   Code   RO          714    .text.osSemaphoreNew  cmsis_os2.o
    0x0800502e   0x0800502e   0x00000002   PAD
    0x08005030   0x08005030   0x00000066   Code   RO          718    .text.osSemaphoreRelease  cmsis_os2.o
    0x08005096   0x08005096   0x00000002   PAD
    0x08005098   0x08005098   0x000000ca   Code   RO          638    .text.osThreadNew   cmsis_os2.o
    0x08005162   0x08005162   0x00000002   PAD
    0x08005164   0x08005164   0x0000000c   Code   RO          544    .text.pGetKeyboardQueue  keyboard.o
    0x08005170   0x08005170   0x0000009c   Code   RO         1640    .text.prvAddCurrentTaskToDelayedList  tasks.o
    0x0800520c   0x0800520c   0x000000cc   Code   RO         1626    .text.prvAddNewTaskToReadyList  tasks.o
    0x080052d8   0x080052d8   0x0000006a   Code   RO         1778    .text.prvCheckForValidListAndQueue  timers.o
    0x08005342   0x08005342   0x00000002   PAD
    0x08005344   0x08005344   0x0000004e   Code   RO         1744    .text.prvCheckTasksWaitingTermination  tasks.o
    0x08005392   0x08005392   0x00000002   PAD
    0x08005394   0x08005394   0x00000026   Code   RO         1582    .text.prvCopyDataFromQueue  queue.o
    0x080053ba   0x080053ba   0x00000002   PAD
    0x080053bc   0x080053bc   0x0000007a   Code   RO         1570    .text.prvCopyDataToQueue  queue.o
    0x08005436   0x08005436   0x00000002   PAD
    0x08005438   0x08005438   0x00000020   Code   RO         1634    .text.prvDeleteTCB  tasks.o
    0x08005458   0x08005458   0x00000012   Code   RO         1586    .text.prvGetDisinheritPriorityAfterTimeout  queue.o
    0x0800546a   0x0800546a   0x00000002   PAD
    0x0800546c   0x0800546c   0x00000020   Code   RO         1818    .text.prvGetNextExpireTime  timers.o
    0x0800548c   0x0800548c   0x0000006a   Code   RO         1509    .text.prvHeapInit   heap_4.o
    0x080054f6   0x080054f6   0x00000002   PAD
    0x080054f8   0x080054f8   0x0000002a   Code   RO         1666    .text.prvIdleTask   tasks.o
    0x08005522   0x08005522   0x00000002   PAD
    0x08005524   0x08005524   0x00000020   Code   RO         1550    .text.prvInitialiseMutex  queue.o
    0x08005544   0x08005544   0x00000020   Code   RO         1544    .text.prvInitialiseNewQueue  queue.o
    0x08005564   0x08005564   0x00000086   Code   RO         1624    .text.prvInitialiseNewTask  tasks.o
    0x080055ea   0x080055ea   0x00000002   PAD
    0x080055ec   0x080055ec   0x00000070   Code   RO         1742    .text.prvInitialiseTaskLists  tasks.o
    0x0800565c   0x0800565c   0x00000062   Code   RO         1511    .text.prvInsertBlockIntoFreeList  heap_4.o
    0x080056be   0x080056be   0x00000002   PAD
    0x080056c0   0x080056c0   0x00000040   Code   RO         1832    .text.prvInsertTimerInActiveList  timers.o
    0x08005700   0x08005700   0x00000018   Code   RO         1584    .text.prvIsQueueEmpty  queue.o
    0x08005718   0x08005718   0x0000001c   Code   RO         1572    .text.prvIsQueueFull  queue.o
    0x08005734   0x08005734   0x00000020   Code   RO         1486    .text.prvPortStartFirstTask  port.o
    0x08005754   0x08005754   0x0000003e   Code   RO         1826    .text.prvProcessExpiredTimer  timers.o
    0x08005792   0x08005792   0x00000002   PAD
    0x08005794   0x08005794   0x000000fa   Code   RO         1822    .text.prvProcessReceivedCommands  timers.o
    0x0800588e   0x0800588e   0x00000002   PAD
    0x08005890   0x08005890   0x00000080   Code   RO         1820    .text.prvProcessTimerOrBlockTask  timers.o
    0x08005910   0x08005910   0x0000003a   Code   RO         1830    .text.prvReloadTimer  timers.o
    0x0800594a   0x0800594a   0x00000002   PAD
    0x0800594c   0x0800594c   0x00000026   Code   RO         1632    .text.prvResetNextTaskUnblockTime  tasks.o
    0x08005972   0x08005972   0x00000002   PAD
    0x08005974   0x08005974   0x0000002a   Code   RO         1824    .text.prvSampleTimeNow  timers.o
    0x0800599e   0x0800599e   0x00000002   PAD
    0x080059a0   0x080059a0   0x00000034   Code   RO         1828    .text.prvSwitchTimerLists  timers.o
    0x080059d4   0x080059d4   0x00000022   Code   RO         1478    .text.prvTaskExitError  port.o
    0x080059f6   0x080059f6   0x00000002   PAD
    0x080059f8   0x080059f8   0x00000018   Code   RO         1430    .text.prvTestWaitCondition  event_groups.o
    0x08005a10   0x08005a10   0x00000016   Code   RO         1780    .text.prvTimerTask  timers.o
    0x08005a26   0x08005a26   0x00000002   PAD
    0x08005a28   0x08005a28   0x00000072   Code   RO         1574    .text.prvUnlockQueue  queue.o
    0x08005a9a   0x08005a9a   0x00000002   PAD
    0x08005a9c   0x08005a9c   0x00000064   Code   RO          147    .text.prv_read_can_received_msg  co_driver_st32f103.o
    0x08005b00   0x08005b00   0x0000004c   Code   RO          137    .text.prv_send_can_message  co_driver_st32f103.o
    0x08005b4c   0x08005b4c   0x000000e2   Code   RO         1507    .text.pvPortMalloc  heap_4.o
    0x08005c2e   0x08005c2e   0x00000002   PAD
    0x08005c30   0x08005c30   0x00000018   Code   RO         1726    .text.pvTaskIncrementMutexHeldCount  tasks.o
    0x08005c48   0x08005c48   0x00000020   Code   RO         1476    .text.pxPortInitialiseStack  port.o
    0x08005c68   0x08005c68   0x000000b0   Code   RO         1171    .text.rcu_clock_freq_get  gd32f10x_rcu.o
    0x08005d18   0x08005d18   0x0000001e   Code   RO         1105    .text.rcu_periph_clock_enable  gd32f10x_rcu.o
    0x08005d36   0x08005d36   0x00000002   PAD
    0x08005d38   0x08005d38   0x00000020   Code   RO         1115    .text.rcu_periph_reset_disable  gd32f10x_rcu.o
    0x08005d58   0x08005d58   0x0000001e   Code   RO         1113    .text.rcu_periph_reset_enable  gd32f10x_rcu.o
    0x08005d76   0x08005d76   0x00000002   PAD
    0x08005d78   0x08005d78   0x000000e8   Code   RO          385    .text.readFromOd    co_sdoserver.o
    0x08005e60   0x08005e60   0x0000000a   Code   RO         1187    .text.spi_enable    gd32f10x_spi.o
    0x08005e6a   0x08005e6a   0x00000002   PAD
    0x08005e6c   0x08005e6c   0x00000010   Code   RO         1211    .text.spi_i2s_data_frame_format_config  gd32f10x_spi.o
    0x08005e7c   0x08005e7c   0x00000004   Code   RO         1215    .text.spi_i2s_data_transmit  gd32f10x_spi.o
    0x08005e80   0x08005e80   0x00000046   Code   RO         1181    .text.spi_i2s_deinit  gd32f10x_spi.o
    0x08005ec6   0x08005ec6   0x00000002   PAD
    0x08005ec8   0x08005ec8   0x0000000a   Code   RO         1233    .text.spi_i2s_flag_get  gd32f10x_spi.o
    0x08005ed2   0x08005ed2   0x00000002   PAD
    0x08005ed4   0x08005ed4   0x0000000a   Code   RO         1237    .text.spi_i2s_interrupt_disable  gd32f10x_spi.o
    0x08005ede   0x08005ede   0x00000002   PAD
    0x08005ee0   0x08005ee0   0x00000034   Code   RO         1185    .text.spi_init      gd32f10x_spi.o
    0x08005f14   0x08005f14   0x000000a0   Code   RO         1408    .text.system_clock_72m_hxtal  system_gd32f10x.o
    0x08005fb4   0x08005fb4   0x00000008   Code   RO         1406    .text.system_clock_config  system_gd32f10x.o
    0x08005fbc   0x08005fbc   0x0000000a   Code   RO         1259    .text.timer_auto_reload_shadow_enable  gd32f10x_timer.o
    0x08005fc6   0x08005fc6   0x00000002   PAD
    0x08005fc8   0x08005fc8   0x0000020a   Code   RO         1319    .text.timer_channel_output_config  gd32f10x_timer.o
    0x080061d2   0x080061d2   0x00000002   PAD
    0x080061d4   0x080061d4   0x0000003a   Code   RO         1321    .text.timer_channel_output_mode_config  gd32f10x_timer.o
    0x0800620e   0x0800620e   0x00000002   PAD
    0x08006210   0x08006210   0x0000000c   Code   RO         1323    .text.timer_channel_output_pulse_value_config  gd32f10x_timer.o
    0x0800621c   0x0800621c   0x0000003a   Code   RO         1325    .text.timer_channel_output_shadow_config  gd32f10x_timer.o
    0x08006256   0x08006256   0x00000002   PAD
    0x08006258   0x08006258   0x0000004a   Code   RO         1335    .text.timer_channel_output_state_config  gd32f10x_timer.o
    0x080062a2   0x080062a2   0x00000002   PAD
    0x080062a4   0x080062a4   0x00000004   Code   RO         1281    .text.timer_counter_read  gd32f10x_timer.o
    0x080062a8   0x080062a8   0x000000be   Code   RO         1249    .text.timer_deinit  gd32f10x_timer.o
    0x08006366   0x08006366   0x00000002   PAD
    0x08006368   0x08006368   0x0000000a   Code   RO         1255    .text.timer_enable  gd32f10x_timer.o
    0x08006372   0x08006372   0x00000002   PAD
    0x08006374   0x08006374   0x0000011c   Code   RO         1253    .text.timer_init    gd32f10x_timer.o
    0x08006490   0x08006490   0x0000000a   Code   RO         1363    .text.timer_internal_clock_config  gd32f10x_timer.o
    0x0800649a   0x0800649a   0x00000002   PAD
    0x0800649c   0x0800649c   0x00000008   Code   RO         1375    .text.timer_interrupt_enable  gd32f10x_timer.o
    0x080064a4   0x080064a4   0x00000006   Code   RO         1381    .text.timer_interrupt_flag_clear  gd32f10x_timer.o
    0x080064aa   0x080064aa   0x00000002   PAD
    0x080064ac   0x080064ac   0x00000016   Code   RO         1379    .text.timer_interrupt_flag_get  gd32f10x_timer.o
    0x080064c2   0x080064c2   0x00000002   PAD
    0x080064c4   0x080064c4   0x00000012   Code   RO         1251    .text.timer_struct_para_init  gd32f10x_timer.o
    0x080064d6   0x080064d6   0x00000002   PAD
    0x080064d8   0x080064d8   0x00000028   Code   RO         1466    .text.uxListRemove  list.o
    0x08006500   0x08006500   0x00000012   Code   RO         1594    .text.uxQueueMessagesWaiting  queue.o
    0x08006512   0x08006512   0x00000002   PAD
    0x08006514   0x08006514   0x0000000c   Code   RO         1676    .text.uxTaskGetNumberOfTasks  tasks.o
    0x08006520   0x08006520   0x0000001a   Code   RO         1724    .text.uxTaskResetEventItemValue  tasks.o
    0x0800653a   0x0800653a   0x00000002   PAD
    0x0800653c   0x0800653c   0x0000001a   Code   RO          768    .text.vApplicationGetIdleTaskMemory  cmsis_os2.o
    0x08006556   0x08006556   0x00000002   PAD
    0x08006558   0x08006558   0x0000001c   Code   RO          770    .text.vApplicationGetTimerTaskMemory  cmsis_os2.o
    0x08006574   0x08006574   0x00000002   Code   RO          766    .text.vApplicationStackOverflowHook  cmsis_os2.o
    0x08006576   0x08006576   0x00000002   PAD
    0x08006578   0x08006578   0x0000000c   Code   RO           43    .text.vCanOpenInit  canopennode.o
    0x08006584   0x08006584   0x00000096   Code   RO           49    .text.vCanOpenPeriodicProcess  canopennode.o
    0x0800661a   0x0800661a   0x00000002   PAD
    0x0800661c   0x0800661c   0x000001be   Code   RO           45    .text.vCanOpenProcess  canopennode.o
    0x080067da   0x080067da   0x00000002   PAD
    0x080067dc   0x080067dc   0x00000008   Code   RO         1436    .text.vEventGroupClearBitsCallback  event_groups.o
    0x080067e4   0x080067e4   0x0000002a   Code   RO          445    .text.vFDGetNMTState  flash_data.o
    0x0800680e   0x0800680e   0x00000002   PAD
    0x08006810   0x08006810   0x00000022   Code   RO          441    .text.vFDGetRegState  flash_data.o
    0x08006832   0x08006832   0x00000002   PAD
    0x08006834   0x08006834   0x000000c8   Code   RO          431    .text.vFDInit       flash_data.o
    0x080068fc   0x080068fc   0x00000012   Code   RO          437    .text.vFDSetRegState  flash_data.o
    0x0800690e   0x0800690e   0x00000002   PAD
    0x08006910   0x08006910   0x00000012   Code   RO          439    .text.vFDSetRegState16  flash_data.o
    0x08006922   0x08006922   0x00000002   PAD
    0x08006924   0x08006924   0x0000001c   Code   RO          435    .text.vFDWtiteReg   flash_data.o
    0x08006940   0x08006940   0x0000004c   Code   RO          443    .text.vGetBitrate   flash_data.o
    0x0800698c   0x0800698c   0x00000020   Code   RO          449    .text.vGetNodeId    flash_data.o
    0x080069ac   0x080069ac   0x00000030   Code   RO          514    .text.vInit_DeviceConfig  init.o
    0x080069dc   0x080069dc   0x00000108   Code   RO          546    .text.vKeyboardTask  keyboard.o
    0x08006ae4   0x08006ae4   0x00000020   Code   RO          489    .text.vLatch        led.o
    0x08006b04   0x08006b04   0x00000070   Code   RO          475    .text.vLedDriverStart  led.o
    0x08006b74   0x08006b74   0x00000032   Code   RO          463    .text.vLedInit      led.o
    0x08006ba6   0x08006ba6   0x00000002   PAD
    0x08006ba8   0x08006ba8   0x0000017e   Code   RO          483    .text.vLedProcess   led.o
    0x08006d26   0x08006d26   0x00000002   PAD
    0x08006d28   0x08006d28   0x00000016   Code   RO         1458    .text.vListInitialise  list.o
    0x08006d3e   0x08006d3e   0x00000002   PAD
    0x08006d40   0x08006d40   0x00000006   Code   RO         1460    .text.vListInitialiseItem  list.o
    0x08006d46   0x08006d46   0x00000002   PAD
    0x08006d48   0x08006d48   0x0000003a   Code   RO         1464    .text.vListInsert   list.o
    0x08006d82   0x08006d82   0x00000002   PAD
    0x08006d84   0x08006d84   0x00000020   Code   RO         1490    .text.vPortEnterCritical  port.o
    0x08006da4   0x08006da4   0x0000001a   Code   RO         1492    .text.vPortExitCritical  port.o
    0x08006dbe   0x08006dbe   0x00000002   PAD
    0x08006dc0   0x08006dc0   0x00000056   Code   RO         1513    .text.vPortFree     heap_4.o
    0x08006e16   0x08006e16   0x00000002   PAD
    0x08006e18   0x08006e18   0x00000034   Code   RO         1484    .text.vPortSetupTimerInterrupt  port.o
    0x08006e4c   0x08006e4c   0x000000e2   Code   RO           79    .text.vProceesInit  process.o
    0x08006f2e   0x08006f2e   0x00000002   PAD
    0x08006f30   0x08006f30   0x00000182   Code   RO           85    .text.vProcessTask  process.o
    0x080070b2   0x080070b2   0x00000002   PAD
    0x080070b4   0x080070b4   0x00000010   Code   RO         1600    .text.vQueueDelete  queue.o
    0x080070c4   0x080070c4   0x00000044   Code   RO         1612    .text.vQueueWaitForMessageRestricted  queue.o
    0x08007108   0x08007108   0x00000014   Code   RO            6    .text.vRestartNode  main.o
    0x0800711c   0x0800711c   0x000000bc   Code   RO          485    .text.vSPI_Transmit  led.o
    0x080071d8   0x080071d8   0x00000148   Code   RO          487    .text.vSTPErrorDetection  led.o
    0x08007320   0x08007320   0x00000086   Code   RO          491    .text.vSTPNormalMode  led.o
    0x080073a6   0x080073a6   0x00000002   PAD
    0x080073a8   0x080073a8   0x00000012   Code   RO          469    .text.vSetBackLigth  led.o
    0x080073ba   0x080073ba   0x00000002   PAD
    0x080073bc   0x080073bc   0x00000084   Code   RO          465    .text.vSetBackLigthColor  led.o
    0x08007440   0x08007440   0x00000098   Code   RO          471    .text.vSetBrigth    led.o
    0x080074d8   0x080074d8   0x00000010   Code   RO          479    .text.vSetLedBlink  led.o
    0x080074e8   0x080074e8   0x00000012   Code   RO          467    .text.vSetLedBrigth  led.o
    0x080074fa   0x080074fa   0x00000002   PAD
    0x080074fc   0x080074fc   0x00000010   Code   RO          477    .text.vSetLedOn     led.o
    0x0800750c   0x0800750c   0x00000038   Code   RO          542    .text.vSetupKeyboard  keyboard.o
    0x08007544   0x08007544   0x00000010   Code   RO          473    .text.vStartLed     led.o
    0x08007554   0x08007554   0x00000034   Code   RO         1644    .text.vTaskDelay    tasks.o
    0x08007588   0x08007588   0x0000001a   Code   RO         1698    .text.vTaskInternalSetTimeOutState  tasks.o
    0x080075a2   0x080075a2   0x00000002   PAD
    0x080075a4   0x080075a4   0x0000000e   Code   RO         1702    .text.vTaskMissedYield  tasks.o
    0x080075b2   0x080075b2   0x00000002   PAD
    0x080075b4   0x080075b4   0x0000001e   Code   RO         1686    .text.vTaskPlaceOnEventList  tasks.o
    0x080075d2   0x080075d2   0x00000002   PAD
    0x080075d4   0x080075d4   0x0000005a   Code   RO         1690    .text.vTaskPlaceOnEventListRestricted  tasks.o
    0x0800762e   0x0800762e   0x00000002   PAD
    0x08007630   0x08007630   0x00000054   Code   RO         1688    .text.vTaskPlaceOnUnorderedEventList  tasks.o
    0x08007684   0x08007684   0x00000080   Code   RO         1722    .text.vTaskPriorityDisinheritAfterTimeout  tasks.o
    0x08007704   0x08007704   0x000000b6   Code   RO         1694    .text.vTaskRemoveFromUnorderedEventList  tasks.o
    0x080077ba   0x080077ba   0x00000002   PAD
    0x080077bc   0x080077bc   0x00000098   Code   RO         1664    .text.vTaskStartScheduler  tasks.o
    0x08007854   0x08007854   0x00000010   Code   RO         1638    .text.vTaskSuspendAll  tasks.o
    0x08007864   0x08007864   0x000000aa   Code   RO         1656    .text.vTaskSwitchContext  tasks.o
    0x0800790e   0x0800790e   0x00000002   PAD
    0x08007910   0x08007910   0x00000124   Code   RO          389    .text.validateAndWriteToOD  co_sdoserver.o
    0x08007a34   0x08007a34   0x0000001a   Code   RO         1432    .text.xEventGroupClearBits  event_groups.o
    0x08007a4e   0x08007a4e   0x00000002   PAD
    0x08007a50   0x08007a50   0x00000016   Code   RO         1434    .text.xEventGroupClearBitsFromISR  event_groups.o
    0x08007a66   0x08007a66   0x00000002   PAD
    0x08007a68   0x08007a68   0x0000001c   Code   RO         1422    .text.xEventGroupCreate  event_groups.o
    0x08007a84   0x08007a84   0x00000018   Code   RO         1420    .text.xEventGroupCreateStatic  event_groups.o
    0x08007a9c   0x08007a9c   0x0000007e   Code   RO         1426    .text.xEventGroupSetBits  event_groups.o
    0x08007b1a   0x08007b1a   0x00000002   PAD
    0x08007b1c   0x08007b1c   0x000000b0   Code   RO         1428    .text.xEventGroupWaitBits  event_groups.o
    0x08007bcc   0x08007bcc   0x0000003a   Code   RO         1482    .text.xPortStartScheduler  port.o
    0x08007c06   0x08007c06   0x00000002   PAD
    0x08007c08   0x08007c08   0x0000002e   Code   RO         1496    .text.xPortSysTickHandler  port.o
    0x08007c36   0x08007c36   0x00000002   PAD
    0x08007c38   0x08007c38   0x00000024   Code   RO         1568    .text.xQueueCreateCountingSemaphore  queue.o
    0x08007c5c   0x08007c5c   0x0000002e   Code   RO         1566    .text.xQueueCreateCountingSemaphoreStatic  queue.o
    0x08007c8a   0x08007c8a   0x00000002   PAD
    0x08007c8c   0x08007c8c   0x00000016   Code   RO         1548    .text.xQueueCreateMutex  queue.o
    0x08007ca2   0x08007ca2   0x00000002   PAD
    0x08007ca4   0x08007ca4   0x00000022   Code   RO         1552    .text.xQueueCreateMutexStatic  queue.o
    0x08007cc6   0x08007cc6   0x00000002   PAD
    0x08007cc8   0x08007cc8   0x0000004c   Code   RO         1546    .text.xQueueGenericCreate  queue.o
    0x08007d14   0x08007d14   0x0000003a   Code   RO         1542    .text.xQueueGenericCreateStatic  queue.o
    0x08007d4e   0x08007d4e   0x00000002   PAD
    0x08007d50   0x08007d50   0x00000080   Code   RO         1540    .text.xQueueGenericReset  queue.o
    0x08007dd0   0x08007dd0   0x00000136   Code   RO         1560    .text.xQueueGenericSend  queue.o
    0x08007f06   0x08007f06   0x00000002   PAD
    0x08007f08   0x08007f08   0x0000009e   Code   RO         1576    .text.xQueueGenericSendFromISR  queue.o
    0x08007fa6   0x08007fa6   0x00000002   PAD
    0x08007fa8   0x08007fa8   0x00000090   Code   RO         1578    .text.xQueueGiveFromISR  queue.o
    0x08008038   0x08008038   0x0000002e   Code   RO         1558    .text.xQueueGiveMutexRecursive  queue.o
    0x08008066   0x08008066   0x00000002   PAD
    0x08008068   0x08008068   0x00000128   Code   RO         1580    .text.xQueueReceive  queue.o
    0x08008190   0x08008190   0x0000007c   Code   RO         1590    .text.xQueueReceiveFromISR  queue.o
    0x0800820c   0x0800820c   0x00000162   Code   RO         1564    .text.xQueueSemaphoreTake  queue.o
    0x0800836e   0x0800836e   0x00000002   PAD
    0x08008370   0x08008370   0x00000028   Code   RO         1562    .text.xQueueTakeMutexRecursive  queue.o
    0x08008398   0x08008398   0x00000060   Code   RO         1700    .text.xTaskCheckForTimeOut  tasks.o
    0x080083f8   0x080083f8   0x0000006c   Code   RO         1628    .text.xTaskCreate   tasks.o
    0x08008464   0x08008464   0x00000052   Code   RO         1622    .text.xTaskCreateStatic  tasks.o
    0x080084b6   0x080084b6   0x00000002   PAD
    0x080084b8   0x080084b8   0x0000000c   Code   RO         1714    .text.xTaskGetCurrentTaskHandle  tasks.o
    0x080084c4   0x080084c4   0x00000026   Code   RO         1716    .text.xTaskGetSchedulerState  tasks.o
    0x080084ea   0x080084ea   0x00000002   PAD
    0x080084ec   0x080084ec   0x0000000c   Code   RO         1672    .text.xTaskGetTickCount  tasks.o
    0x080084f8   0x080084f8   0x0000000c   Code   RO         1674    .text.xTaskGetTickCountFromISR  tasks.o
    0x08008504   0x08008504   0x00000194   Code   RO         1670    .text.xTaskIncrementTick  tasks.o
    0x08008698   0x08008698   0x00000070   Code   RO         1720    .text.xTaskPriorityDisinherit  tasks.o
    0x08008708   0x08008708   0x000000a6   Code   RO         1718    .text.xTaskPriorityInherit  tasks.o
    0x080087ae   0x080087ae   0x00000002   PAD
    0x080087b0   0x080087b0   0x000000e0   Code   RO         1692    .text.xTaskRemoveFromEventList  tasks.o
    0x08008890   0x08008890   0x00000158   Code   RO         1642    .text.xTaskResumeAll  tasks.o
    0x080089e8   0x080089e8   0x00000068   Code   RO         1776    .text.xTimerCreateTimerTask  timers.o
    0x08008a50   0x08008a50   0x0000002a   Code   RO         1810    .text.xTimerPendFunctionCallFromISR  timers.o
    0x08008a7a   0x08008a7a   0x00000028   Code   RO         1945    i.__ARM_fpclassify  m_ws.l(fpclassify.o)
    0x08008aa2   0x08008aa2   0x00000002   PAD
    0x08008aa4   0x08008aa4   0x00000388   Code   RO         1906    i.__ieee754_rem_pio2  m_ws.l(rred.o)
    0x08008e2c   0x08008e2c   0x000000fc   Code   RO         1889    i.__kernel_cos      m_ws.l(cos_i.o)
    0x08008f28   0x08008f28   0x000000aa   Code   RO         1947    i.__kernel_poly     m_ws.l(poly.o)
    0x08008fd2   0x08008fd2   0x00000002   PAD
    0x08008fd4   0x08008fd4   0x000000ec   Code   RO         1911    i.__kernel_sin      m_ws.l(sin_i.o)
    0x080090c0   0x080090c0   0x00000006   Code   RO         1893    i.__mathlib_dbl_infnan  m_ws.l(dunder.o)
    0x080090c6   0x080090c6   0x0000000c   Code   RO         1895    i.__mathlib_dbl_invalid  m_ws.l(dunder.o)
    0x080090d2   0x080090d2   0x00000002   PAD
    0x080090d4   0x080090d4   0x00000010   Code   RO         1898    i.__mathlib_dbl_underflow  m_ws.l(dunder.o)
    0x080090e4   0x080090e4   0x0000000e   Code   RO         1963    i.__scatterload_copy  mc_w.l(handlers.o)
    0x080090f2   0x080090f2   0x00000002   Code   RO         1964    i.__scatterload_null  mc_w.l(handlers.o)
    0x080090f4   0x080090f4   0x0000000e   Code   RO         1965    i.__scatterload_zeroinit  mc_w.l(handlers.o)
    0x08009102   0x08009102   0x00000002   PAD
    0x08009104   0x08009104   0x0000000c   Code   RO         1935    i.__set_errno       mc_w.l(errno.o)
    0x08009110   0x08009110   0x000000a0   Code   RO         1851    i.sin               m_ws.l(sin.o)
    0x080091b0   0x080091b0   0x00000030   Data   RO         1890    .constdata          m_ws.l(cos_i.o)
    0x080091e0   0x080091e0   0x000000cc   Data   RO         1908    .constdata          m_ws.l(rred.o)
    0x080092ac   0x080092ac   0x00000004   PAD
    0x080092b0   0x080092b0   0x00000028   Data   RO         1912    .constdata          m_ws.l(sin_i.o)
    0x080092d8   0x080092d8   0x00000010   Data   RO          153    .rodata..L__const.co_drv_create_os_objects.attr  co_driver_st32f103.o
    0x080092e8   0x080092e8   0x00000010   Data   RO          155    .rodata..L__const.co_drv_create_os_objects.attr.2  co_driver_st32f103.o
    0x080092f8   0x080092f8   0x00000010   Data   RO          157    .rodata..L__const.co_drv_create_os_objects.attr.4  co_driver_st32f103.o
    0x08009308   0x08009308   0x00000024   Data   RO           22    .rodata.CanOpenPeriodic_attributes  main.o
    0x0800932c   0x0800932c   0x00000024   Data   RO           25    .rodata.CanOpenProcess_attributes  main.o
    0x08009350   0x08009350   0x00000024   Data   RO           16    .rodata.KeyboardTask_attributes  main.o
    0x08009374   0x08009374   0x000002fc   Data   RO          174    .rodata.ODObjs      od.o
    0x08009670   0x08009670   0x00000068   Data   RO          200    .rodata.OD_getSDOabCode.abortCodes  co_odinterface.o
    0x080096d8   0x080096d8   0x00000024   Data   RO           19    .rodata.ProcessTask_attributes  main.o
    0x080096fc   0x080096fc   0x00000024   Data   RO           13    .rodata.defaultTask_attributes  main.o
    0x08009720   0x08009720   0x00000050   Data   RO           10    .rodata.str1.1      main.o
    0x08009770   0x08009770   0x0000002e   Data   RO          152    .rodata.str1.1      co_driver_st32f103.o
    0x0800979e   0x0800979e   0x00000002   PAD
    0x080097a0   0x080097a0   0x00000004   Data   RO         1747    .rodata.uxTopUsedPriority  tasks.o
    0x080097a4   0x080097a4   0x00000040   Data   RO          551    .rodata.xKeyPortMass  keyboard.o
    0x080097e4   0x080097e4   0x00000010   Data   RO           27    .rodata.xResetEvent_attributes  main.o
    0x080097f4   0x080097f4   0x00000020   Data   RO         1962    Region$$Table       anon$$obj.o


    Execution Region RW_IRAM1 (Exec base: 0x20000000, Load base: 0x08009818, Size: 0x00003aa0, Max: 0x00005000, ABSOLUTE, COMPRESSED[0x00000190])

    Exec Addr    Load Addr    Size         Type   Attr      Idx    E Section Name        Object

    0x20000000   COMPRESSED   0x00000004   Data   RW         1936    .data               mc_w.l(errno.o)
    0x20000004   COMPRESSED   0x00000001   Data   RW          501    .data.BlinkON       led.o
    0x20000005   COMPRESSED   0x00000003   PAD
    0x20000008   COMPRESSED   0x00000004   Data   RW          172    .data.OD            od.o
    0x2000000c   COMPRESSED   0x00000180   Data   RW          173    .data.ODList        od.o
    0x2000018c   COMPRESSED   0x00000010   Data   RW           98    .data.OD_BITRATE_data_extension  process.o
    0x2000019c   COMPRESSED   0x00000010   Data   RW           94    .data.OD_BLINK_data_extension  process.o
    0x200001ac   COMPRESSED   0x00000010   Data   RW           95    .data.OD_BRIGTH_data_extension  process.o
    0x200001bc   COMPRESSED   0x00000010   Data   RW           96    .data.OD_KEY_extension  process.o
    0x200001cc   COMPRESSED   0x00000010   Data   RW           93    .data.OD_LED_data_extension  process.o
    0x200001dc   COMPRESSED   0x00000010   Data   RW           99    .data.OD_NMT_data_extension  process.o
    0x200001ec   COMPRESSED   0x00000010   Data   RW           97    .data.OD_NODE_data_extension  process.o
    0x200001fc   COMPRESSED   0x00000008   Data   RW          170    .data.OD_PERSIST_COMM  od.o
    0x20000204   COMPRESSED   0x00000010   Data   RW          101    .data.OD_PWM_extension  process.o
    0x20000214   COMPRESSED   0x0000003c   Data   RW          169    .data.OD_RAM        od.o
    0x20000250   COMPRESSED   0x000000a0   Data   RW          168    .data.OD_ROM        od.o
    0x200002f0   COMPRESSED   0x00000010   Data   RW          100    .data.OD_keyBoardParametr_extension  process.o
    0x20000300   COMPRESSED   0x00000010   Data   RW          453    .data.SettingsREG   flash_data.o
    0x20000310   COMPRESSED   0x00000004   Data   RW         1410    .data.SystemCoreClock  system_gd32f10x.o
    0x20000314   COMPRESSED   0x00000008   Data   RW          171    .data._OD           od.o
    0x2000031c   COMPRESSED   0x00000002   Data   RW          498    .data.backligch_brigth  led.o
    0x2000031e   COMPRESSED   0x00000002   Data   RW          496    .data.led_brigth    led.o
    0x20000320   COMPRESSED   0x00000004   Data   RW         1498    .data.uxCriticalNesting  port.o
    0x20000324   COMPRESSED   0x00000004   PAD
    0x20000328        -       0x00000004   Zero   RW          158    .bss.CANModule_local  co_driver_st32f103.o
    0x2000032c        -       0x00000004   Zero   RW           53    .bss.CO             canopennode.o
    0x20000330        -       0x0000002c   Zero   RW          231    .bss.COO            canopen.o
    0x2000035c        -       0x00000038   Zero   RW          232    .bss.COO_CANmodule  canopen.o
    0x20000394        -       0x00000054   Zero   RW          233    .bss.COO_CANmodule_rxArray  canopen.o
    0x200003e8        -       0x00000078   Zero   RW          234    .bss.COO_CANmodule_txArray  canopen.o
    0x20000460        -       0x00000050   Zero   RW          236    .bss.COO_EM         canopen.o
    0x200004b0        -       0x00000088   Zero   RW          237    .bss.COO_EM_FIFO    canopen.o
    0x20000538        -       0x00000074   Zero   RW          241    .bss.COO_LSSslave   canopen.o
    0x200005ac        -       0x0000002c   Zero   RW          235    .bss.COO_NMT        canopen.o
    0x200005d8        -       0x00000580   Zero   RW          239    .bss.COO_RPDO       canopen.o
    0x20000b58        -       0x000000a8   Zero   RW          238    .bss.COO_SDOserver  canopen.o
    0x20000c00        -       0x00000164   Zero   RW          240    .bss.COO_TPDO       canopen.o
    0x20000d64        -       0x00000020   Zero   RW          553    .bss.COUNTERS       keyboard.o
    0x20000d84        -       0x00000400   Zero   RW           21    .bss.CanOpenPeriodicBuffer  main.o
    0x20001184        -       0x0000005c   Zero   RW           20    .bss.CanOpenPeriodicControlBlock  main.o
    0x200011e0        -       0x00000004   Zero   RW           31    .bss.CanOpenPeriodicHandle  main.o
    0x200011e4        -       0x00000af0   Zero   RW           24    .bss.CanOpenProcessBuffer  main.o
    0x20001cd4        -       0x0000005c   Zero   RW           23    .bss.CanOpenProcessControlBlock  main.o
    0x20001d30        -       0x00000004   Zero   RW           32    .bss.CanOpenProcessHandle  main.o
    0x20001d34        -       0x00000001   Zero   RW          454    .bss.FisrtStart     flash_data.o
    0x20001d35   COMPRESSED   0x00000003   PAD
    0x20001d38        -       0x00000004   Zero   RW          774    .bss.KernelState    cmsis_os2.o
    0x20001d3c        -       0x00000080   Zero   RW          548    .bss.KeyboardBuffer  keyboard.o
    0x20001dbc        -       0x00000200   Zero   RW           15    .bss.KeyboardTaskBuffer  main.o
    0x20001fbc        -       0x0000005c   Zero   RW           14    .bss.KeyboardTaskControlBlock  main.o
    0x20002018        -       0x00000004   Zero   RW           29    .bss.KeyboardTaskHandle  main.o
    0x2000201c        -       0x00000003   Zero   RW          495    .bss.LED_BLINK      led.o
    0x2000201f        -       0x00000003   Zero   RW          494    .bss.LED_ON         led.o
    0x20002022   COMPRESSED   0x00000002   PAD
    0x20002024        -       0x00000004   Zero   RW          102    .bss.OD_KEY_flagsPDO  process.o
    0x20002028        -       0x00000200   Zero   RW           18    .bss.ProcessTaskBuffer  main.o
    0x20002228        -       0x0000005c   Zero   RW           17    .bss.ProcessTaskControlBlock  main.o
    0x20002284        -       0x00000004   Zero   RW           30    .bss.ProcessTaskHandle  main.o
    0x20002288        -       0x00000008   Zero   RW          552    .bss.STATUS         keyboard.o
    0x20002290        -       0x00000008   Zero   RW          104    .bss.TempEvent      process.o
    0x20002298        -       0x00000001   Zero   RW          503    .bss.brigth_color.0  led.o
    0x20002299        -       0x00000001   Zero   RW          504    .bss.brigth_color.1  led.o
    0x2000229a        -       0x00000001   Zero   RW          505    .bss.brigth_color.2  led.o
    0x2000229b   COMPRESSED   0x00000001   PAD
    0x2000229c        -       0x00000020   Zero   RW           26    .bss.cResetEventControlBlock  main.o
    0x200022bc        -       0x00000004   Zero   RW          154    .bss.co_drv_app_thread_sync_semaphore  co_driver_st32f103.o
    0x200022c0        -       0x00000004   Zero   RW          156    .bss.co_drv_periodic_thread_sync_semaphore  co_driver_st32f103.o
    0x200022c4        -       0x00000004   Zero   RW           52    .bss.co_heap_used   canopennode.o
    0x200022c8        -       0x00000004   Zero   RW          151    .bss.co_mutex       co_driver_st32f103.o
    0x200022cc        -       0x00000001   Zero   RW          497    .bss.color_div      led.o
    0x200022cd        -       0x00000001   Zero   RW          106    .bss.data           process.o
    0x200022ce   COMPRESSED   0x00000002   PAD
    0x200022d0        -       0x00000200   Zero   RW           12    .bss.defaultTaskBuffer  main.o
    0x200024d0        -       0x0000005c   Zero   RW           11    .bss.defaultTaskControlBlock  main.o
    0x2000252c        -       0x00000004   Zero   RW           28    .bss.defaultTaskHandle  main.o
    0x20002530        -       0x00000004   Zero   RW           33    .bss.hcan           main.o
    0x20002534        -       0x00000001   Zero   RW          105    .bss.key_mask       process.o
    0x20002535   COMPRESSED   0x00000001   PAD
    0x20002536        -       0x00000002   Zero   RW          500    .bss.led_blink_counter  led.o
    0x20002538        -       0x00000002   Zero   RW          499    .bss.led_brigth_counter  led.o
    0x2000253a   COMPRESSED   0x00000002   PAD
    0x2000253c        -       0x00000004   Zero   RW          103    .bss.pKeyboard      process.o
    0x20002540        -       0x00000004   Zero   RW          550    .bss.pKeyboardQueue  keyboard.o
    0x20002544        -       0x00000004   Zero   RW           51    .bss.pcan           canopennode.o
    0x20002548        -       0x000000a0   Zero   RW         1842    .bss.prvCheckForValidListAndQueue.ucStaticTimerQueueStorage  timers.o
    0x200025e8        -       0x00000050   Zero   RW         1841    .bss.prvCheckForValidListAndQueue.xStaticTimerQueue  timers.o
    0x20002638        -       0x00000004   Zero   RW         1838    .bss.prvSampleTimeNow.xLastTime  timers.o
    0x2000263c        -       0x00000010   Zero   RW          159    .bss.prv_read_can_received_msg.rcvMsg  co_driver_st32f103.o
    0x2000264c        -       0x00000004   Zero   RW          493    .bss.pwmtim         led.o
    0x20002650        -       0x00000004   Zero   RW         1746    .bss.pxCurrentTCB   tasks.o
    0x20002654        -       0x00000004   Zero   RW         1836    .bss.pxCurrentTimerList  timers.o
    0x20002658        -       0x00000004   Zero   RW         1754    .bss.pxDelayedTaskList  tasks.o
    0x2000265c        -       0x00000004   Zero   RW         1525    .bss.pxEnd          heap_4.o
    0x20002660        -       0x00000004   Zero   RW         1755    .bss.pxOverflowDelayedTaskList  tasks.o
    0x20002664        -       0x00000004   Zero   RW         1837    .bss.pxOverflowTimerList  timers.o
    0x20002668        -       0x00000460   Zero   RW         1757    .bss.pxReadyTasksLists  tasks.o
    0x20002ac8        -       0x00000001   Zero   RW           54    .bss.reset          canopennode.o
    0x20002ac9        -       0x000003e8   Zero   RW         1531    .bss.ucHeap         heap_4.o
    0x20002eb1        -       0x00000001   Zero   RW          502    .bss.ucSPI_Busy     led.o
    0x20002eb2   COMPRESSED   0x00000002   PAD
    0x20002eb4        -       0x00000004   Zero   RW         1751    .bss.uxCurrentNumberOfTasks  tasks.o
    0x20002eb8        -       0x00000004   Zero   RW         1750    .bss.uxDeletedTasksWaitingCleanUp  tasks.o
    0x20002ebc        -       0x00000004   Zero   RW         1759    .bss.uxSchedulerSuspended  tasks.o
    0x20002ec0        -       0x00000004   Zero   RW         1748    .bss.uxTaskNumber   tasks.o
    0x20002ec4        -       0x00000004   Zero   RW         1758    .bss.uxTopReadyPriority  tasks.o
    0x20002ec8        -       0x00000200   Zero   RW          777    .bss.vApplicationGetIdleTaskMemory.Idle_Stack  cmsis_os2.o
    0x200030c8        -       0x0000005c   Zero   RW          776    .bss.vApplicationGetIdleTaskMemory.Idle_TCB  cmsis_os2.o
    0x20003124        -       0x00000400   Zero   RW          779    .bss.vApplicationGetTimerTaskMemory.Timer_Stack  cmsis_os2.o
    0x20003524        -       0x0000005c   Zero   RW          778    .bss.vApplicationGetTimerTaskMemory.Timer_TCB  cmsis_os2.o
    0x20003580        -       0x00000014   Zero   RW         1839    .bss.xActiveTimerList1  timers.o
    0x20003594        -       0x00000014   Zero   RW         1840    .bss.xActiveTimerList2  timers.o
    0x200035a8        -       0x00000014   Zero   RW         1766    .bss.xDelayedTaskList1  tasks.o
    0x200035bc        -       0x00000014   Zero   RW         1767    .bss.xDelayedTaskList2  tasks.o
    0x200035d0        -       0x00000004   Zero   RW         1526    .bss.xFreeBytesRemaining  heap_4.o
    0x200035d4        -       0x00000004   Zero   RW         1762    .bss.xIdleTaskHandle  tasks.o
    0x200035d8        -       0x00000050   Zero   RW          549    .bss.xKeyboardQueue  keyboard.o
    0x20003628        -       0x00000004   Zero   RW         1528    .bss.xMinimumEverFreeBytesRemaining  heap_4.o
    0x2000362c        -       0x00000004   Zero   RW         1763    .bss.xNextTaskUnblockTime  tasks.o
    0x20003630        -       0x00000004   Zero   RW         1765    .bss.xNumOfOverflows  tasks.o
    0x20003634        -       0x00000004   Zero   RW         1529    .bss.xNumberOfSuccessfulAllocations  heap_4.o
    0x20003638        -       0x00000004   Zero   RW         1530    .bss.xNumberOfSuccessfulFrees  heap_4.o
    0x2000363c        -       0x00000004   Zero   RW         1764    .bss.xPendedTicks   tasks.o
    0x20003640        -       0x00000014   Zero   RW         1761    .bss.xPendingReadyList  tasks.o
    0x20003654        -       0x00000004   Zero   RW           34    .bss.xResetEventHandle  main.o
    0x20003658        -       0x00000004   Zero   RW         1752    .bss.xSchedulerRunning  tasks.o
    0x2000365c        -       0x00000008   Zero   RW         1527    .bss.xStart         heap_4.o
    0x20003664        -       0x00000014   Zero   RW         1756    .bss.xSuspendedTaskList  tasks.o
    0x20003678        -       0x00000014   Zero   RW         1749    .bss.xTasksWaitingTermination  tasks.o
    0x2000368c        -       0x00000004   Zero   RW         1753    .bss.xTickCount     tasks.o
    0x20003690        -       0x00000004   Zero   RW         1834    .bss.xTimerQueue    timers.o
    0x20003694        -       0x00000004   Zero   RW         1835    .bss.xTimerTaskHandle  timers.o
    0x20003698        -       0x00000004   Zero   RW         1760    .bss.xYieldPending  tasks.o
    0x2000369c   COMPRESSED   0x00000004   PAD
    0x200036a0        -       0x00000400   Zero   RW         1394    STACK               startup_gd32f10x_hd.o


==============================================================================

Image component sizes


      Code (inc. data)   RO Data    RW Data    ZI Data      Debug   Object Name

      1016          0          0          0       2612      16033   canopen.o
       644          0          0          0         13      12292   canopennode.o
      1254          0          0          0       1724      40785   cmsis_os2.o
      1254          0         94          0         32      12494   co_driver_st32f103.o
      1284          0          0          0          0      13828   co_emergency.o
      1050        220          0          0          0       9099   co_lssslave.o
       762          0          0          0          0      10807   co_nmt_heartbeat.o
       826          0        104          0          0       7797   co_odinterface.o
      3568          6          0          0          0      24132   co_pdo.o
      3008         24          0          0          0      20414   co_sdoserver.o
       434          0          0          0          0       8049   event_groups.o
       528          8          0         16          1       3561   flash_data.o
      1216          4          0          0          0      12104   gd32f10x_can.o
       554          0          0          0          0       8503   gd32f10x_fmc.o
       132          0          0          0          0       2302   gd32f10x_fwdgt.o
       302          0          0          0          0       5285   gd32f10x_gpio.o
       200          0          0          0          0       2145   gd32f10x_it.o
       152          0          0          0          0       3178   gd32f10x_misc.o
       268         28          0          0          0      11430   gd32f10x_rcu.o
       172          0          0          0          0       6881   gd32f10x_spi.o
      1286         16          0          0          0      17377   gd32f10x_timer.o
       516          0          0          0       1028       4838   heap_4.o
      1106          0          0          0          0       5544   init.o
       332          8         64          0        252       2780   keyboard.o
      1666         16          0          5         19       4416   led.o
       126          0          0          0          0       2280   list.o
       328          0        276          0       5880       5383   main.o
         0          0        764        624          0       6043   od.o
       416         12          0          4          0       2775   port.o
      1290         70          0        144         18       7385   process.o
      2382          0          0          0          0      18859   queue.o
        36          8        304          0       1024        788   startup_gd32f10x_hd.o
       344          0          0          4          0       1155   system_gd32f10x.o
        98          0          0          0          0       4027   systick.o
      3412          8          4          0       1280      29970   tasks.o
       962         18          0          0        300      13223   timers.o

    ----------------------------------------------------------------------
     33258        458       1644        800      14204     357962   Object Totals
         0          0         32          0          0          0   (incl. Generated)
       334         12          2          3         21          0   (incl. Padding)

    ----------------------------------------------------------------------

      Code (inc. data)   RO Data    RW Data    ZI Data      Debug   Library Member Name

       252         22         48          0          0        124   cos_i.o
        34          6          0          0          0        204   dunder.o
        40          0          0          0          0         68   fpclassify.o
       170          0          0          0          0         96   poly.o
       904         76        204          0          0        140   rred.o
       160         10          0          0          0        108   sin.o
       236         12         40          0          0        128   sin_i.o
        86          0          0          0          0          0   __dczerorl2.o
         0          0          0          0          0          0   entry.o
         0          0          0          0          0          0   entry10a.o
         0          0          0          0          0          0   entry11a.o
         8          4          0          0          0          0   entry2.o
         4          0          0          0          0          0   entry5.o
         0          0          0          0          0          0   entry7b.o
         0          0          0          0          0          0   entry8b.o
         8          4          0          0          0          0   entry9a.o
        12          6          0          4          0         68   errno.o
        30          0          0          0          0          0   handlers.o
        36          8          0          0          0         68   init.o
         0          0          0          0          0          0   iusefp.o
        30          0          0          0          0         68   llshl.o
        36          0          0          0          0         68   llsshr.o
        32          0          0          0          0         68   llushr.o
        64          0          0          0          0         76   memmovea.o
        36          0          0          0          0        108   memseta.o
        14          0          0          0          0         68   strlen.o
       334          0          0          0          0        148   dadd.o
       222          0          0          0          0        100   ddiv.o
       186          0          0          0          0        176   depilogue.o
        62          0          0          0          0         80   dfixi.o
        34          0          0          0          0         76   dflti.o
        26          0          0          0          0         76   dfltui.o
       228          0          0          0          0         96   dmul.o
        46          0          0          0          0         80   dscalb.o
       124          0          0          0          0         88   fdiv.o
       110          0          0          0          0        168   fepilogue.o
        50          0          0          0          0         68   ffixi.o
        10          0          0          0          0         68   ffltui.o
       100          0          0          0          0         76   fmul.o

    ----------------------------------------------------------------------
      3734        148        296          4          0       2760   Library Totals
        10          0          4          0          0          0   (incl. Padding)

    ----------------------------------------------------------------------

      Code (inc. data)   RO Data    RW Data    ZI Data      Debug   Library Name

      1796        126        292          0          0        868   m_ws.l
       396         22          0          4          0        592   mc_w.l
      1532          0          0          0          0       1300   mf_w.l

    ----------------------------------------------------------------------
      3734        148        296          4          0       2760   Library Totals

    ----------------------------------------------------------------------

==============================================================================


      Code (inc. data)   RO Data    RW Data    ZI Data      Debug   

     36992        606       1940        804      14204     359022   Grand Totals
     36992        606       1940        400      14204     359022   ELF Image Totals (compressed)
     36992        606       1940        400          0          0   ROM Totals

==============================================================================

    Total RO  Size (Code + RO Data)                38932 (  38.02kB)
    Total RW  Size (RW Data + ZI Data)             15008 (  14.66kB)
    Total ROM Size (Code + RO Data + RW Data)      39332 (  38.41kB)

==============================================================================

