Component: ARM Compiler 6.14 Tool: armlink [5db06800]

==============================================================================

Removing Unused input sections from the image.

    Removing main.o(.text), (0 bytes).
    Removing main.o(.ARM.exidx.text.main), (8 bytes).
    Removing main.o(.ARM.exidx.text.StartDefaultTask), (8 bytes).
    Removing main.o(.ARM.exidx.text.vRestartNode), (8 bytes).
    Removing main.o(.ARM.exidx.text.Error_Handler), (8 bytes).
    Removing main.o(.ARM.use_no_argv), (4 bytes).
    Removing canopennode.o(.text), (0 bytes).
    Removing canopennode.o(.ARM.exidx.text.vCanOpenInit), (8 bytes).
    Removing canopennode.o(.ARM.exidx.text.vCanOpenProcess), (8 bytes).
    Removing canopennode.o(.ARM.exidx.text.__NVIC_SystemReset), (8 bytes).
    Removing canopennode.o(.ARM.exidx.text.vCanOpenPeriodicProcess), (8 bytes).
    Removing process.o(.text), (0 bytes).
    Removing process.o(.ARM.exidx.text.OD_writeLed), (8 bytes).
    Removing process.o(.ARM.exidx.text.OD_writeBlink), (8 bytes).
    Removing process.o(.ARM.exidx.text.OD_writeBRIGTH), (8 bytes).
    Removing process.o(.ARM.exidx.text.OD_writeNode), (8 bytes).
    Removing process.o(.ARM.exidx.text.OD_writeBITRATE), (8 bytes).
    Removing process.o(.ARM.exidx.text.OD_writeNMT), (8 bytes).
    Removing process.o(.ARM.exidx.text.OD_writeKeyboardParametr), (8 bytes).
    Removing process.o(.ARM.exidx.text.OD_writePWM), (8 bytes).
    Removing process.o(.ARM.exidx.text.vProceesInit), (8 bytes).
    Removing process.o(.ARM.exidx.text.OD_extension_init), (8 bytes).
    Removing process.o(.ARM.exidx.text.OD_getFlagsPDO), (8 bytes).
    Removing process.o(.ARM.exidx.text.vProcessTask), (8 bytes).
    Removing process.o(.ARM.exidx.text.OD_requestTPDO), (8 bytes).
    Removing process.o(.ARM.exidx.text.CO_getUint16), (8 bytes).
    Removing process.o(.ARM.exidx.text.CO_getUint8), (8 bytes).
    Removing co_driver_st32f103.o(.text), (0 bytes).
    Removing co_driver_st32f103.o(.ARM.exidx.text.co_drv_create_os_objects), (8 bytes).
    Removing co_driver_st32f103.o(.ARM.exidx.text.co_drv_mutex_lock), (8 bytes).
    Removing co_driver_st32f103.o(.ARM.exidx.text.co_drv_mutex_unlock), (8 bytes).
    Removing co_driver_st32f103.o(.ARM.exidx.text.CO_CANsetConfigurationMode), (8 bytes).
    Removing co_driver_st32f103.o(.ARM.exidx.text.CO_CANsetNormalMode), (8 bytes).
    Removing co_driver_st32f103.o(.ARM.exidx.text.CO_CANmodule_init), (8 bytes).
    Removing co_driver_st32f103.o(.ARM.exidx.text.CO_CANmodule_disable), (8 bytes).
    Removing co_driver_st32f103.o(.ARM.exidx.text.CO_CANrxBufferInit), (8 bytes).
    Removing co_driver_st32f103.o(.ARM.exidx.text.CO_CANtxBufferInit), (8 bytes).
    Removing co_driver_st32f103.o(.text.CAN_GetTxMailboxesFreeLevel), (68 bytes).
    Removing co_driver_st32f103.o(.ARM.exidx.text.CAN_GetTxMailboxesFreeLevel), (8 bytes).
    Removing co_driver_st32f103.o(.ARM.exidx.text.CO_CANsend), (8 bytes).
    Removing co_driver_st32f103.o(.ARM.exidx.text.prv_send_can_message), (8 bytes).
    Removing co_driver_st32f103.o(.text.CO_CANclearPendingSyncPDOs), (110 bytes).
    Removing co_driver_st32f103.o(.ARM.exidx.text.CO_CANclearPendingSyncPDOs), (8 bytes).
    Removing co_driver_st32f103.o(.ARM.exidx.text.CO_CANmodule_process), (8 bytes).
    Removing co_driver_st32f103.o(.ARM.exidx.text.CAN_SendMessage), (8 bytes).
    Removing co_driver_st32f103.o(.ARM.exidx.text.CAN_GetRxMessage), (8 bytes).
    Removing co_driver_st32f103.o(.ARM.exidx.text.prv_read_can_received_msg), (8 bytes).
    Removing co_driver_st32f103.o(.ARM.exidx.text.HAL_CAN_ErrorCallback), (8 bytes).
    Removing od.o(.text), (0 bytes).
    Removing co_odinterface.o(.text), (0 bytes).
    Removing co_odinterface.o(.ARM.exidx.text.OD_readOriginal), (8 bytes).
    Removing co_odinterface.o(.ARM.exidx.text.OD_writeOriginal), (8 bytes).
    Removing co_odinterface.o(.ARM.exidx.text.OD_find), (8 bytes).
    Removing co_odinterface.o(.ARM.exidx.text.OD_getSub), (8 bytes).
    Removing co_odinterface.o(.ARM.exidx.text.OD_readDisabled), (8 bytes).
    Removing co_odinterface.o(.ARM.exidx.text.OD_writeDisabled), (8 bytes).
    Removing co_odinterface.o(.ARM.exidx.text.OD_getSDOabCode), (8 bytes).
    Removing co_odinterface.o(.ARM.exidx.text.OD_get_value), (8 bytes).
    Removing co_odinterface.o(.ARM.exidx.text.OD_set_value), (8 bytes).
    Removing co_odinterface.o(.ARM.exidx.text.OD_getPtr), (8 bytes).
    Removing canopen.o(.text), (0 bytes).
    Removing canopen.o(.ARM.exidx.text.CO_new), (8 bytes).
    Removing canopen.o(.text.CO_delete), (20 bytes).
    Removing canopen.o(.ARM.exidx.text.CO_delete), (8 bytes).
    Removing canopen.o(.text.CO_isLSSslaveEnabled), (4 bytes).
    Removing canopen.o(.ARM.exidx.text.CO_isLSSslaveEnabled), (8 bytes).
    Removing canopen.o(.ARM.exidx.text.CO_CANinit), (8 bytes).
    Removing canopen.o(.ARM.exidx.text.CO_LSSinit), (8 bytes).
    Removing canopen.o(.ARM.exidx.text.CO_CANopenInit), (8 bytes).
[...]
    Removing gd32f10x_timer.o(.text.timer_input_capture_config), (298 bytes).
    Removing gd32f10x_timer.o(.ARM.exidx.text.timer_input_capture_config), (8 bytes).
    Removing gd32f10x_timer.o(.text.timer_channel_input_capture_prescaler_config), (58 bytes).
    Removing gd32f10x_timer.o(.ARM.exidx.text.timer_channel_input_capture_prescaler_config), (8 bytes).
    Removing gd32f10x_timer.o(.text.timer_channel_capture_value_register_read), (14 bytes).
    Removing gd32f10x_timer.o(.ARM.exidx.text.timer_channel_capture_value_register_read), (8 bytes).
    Removing gd32f10x_timer.o(.text.timer_input_pwm_capture_config), (332 bytes).
    Removing gd32f10x_timer.o(.ARM.exidx.text.timer_input_pwm_capture_config), (8 bytes).
    Removing gd32f10x_timer.o(.text.timer_hall_mode_config), (28 bytes).
    Removing gd32f10x_timer.o(.ARM.exidx.text.timer_hall_mode_config), (8 bytes).
    Removing gd32f10x_timer.o(.text.timer_input_trigger_source_select), (16 bytes).
    Removing gd32f10x_timer.o(.ARM.exidx.text.timer_input_trigger_source_select), (8 bytes).
    Removing gd32f10x_timer.o(.text.timer_master_output_trigger_source_select), (16 bytes).
    Removing gd32f10x_timer.o(.ARM.exidx.text.timer_master_output_trigger_source_select), (8 bytes).
    Removing gd32f10x_timer.o(.text.timer_slave_mode_select), (16 bytes).
    Removing gd32f10x_timer.o(.ARM.exidx.text.timer_slave_mode_select), (8 bytes).
    Removing gd32f10x_timer.o(.text.timer_master_slave_mode_config), (28 bytes).
    Removing gd32f10x_timer.o(.ARM.exidx.text.timer_master_slave_mode_config), (8 bytes).
    Removing gd32f10x_timer.o(.text.timer_external_trigger_config), (34 bytes).
    Removing gd32f10x_timer.o(.ARM.exidx.text.timer_external_trigger_config), (8 bytes).
    Removing gd32f10x_timer.o(.text.timer_quadrature_decoder_mode_config), (78 bytes).
    Removing gd32f10x_timer.o(.ARM.exidx.text.timer_quadrature_decoder_mode_config), (8 bytes).
    Removing gd32f10x_timer.o(.ARM.exidx.text.timer_internal_clock_config), (8 bytes).
    Removing gd32f10x_timer.o(.text.timer_internal_trigger_as_external_clock_config), (26 bytes).
    Removing gd32f10x_timer.o(.ARM.exidx.text.timer_internal_trigger_as_external_clock_config), (8 bytes).
    Removing gd32f10x_timer.o(.text.timer_external_trigger_as_external_clock_config), (146 bytes).
    Removing gd32f10x_timer.o(.ARM.exidx.text.timer_external_trigger_as_external_clock_config), (8 bytes).
    Removing gd32f10x_timer.o(.text.timer_external_clock_mode0_config), (26 bytes).
    Removing gd32f10x_timer.o(.ARM.exidx.text.timer_external_clock_mode0_config), (8 bytes).
    Removing gd32f10x_timer.o(.text.timer_external_clock_mode1_config), (18 bytes).
    Removing gd32f10x_timer.o(.ARM.exidx.text.timer_external_clock_mode1_config), (8 bytes).
    Removing gd32f10x_timer.o(.text.timer_external_clock_mode1_disable), (10 bytes).
    Removing gd32f10x_timer.o(.ARM.exidx.text.timer_external_clock_mode1_disable), (8 bytes).
    Removing gd32f10x_timer.o(.ARM.exidx.text.timer_interrupt_enable), (8 bytes).
    Removing gd32f10x_timer.o(.text.timer_interrupt_disable), (10 bytes).
    Removing gd32f10x_timer.o(.ARM.exidx.text.timer_interrupt_disable), (8 bytes).
    Removing gd32f10x_timer.o(.ARM.exidx.text.timer_interrupt_flag_get), (8 bytes).
    Removing gd32f10x_timer.o(.ARM.exidx.text.timer_interrupt_flag_clear), (8 bytes).
    Removing gd32f10x_timer.o(.text.timer_flag_get), (10 bytes).
    Removing gd32f10x_timer.o(.ARM.exidx.text.timer_flag_get), (8 bytes).
    Removing gd32f10x_timer.o(.ARM.exidx.text.timer_flag_clear), (8 bytes).
    Removing startup_gd32f10x_hd.o(HEAP), (512 bytes).
    Removing system_gd32f10x.o(.text), (0 bytes).
    Removing system_gd32f10x.o(.ARM.exidx.text.SystemInit), (8 bytes).
    Removing system_gd32f10x.o(.ARM.exidx.text.system_clock_config), (8 bytes).
    Removing system_gd32f10x.o(.ARM.exidx.text.system_clock_72m_hxtal), (8 bytes).
    Removing freertos_evr.o(.text), (0 bytes).
    Removing event_groups.o(.text), (0 bytes).
    Removing event_groups.o(.ARM.exidx.text.xEventGroupCreateStatic), (8 bytes).
    Removing event_groups.o(.ARM.exidx.text.xEventGroupCreate), (8 bytes).
    Removing event_groups.o(.text.xEventGroupSync), (146 bytes).
    Removing event_groups.o(.ARM.exidx.text.xEventGroupSync), (8 bytes).
    Removing event_groups.o(.ARM.exidx.text.xEventGroupSetBits), (8 bytes).
    Removing event_groups.o(.ARM.exidx.text.xEventGroupWaitBits), (8 bytes).
    Removing event_groups.o(.ARM.exidx.text.prvTestWaitCondition), (8 bytes).
    Removing event_groups.o(.ARM.exidx.text.xEventGroupClearBits), (8 bytes).
    Removing event_groups.o(.ARM.exidx.text.xEventGroupClearBitsFromISR), (8 bytes).
    Removing event_groups.o(.ARM.exidx.text.vEventGroupClearBitsCallback), (8 bytes).
    Removing event_groups.o(.text.xEventGroupGetBitsFromISR), (28 bytes).
    Removing event_groups.o(.ARM.exidx.text.xEventGroupGetBitsFromISR), (8 bytes).
    Removing event_groups.o(.text.vEventGroupDelete), (44 bytes).
    Removing event_groups.o(.ARM.exidx.text.vEventGroupDelete), (8 bytes).
    Removing event_groups.o(.text.vEventGroupSetBitsCallback), (8 bytes).
    Removing event_groups.o(.ARM.exidx.text.vEventGroupSetBitsCallback), (8 bytes).
    Removing event_groups.o(.text.xEventGroupSetBitsFromISR), (22 bytes).
    Removing event_groups.o(.ARM.exidx.text.xEventGroupSetBitsFromISR), (8 bytes).
    Removing event_groups.o(.text.uxEventGroupGetNumber), (10 bytes).
    Removing event_groups.o(.ARM.exidx.text.uxEventGroupGetNumber), (8 bytes).
    Removing event_groups.o(.text.vEventGroupSetNumber), (4 bytes).
    Removing event_groups.o(.ARM.exidx.text.vEventGroupSetNumber), (8 bytes).
    Removing list.o(.text), (0 bytes).
    Removing list.o(.ARM.exidx.text.vListInitialise), (8 bytes).
    Removing list.o(.ARM.exidx.text.vListInitialiseItem), (8 bytes).
    Removing list.o(.text.vListInsertEnd), (28 bytes).
    Removing list.o(.ARM.exidx.text.vListInsertEnd), (8 bytes).
    Removing list.o(.ARM.exidx.text.vListInsert), (8 bytes).
    Removing list.o(.ARM.exidx.text.uxListRemove), (8 bytes).
    Removing port.o(.text), (0 bytes).
    Removing port.o(.ARM.exidx.text.pxPortInitialiseStack), (8 bytes).
    Removing port.o(.ARM.exidx.text.prvTaskExitError), (8 bytes).
    Removing port.o(.ARM.exidx.text.SVC_Handler), (8 bytes).
    Removing port.o(.ARM.exidx.text.xPortStartScheduler), (8 bytes).
    Removing port.o(.ARM.exidx.text.vPortSetupTimerInterrupt), (8 bytes).
    Removing port.o(.ARM.exidx.text.prvPortStartFirstTask), (8 bytes).
    Removing port.o(.text.vPortEndScheduler), (2 bytes).
    Removing port.o(.ARM.exidx.text.vPortEndScheduler), (8 bytes).
    Removing port.o(.ARM.exidx.text.vPortEnterCritical), (8 bytes).
    Removing port.o(.ARM.exidx.text.vPortExitCritical), (8 bytes).
    Removing port.o(.ARM.exidx.text.PendSV_Handler), (8 bytes).
    Removing port.o(.ARM.exidx.text.xPortSysTickHandler), (8 bytes).
    Removing heap_4.o(.text), (0 bytes).
    Removing heap_4.o(.ARM.exidx.text.pvPortMalloc), (8 bytes).
    Removing heap_4.o(.ARM.exidx.text.prvHeapInit), (8 bytes).
    Removing heap_4.o(.ARM.exidx.text.prvInsertBlockIntoFreeList), (8 bytes).
    Removing heap_4.o(.ARM.exidx.text.vPortFree), (8 bytes).
    Removing heap_4.o(.text.xPortGetFreeHeapSize), (12 bytes).
    Removing heap_4.o(.ARM.exidx.text.xPortGetFreeHeapSize), (8 bytes).
    Removing heap_4.o(.text.xPortGetMinimumEverFreeHeapSize), (12 bytes).
    Removing heap_4.o(.ARM.exidx.text.xPortGetMinimumEverFreeHeapSize), (8 bytes).
    Removing heap_4.o(.text.vPortInitialiseBlocks), (2 bytes).
    Removing heap_4.o(.ARM.exidx.text.vPortInitialiseBlocks), (8 bytes).
    Removing heap_4.o(.text.pvPortCalloc), (38 bytes).
    Removing heap_4.o(.ARM.exidx.text.pvPortCalloc), (8 bytes).
    Removing heap_4.o(.text.vPortGetHeapStats), (152 bytes).
    Removing heap_4.o(.ARM.exidx.text.vPortGetHeapStats), (8 bytes).
    Removing queue.o(.text), (0 bytes).
    Removing queue.o(.ARM.exidx.text.xQueueGenericReset), (8 bytes).
    Removing queue.o(.ARM.exidx.text.xQueueGenericCreateStatic), (8 bytes).
    Removing queue.o(.ARM.exidx.text.prvInitialiseNewQueue), (8 bytes).
    Removing queue.o(.ARM.exidx.text.xQueueGenericCreate), (8 bytes).
    Removing queue.o(.ARM.exidx.text.xQueueCreateMutex), (8 bytes).
    Removing queue.o(.ARM.exidx.text.prvInitialiseMutex), (8 bytes).
    Removing queue.o(.ARM.exidx.text.xQueueCreateMutexStatic), (8 bytes).
    Removing queue.o(.text.xQueueGetMutexHolder), (26 bytes).
    Removing queue.o(.ARM.exidx.text.xQueueGetMutexHolder), (8 bytes).
    Removing queue.o(.text.xQueueGetMutexHolderFromISR), (12 bytes).
    Removing queue.o(.ARM.exidx.text.xQueueGetMutexHolderFromISR), (8 bytes).
    Removing queue.o(.ARM.exidx.text.xQueueGiveMutexRecursive), (8 bytes).
    Removing queue.o(.ARM.exidx.text.xQueueGenericSend), (8 bytes).
    Removing queue.o(.ARM.exidx.text.xQueueTakeMutexRecursive), (8 bytes).
    Removing queue.o(.ARM.exidx.text.xQueueSemaphoreTake), (8 bytes).
    Removing queue.o(.ARM.exidx.text.xQueueCreateCountingSemaphoreStatic), (8 bytes).
    Removing queue.o(.ARM.exidx.text.xQueueCreateCountingSemaphore), (8 bytes).
    Removing queue.o(.ARM.exidx.text.prvCopyDataToQueue), (8 bytes).
    Removing queue.o(.ARM.exidx.text.prvIsQueueFull), (8 bytes).
    Removing queue.o(.ARM.exidx.text.prvUnlockQueue), (8 bytes).
    Removing queue.o(.ARM.exidx.text.xQueueGenericSendFromISR), (8 bytes).
    Removing queue.o(.ARM.exidx.text.xQueueGiveFromISR), (8 bytes).
    Removing queue.o(.ARM.exidx.text.xQueueReceive), (8 bytes).
    Removing queue.o(.ARM.exidx.text.prvCopyDataFromQueue), (8 bytes).
    Removing queue.o(.ARM.exidx.text.prvIsQueueEmpty), (8 bytes).
    Removing queue.o(.ARM.exidx.text.prvGetDisinheritPriorityAfterTimeout), (8 bytes).
    Removing queue.o(.text.xQueuePeek), (288 bytes).
    Removing queue.o(.ARM.exidx.text.xQueuePeek), (8 bytes).
    Removing queue.o(.ARM.exidx.text.xQueueReceiveFromISR), (8 bytes).
    Removing queue.o(.text.xQueuePeekFromISR), (54 bytes).
    Removing queue.o(.ARM.exidx.text.xQueuePeekFromISR), (8 bytes).
    Removing queue.o(.ARM.exidx.text.uxQueueMessagesWaiting), (8 bytes).
    Removing queue.o(.text.uxQueueSpacesAvailable), (22 bytes).
    Removing queue.o(.ARM.exidx.text.uxQueueSpacesAvailable), (8 bytes).
    Removing queue.o(.text.uxQueueMessagesWaitingFromISR), (4 bytes).
    Removing queue.o(.ARM.exidx.text.uxQueueMessagesWaitingFromISR), (8 bytes).
    Removing queue.o(.ARM.exidx.text.vQueueDelete), (8 bytes).
    Removing queue.o(.text.uxQueueGetQueueNumber), (4 bytes).
    Removing queue.o(.ARM.exidx.text.uxQueueGetQueueNumber), (8 bytes).
    Removing queue.o(.text.vQueueSetQueueNumber), (4 bytes).
    Removing queue.o(.ARM.exidx.text.vQueueSetQueueNumber), (8 bytes).
    Removing queue.o(.text.ucQueueGetQueueType), (6 bytes).
    Removing queue.o(.ARM.exidx.text.ucQueueGetQueueType), (8 bytes).
    Removing queue.o(.text.xQueueIsQueueEmptyFromISR), (10 bytes).
    Removing queue.o(.ARM.exidx.text.xQueueIsQueueEmptyFromISR), (8 bytes).
    Removing queue.o(.text.xQueueIsQueueFullFromISR), (14 bytes).
    Removing queue.o(.ARM.exidx.text.xQueueIsQueueFullFromISR), (8 bytes).
    Removing queue.o(.ARM.exidx.text.vQueueWaitForMessageRestricted), (8 bytes).
    Removing tasks.o(.text), (0 bytes).
    Removing tasks.o(.ARM.exidx.text.xTaskCreateStatic), (8 bytes).
    Removing tasks.o(.ARM.exidx.text.prvInitialiseNewTask), (8 bytes).
    Removing tasks.o(.ARM.exidx.text.prvAddNewTaskToReadyList), (8 bytes).
    Removing tasks.o(.ARM.exidx.text.xTaskCreate), (8 bytes).
    Removing tasks.o(.text.vTaskDelete), (170 bytes).
    Removing tasks.o(.ARM.exidx.text.vTaskDelete), (8 bytes).
    Removing tasks.o(.ARM.exidx.text.prvResetNextTaskUnblockTime), (8 bytes).
    Removing tasks.o(.ARM.exidx.text.prvDeleteTCB), (8 bytes).
    Removing tasks.o(.text.xTaskDelayUntil), (96 bytes).
    Removing tasks.o(.ARM.exidx.text.xTaskDelayUntil), (8 bytes).
    Removing tasks.o(.ARM.exidx.text.vTaskSuspendAll), (8 bytes).
    Removing tasks.o(.ARM.exidx.text.prvAddCurrentTaskToDelayedList), (8 bytes).
    Removing tasks.o(.ARM.exidx.text.xTaskResumeAll), (8 bytes).
    Removing tasks.o(.ARM.exidx.text.vTaskDelay), (8 bytes).
    Removing tasks.o(.text.eTaskGetState), (136 bytes).
    Removing tasks.o(.ARM.exidx.text.eTaskGetState), (8 bytes).
    Removing tasks.o(.text.uxTaskPriorityGet), (30 bytes).
    Removing tasks.o(.ARM.exidx.text.uxTaskPriorityGet), (8 bytes).
    Removing tasks.o(.text.uxTaskPriorityGetFromISR), (40 bytes).
    Removing tasks.o(.ARM.exidx.text.uxTaskPriorityGetFromISR), (8 bytes).
    Removing tasks.o(.text.vTaskPrioritySet), (230 bytes).
    Removing tasks.o(.ARM.exidx.text.vTaskPrioritySet), (8 bytes).
    Removing tasks.o(.text.vTaskSuspend), (174 bytes).
    Removing tasks.o(.ARM.exidx.text.vTaskSuspend), (8 bytes).
    Removing tasks.o(.ARM.exidx.text.vTaskSwitchContext), (8 bytes).
    Removing tasks.o(.text.vTaskResume), (150 bytes).
    Removing tasks.o(.ARM.exidx.text.vTaskResume), (8 bytes).
    Removing tasks.o(.text.prvTaskIsTaskSuspended), (46 bytes).
    Removing tasks.o(.ARM.exidx.text.prvTaskIsTaskSuspended), (8 bytes).
    Removing tasks.o(.text.xTaskResumeFromISR), (180 bytes).
    Removing tasks.o(.ARM.exidx.text.xTaskResumeFromISR), (8 bytes).
    Removing tasks.o(.ARM.exidx.text.vTaskStartScheduler), (8 bytes).
    Removing tasks.o(.ARM.exidx.text.prvIdleTask), (8 bytes).
    Removing tasks.o(.text.vTaskEndScheduler), (36 bytes).
    Removing tasks.o(.ARM.exidx.text.vTaskEndScheduler), (8 bytes).
    Removing tasks.o(.ARM.exidx.text.xTaskIncrementTick), (8 bytes).
    Removing tasks.o(.ARM.exidx.text.xTaskGetTickCount), (8 bytes).
    Removing tasks.o(.ARM.exidx.text.xTaskGetTickCountFromISR), (8 bytes).
    Removing tasks.o(.ARM.exidx.text.uxTaskGetNumberOfTasks), (8 bytes).
    Removing tasks.o(.text.pcTaskGetName), (20 bytes).
    Removing tasks.o(.ARM.exidx.text.pcTaskGetName), (8 bytes).
    Removing tasks.o(.text.uxTaskGetSystemState), (196 bytes).
    Removing tasks.o(.ARM.exidx.text.uxTaskGetSystemState), (8 bytes).
    Removing tasks.o(.text.prvListTasksWithinSingleList), (100 bytes).
    Removing tasks.o(.ARM.exidx.text.prvListTasksWithinSingleList), (8 bytes).
    Removing tasks.o(.text.xTaskCatchUpTicks), (36 bytes).
    Removing tasks.o(.ARM.exidx.text.xTaskCatchUpTicks), (8 bytes).
    Removing tasks.o(.ARM.exidx.text.vTaskPlaceOnEventList), (8 bytes).
    Removing tasks.o(.ARM.exidx.text.vTaskPlaceOnUnorderedEventList), (8 bytes).
    Removing tasks.o(.ARM.exidx.text.vTaskPlaceOnEventListRestricted), (8 bytes).
    Removing tasks.o(.ARM.exidx.text.xTaskRemoveFromEventList), (8 bytes).
    Removing tasks.o(.ARM.exidx.text.vTaskRemoveFromUnorderedEventList), (8 bytes).
    Removing tasks.o(.text.vTaskSetTimeOutState), (38 bytes).
    Removing tasks.o(.ARM.exidx.text.vTaskSetTimeOutState), (8 bytes).
    Removing tasks.o(.ARM.exidx.text.vTaskInternalSetTimeOutState), (8 bytes).
    Removing tasks.o(.ARM.exidx.text.xTaskCheckForTimeOut), (8 bytes).
    Removing tasks.o(.ARM.exidx.text.vTaskMissedYield), (8 bytes).
    Removing tasks.o(.text.uxTaskGetTaskNumber), (10 bytes).
    Removing tasks.o(.ARM.exidx.text.uxTaskGetTaskNumber), (8 bytes).
    Removing tasks.o(.text.vTaskSetTaskNumber), (8 bytes).
    Removing tasks.o(.ARM.exidx.text.vTaskSetTaskNumber), (8 bytes).
    Removing tasks.o(.text.vTaskGetInfo), (126 bytes).
    Removing tasks.o(.ARM.exidx.text.vTaskGetInfo), (8 bytes).
    Removing tasks.o(.text.prvTaskCheckFreeStackSpace), (32 bytes).
    Removing tasks.o(.ARM.exidx.text.prvTaskCheckFreeStackSpace), (8 bytes).
    Removing tasks.o(.text.uxTaskGetStackHighWaterMark), (22 bytes).
    Removing tasks.o(.ARM.exidx.text.uxTaskGetStackHighWaterMark), (8 bytes).
    Removing tasks.o(.ARM.exidx.text.xTaskGetCurrentTaskHandle), (8 bytes).
    Removing tasks.o(.ARM.exidx.text.xTaskGetSchedulerState), (8 bytes).
    Removing tasks.o(.ARM.exidx.text.xTaskPriorityInherit), (8 bytes).
    Removing tasks.o(.ARM.exidx.text.xTaskPriorityDisinherit), (8 bytes).
    Removing tasks.o(.ARM.exidx.text.vTaskPriorityDisinheritAfterTimeout), (8 bytes).
    Removing tasks.o(.ARM.exidx.text.uxTaskResetEventItemValue), (8 bytes).
    Removing tasks.o(.ARM.exidx.text.pvTaskIncrementMutexHeldCount), (8 bytes).
    Removing tasks.o(.text.ulTaskGenericNotifyTake), (128 bytes).
    Removing tasks.o(.ARM.exidx.text.ulTaskGenericNotifyTake), (8 bytes).
    Removing tasks.o(.text.xTaskGenericNotifyWait), (160 bytes).
    Removing tasks.o(.ARM.exidx.text.xTaskGenericNotifyWait), (8 bytes).
    Removing tasks.o(.text.xTaskGenericNotify), (250 bytes).
    Removing tasks.o(.ARM.exidx.text.xTaskGenericNotify), (8 bytes).
    Removing tasks.o(.text.xTaskGenericNotifyFromISR), (302 bytes).
    Removing tasks.o(.ARM.exidx.text.xTaskGenericNotifyFromISR), (8 bytes).
    Removing tasks.o(.text.vTaskGenericNotifyGiveFromISR), (236 bytes).
    Removing tasks.o(.ARM.exidx.text.vTaskGenericNotifyGiveFromISR), (8 bytes).
    Removing tasks.o(.text.xTaskGenericNotifyStateClear), (46 bytes).
    Removing tasks.o(.ARM.exidx.text.xTaskGenericNotifyStateClear), (8 bytes).
    Removing tasks.o(.text.ulTaskGenericNotifyValueClear), (44 bytes).
    Removing tasks.o(.ARM.exidx.text.ulTaskGenericNotifyValueClear), (8 bytes).
    Removing tasks.o(.ARM.exidx.text.prvInitialiseTaskLists), (8 bytes).
    Removing tasks.o(.ARM.exidx.text.prvCheckTasksWaitingTermination), (8 bytes).
    Removing timers.o(.text), (0 bytes).
    Removing timers.o(.ARM.exidx.text.xTimerCreateTimerTask), (8 bytes).
    Removing timers.o(.ARM.exidx.text.prvCheckForValidListAndQueue), (8 bytes).
    Removing timers.o(.ARM.exidx.text.prvTimerTask), (8 bytes).
    Removing timers.o(.text.xTimerCreate), (56 bytes).
    Removing timers.o(.ARM.exidx.text.xTimerCreate), (8 bytes).
    Removing timers.o(.text.prvInitialiseNewTimer), (62 bytes).
    Removing timers.o(.ARM.exidx.text.prvInitialiseNewTimer), (8 bytes).
    Removing timers.o(.text.xTimerCreateStatic), (32 bytes).
    Removing timers.o(.ARM.exidx.text.xTimerCreateStatic), (8 bytes).
    Removing timers.o(.text.xTimerGenericCommand), (86 bytes).
    Removing timers.o(.ARM.exidx.text.xTimerGenericCommand), (8 bytes).
    Removing timers.o(.text.xTimerGetTimerDaemonTaskHandle), (12 bytes).
    Removing timers.o(.ARM.exidx.text.xTimerGetTimerDaemonTaskHandle), (8 bytes).
    Removing timers.o(.text.xTimerGetPeriod), (4 bytes).
    Removing timers.o(.ARM.exidx.text.xTimerGetPeriod), (8 bytes).
    Removing timers.o(.text.vTimerSetReloadMode), (36 bytes).
    Removing timers.o(.ARM.exidx.text.vTimerSetReloadMode), (8 bytes).
    Removing timers.o(.text.xTimerGetReloadMode), (24 bytes).
    Removing timers.o(.ARM.exidx.text.xTimerGetReloadMode), (8 bytes).
    Removing timers.o(.text.uxTimerGetReloadMode), (8 bytes).
    Removing timers.o(.ARM.exidx.text.uxTimerGetReloadMode), (8 bytes).
    Removing timers.o(.text.xTimerGetExpiryTime), (4 bytes).
    Removing timers.o(.ARM.exidx.text.xTimerGetExpiryTime), (8 bytes).
    Removing timers.o(.text.pcTimerGetName), (4 bytes).
    Removing timers.o(.ARM.exidx.text.pcTimerGetName), (8 bytes).
    Removing timers.o(.text.xTimerIsTimerActive), (24 bytes).
    Removing timers.o(.ARM.exidx.text.xTimerIsTimerActive), (8 bytes).
    Removing timers.o(.text.pvTimerGetTimerID), (18 bytes).
    Removing timers.o(.ARM.exidx.text.pvTimerGetTimerID), (8 bytes).
    Removing timers.o(.text.vTimerSetTimerID), (18 bytes).
    Removing timers.o(.ARM.exidx.text.vTimerSetTimerID), (8 bytes).
    Removing timers.o(.ARM.exidx.text.xTimerPendFunctionCallFromISR), (8 bytes).
    Removing timers.o(.text.xTimerPendFunctionCall), (42 bytes).
    Removing timers.o(.ARM.exidx.text.xTimerPendFunctionCall), (8 bytes).
    Removing timers.o(.text.uxTimerGetTimerNumber), (4 bytes).
    Removing timers.o(.ARM.exidx.text.uxTimerGetTimerNumber), (8 bytes).
    Removing timers.o(.text.vTimerSetTimerNumber), (4 bytes).
    Removing timers.o(.ARM.exidx.text.vTimerSetTimerNumber), (8 bytes).
    Removing timers.o(.ARM.exidx.text.prvGetNextExpireTime), (8 bytes).
    Removing timers.o(.ARM.exidx.text.prvProcessTimerOrBlockTask), (8 bytes).
    Removing timers.o(.ARM.exidx.text.prvProcessReceivedCommands), (8 bytes).
    Removing timers.o(.ARM.exidx.text.prvSampleTimeNow), (8 bytes).
    Removing timers.o(.ARM.exidx.text.prvProcessExpiredTimer), (8 bytes).
    Removing timers.o(.ARM.exidx.text.prvSwitchTimerLists), (8 bytes).
    Removing timers.o(.ARM.exidx.text.prvReloadTimer), (8 bytes).
    Removing timers.o(.ARM.exidx.text.prvInsertTimerInActiveList), (8 bytes).

1092 unused section(s) (total 22050 bytes) removed from the image.

==============================================================================

Memory Map of the image

  Image Entry point : 0x08000131

  Load Region LR_IROM1 (Base: 0x08000000, Size: 0x00009b10, Max: 0x0000fc00, ABSOLUTE, COMPRESSED[0x00009978])

    Execution Region ER_IROM1 (Exec base: 0x08000000, Load base: 0x08000000, Size: 0x000097e4, Max: 0x0000fc00, ABSOLUTE)

    Exec Addr    Load Addr    Size         Type   Attr      Idx    E Section Name        Object

    0x08000000   0x08000000   0x00000130   Data   RO         1392    RESET               startup_gd32f10x_hd.o
    0x08000130   0x08000130   0x00000000   Code   RO         1854  * .ARM.Collect$$$$00000000  mc_w.l(entry.o)
    0x08000130   0x08000130   0x00000004   Code   RO         1913    .ARM.Collect$$$$00000001  mc_w.l(entry2.o)
    0x08000134   0x08000134   0x00000004   Code   RO         1916    .ARM.Collect$$$$00000004  mc_w.l(entry5.o)
    0x08000138   0x08000138   0x00000000   Code   RO         1918    .ARM.Collect$$$$00000008  mc_w.l(entry7b.o)
    0x08000138   0x08000138   0x00000000   Code   RO         1920    .ARM.Collect$$$$0000000A  mc_w.l(entry8b.o)
    0x08000138   0x08000138   0x00000008   Code   RO         1921    .ARM.Collect$$$$0000000B  mc_w.l(entry9a.o)
    0x08000140   0x08000140   0x00000000   Code   RO         1923    .ARM.Collect$$$$0000000D  mc_w.l(entry10a.o)
    0x08000140   0x08000140   0x00000000   Code   RO         1925    .ARM.Collect$$$$0000000F  mc_w.l(entry11a.o)
    0x08000140   0x08000140   0x00000004   Code   RO         1914    .ARM.Collect$$$$00002712  mc_w.l(entry2.o)
    0x08000144   0x08000144   0x00000024   Code   RO         1393    .text               startup_gd32f10x_hd.o
    0x08000168   0x08000168   0x00000040   Code   RO         1859    .text               mc_w.l(memmovea.o)
    0x080001a8   0x080001a8   0x00000024   Code   RO         1861    .text               mc_w.l(memseta.o)
    0x080001cc   0x080001cc   0x0000000e   Code   RO         1863    .text               mc_w.l(strlen.o)
    0x080001da   0x080001da   0x00000064   Code   RO         1869    .text               mf_w.l(fmul.o)
    0x0800023e   0x0800023e   0x0000007c   Code   RO         1871    .text               mf_w.l(fdiv.o)
    0x080002ba   0x080002ba   0x000000e4   Code   RO         1873    .text               mf_w.l(dmul.o)
    0x0800039e   0x0800039e   0x000000de   Code   RO         1875    .text               mf_w.l(ddiv.o)
    0x0800047c   0x0800047c   0x0000000a   Code   RO         1877    .text               mf_w.l(ffltui.o)
    0x08000486   0x08000486   0x0000001a   Code   RO         1879    .text               mf_w.l(dfltui.o)
    0x080004a0   0x080004a0   0x00000032   Code   RO         1881    .text               mf_w.l(ffixi.o)
    0x080004d2   0x080004d2   0x0000003e   Code   RO         1883    .text               mf_w.l(dfixi.o)
    0x08000510   0x08000510   0x00000020   Code   RO         1927    .text               mc_w.l(llushr.o)
    0x08000530   0x08000530   0x00000000   Code   RO         1936    .text               mc_w.l(iusefp.o)
    0x08000530   0x08000530   0x0000006e   Code   RO         1937    .text               mf_w.l(fepilogue.o)
    0x0800059e   0x0800059e   0x000000ba   Code   RO         1939    .text               mf_w.l(depilogue.o)
    0x08000658   0x08000658   0x00000024   Code   RO         1945    .text               mc_w.l(init.o)
    0x0800067c   0x0800067c   0x0000001e   Code   RO         1947    .text               mc_w.l(llshl.o)
    0x0800069a   0x0800069a   0x0000014e   Code   RO         1949    .text               mf_w.l(dadd.o)
    0x080007e8   0x080007e8   0x0000002e   Code   RO         1951    .text               mf_w.l(dscalb.o)
    0x08000816   0x08000816   0x00000022   Code   RO         1953    .text               mf_w.l(dflti.o)
    0x08000838   0x08000838   0x00000024   Code   RO         1955    .text               mc_w.l(llsshr.o)
    0x0800085c   0x0800085c   0x00000056   Code   RO         1965    .text               mc_w.l(__dczerorl2.o)
    0x080008b2   0x080008b2   0x00000002   PAD
    0x080008b4   0x080008b4   0x00000002   Code   RO          564    .text.BusFault_Handler  gd32f10x_it.o
    0x080008b6   0x080008b6   0x00000002   PAD
    0x080008b8   0x080008b8   0x00000010   Code   RO          574    .text.CAN0_EWMC_IRQHandler  gd32f10x_it.o
    0x080008c8   0x080008c8   0x00000012   Code   RO          570    .text.CAN0_RX1_IRQHandler  gd32f10x_it.o
    0x080008da   0x080008da   0x00000002   PAD
    0x080008dc   0x080008dc   0x00000066   Code   RO          143    .text.CAN_GetRxMessage  co_driver_st32f103.o
    0x08000942   0x08000942   0x00000002   PAD
    0x08000944   0x08000944   0x0000006c   Code   RO          141    .text.CAN_SendMessage  co_driver_st32f103.o
    0x080009b0   0x080009b0   0x0000003e   Code   RO          213    .text.CO_CANinit    canopen.o
    0x080009ee   0x080009ee   0x00000002   PAD
    0x080009f0   0x080009f0   0x0000001c   Code   RO          125    .text.CO_CANmodule_disable  co_driver_st32f103.o
    0x08000a0c   0x08000a0c   0x00000132   Code   RO          123    .text.CO_CANmodule_init  co_driver_st32f103.o
    0x08000b3e   0x08000b3e   0x00000002   PAD
    0x08000b40   0x08000b40   0x00000018   Code   RO          139    .text.CO_CANmodule_process  co_driver_st32f103.o
    0x08000b58   0x08000b58   0x000000de   Code   RO          217    .text.CO_CANopenInit  canopen.o
    0x08000c36   0x08000c36   0x00000002   PAD
    0x08000c38   0x08000c38   0x0000011e   Code   RO          219    .text.CO_CANopenInitPDO  canopen.o
    0x08000d56   0x08000d56   0x00000002   PAD
    0x08000d58   0x08000d58   0x0000005e   Code   RO          127    .text.CO_CANrxBufferInit  co_driver_st32f103.o
    0x08000db6   0x08000db6   0x00000002   PAD
    0x08000db8   0x08000db8   0x00000048   Code   RO          133    .text.CO_CANsend    co_driver_st32f103.o
    0x08000e00   0x08000e00   0x0000001c   Code   RO          119    .text.CO_CANsetConfigurationMode  co_driver_st32f103.o
    0x08000e1c   0x08000e1c   0x00000024   Code   RO          121    .text.CO_CANsetNormalMode  co_driver_st32f103.o
    0x08000e40   0x08000e40   0x00000042   Code   RO          129    .text.CO_CANtxBufferInit  co_driver_st32f103.o
    0x08000e82   0x08000e82   0x00000002   PAD
    0x08000e84   0x08000e84   0x0000014a   Code   RO          248    .text.CO_EM_init    co_emergency.o
    0x08000fce   0x08000fce   0x00000002   PAD
    0x08000fd0   0x08000fd0   0x000001c2   Code   RO          262    .text.CO_EM_process  co_emergency.o
    0x08001192   0x08001192   0x00000002   PAD
    0x08001194   0x08001194   0x00000040   Code   RO          215    .text.CO_LSSinit    canopen.o
    0x080011d4   0x080011d4   0x000000bc   Code   RO          407    .text.CO_LSSslave_init  co_lssslave.o
    0x08001290   0x08001290   0x00000208   Code   RO          417    .text.CO_LSSslave_process  co_lssslave.o
    0x08001498   0x08001498   0x00000156   Code   RO          409    .text.CO_LSSslave_receive  co_lssslave.o
    0x080015ee   0x080015ee   0x00000002   PAD
    0x080015f0   0x080015f0   0x0000000c   Code   RO          223    .text.CO_NMT_getInternalState  canopen.o
    0x080015fc   0x080015fc   0x000000fa   Code   RO          282    .text.CO_NMT_init   co_nmt_heartbeat.o
    0x080016f6   0x080016f6   0x00000002   PAD
    0x080016f8   0x080016f8   0x00000130   Code   RO          294    .text.CO_NMT_process  co_nmt_heartbeat.o
    0x08001828   0x08001828   0x0000001c   Code   RO          292    .text.CO_NMT_receive  co_nmt_heartbeat.o
    0x08001844   0x08001844   0x00000050   Code   RO          318    .text.CO_PDO_receive  co_pdo.o
    0x08001894   0x08001894   0x00000196   Code   RO          310    .text.CO_RPDO_init  co_pdo.o
    0x08001a2a   0x08001a2a   0x00000002   PAD
    0x08001a2c   0x08001a2c   0x0000015e   Code   RO          330    .text.CO_RPDO_process  co_pdo.o
    0x08001b8a   0x08001b8a   0x00000002   PAD
    0x08001b8c   0x08001b8c   0x0000002a   Code   RO          393    .text.CO_SDO_receive  co_sdoserver.o
    0x08001bb6   0x08001bb6   0x00000002   PAD
    0x08001bb8   0x08001bb8   0x00000194   Code   RO          365    .text.CO_SDOserver_init  co_sdoserver.o
    0x08001d4c   0x08001d4c   0x00000090   Code   RO          379    .text.CO_SDOserver_init_canRxTx  co_sdoserver.o
    0x08001ddc   0x08001ddc   0x0000054a   Code   RO          381    .text.CO_SDOserver_process  co_sdoserver.o
    0x08002326   0x08002326   0x00000002   PAD
    0x08002328   0x08002328   0x00000204   Code   RO          332    .text.CO_TPDO_init  co_pdo.o
    0x0800252c   0x0800252c   0x000000a6   Code   RO          338    .text.CO_TPDO_process  co_pdo.o
    0x080025d2   0x080025d2   0x00000002   PAD
    0x080025d4   0x080025d4   0x000000ce   Code   RO          340    .text.CO_TPDOsend   co_pdo.o
    0x080026a2   0x080026a2   0x00000002   PAD
    0x080026a4   0x080026a4   0x000000b6   Code   RO          264    .text.CO_error      co_emergency.o
    0x0800275a   0x0800275a   0x00000002   PAD
    0x0800275c   0x0800275c   0x00000010   Code   RO          298    .text.CO_getErrorRegister  co_nmt_heartbeat.o
    0x0800276c   0x0800276c   0x00000004   Code   RO           89    .text.CO_getUint16  process.o
    0x08002770   0x08002770   0x00000004   Code   RO          300    .text.CO_getUint16  co_nmt_heartbeat.o
    0x08002774   0x08002774   0x00000004   Code   RO          354    .text.CO_getUint16  co_pdo.o
    0x08002778   0x08002778   0x00000004   Code   RO          348    .text.CO_getUint32  co_pdo.o
    0x0800277c   0x0800277c   0x00000004   Code   RO          389    .text.CO_getUint32  co_sdoserver.o
    0x08002780   0x08002780   0x00000004   Code   RO           91    .text.CO_getUint8   process.o
    0x08002784   0x08002784   0x00000004   Code   RO          270    .text.CO_getUint8   co_emergency.o
    0x08002788   0x08002788   0x00000004   Code   RO          352    .text.CO_getUint8   co_pdo.o
    0x0800278c   0x0800278c   0x00000004   Code   RO          391    .text.CO_getUint8   co_sdoserver.o
    0x08002790   0x08002790   0x00000020   Code   RO          296    .text.CO_isError    co_nmt_heartbeat.o
    0x080027b0   0x080027b0   0x00000074   Code   RO          207    .text.CO_new        canopen.o
    0x08002824   0x08002824   0x00000088   Code   RO          221    .text.CO_process    canopen.o
    0x080028ac   0x080028ac   0x00000044   Code   RO          225    .text.CO_process_RPDO  canopen.o
    0x080028f0   0x080028f0   0x00000032   Code   RO          227    .text.CO_process_TPDO  canopen.o
    0x08002922   0x08002922   0x00000002   PAD
    0x08002924   0x08002924   0x00000004   Code   RO          266    .text.CO_setUint32  co_emergency.o
    0x08002928   0x08002928   0x00000004   Code   RO          350    .text.CO_setUint32  co_pdo.o
    0x0800292c   0x0800292c   0x00000004   Code   RO          268    .text.CO_setUint8   co_emergency.o
    0x08002930   0x08002930   0x00000002   Code   RO          568    .text.DebugMon_Handler  gd32f10x_it.o
    0x08002932   0x08002932   0x00000002   PAD
    0x08002934   0x08002934   0x00000006   Code   RO            8    .text.Error_Handler  main.o
    0x0800293a   0x0800293a   0x00000002   PAD
    0x0800293c   0x0800293c   0x00000020   Code   RO          147    .text.HAL_CAN_ErrorCallback  co_driver_st32f103.o
    0x0800295c   0x0800295c   0x00000002   Code   RO          560    .text.HardFault_Handler  gd32f10x_it.o
    0x0800295e   0x0800295e   0x00000002   PAD
    0x08002960   0x08002960   0x0000002e   Code   RO          610    .text.IRQ_Context   cmsis_os2.o
    0x0800298e   0x0800298e   0x00000002   PAD
    0x08002990   0x08002990   0x00000060   Code   RO          518    .text.InitBaseTick  init.o
    0x080029f0   0x080029f0   0x0000001e   Code   RO          431    .text.MEM_If_Read_FS  flash_data.o
    0x08002a0e   0x08002a0e   0x00000002   PAD
    0x08002a10   0x08002a10   0x00000032   Code   RO          449    .text.MEM_If_Write_FS  flash_data.o
    0x08002a42   0x08002a42   0x00000002   PAD
    0x08002a44   0x08002a44   0x000000be   Code   RO          526    .text.MX_CAN_Init   init.o
    0x08002b02   0x08002b02   0x00000002   PAD
    0x08002b04   0x08002b04   0x00000094   Code   RO          516    .text.MX_GPIO_Init  init.o
    0x08002b98   0x08002b98   0x00000054   Code   RO          514    .text.MX_RCU_Init   init.o
    0x08002bec   0x08002bec   0x00000038   Code   RO          520    .text.MX_SPI2_Init  init.o
    0x08002c24   0x08002c24   0x0000013a   Code   RO          522    .text.MX_TIM1_Init  init.o
    0x08002d5e   0x08002d5e   0x00000002   PAD
    0x08002d60   0x08002d60   0x00000050   Code   RO          524    .text.MX_TIM3_Init  init.o
    0x08002db0   0x08002db0   0x00000002   Code   RO          562    .text.MemManage_Handler  gd32f10x_it.o
    0x08002db2   0x08002db2   0x00000002   PAD
    0x08002db4   0x08002db4   0x00000002   Code   RO          558    .text.NMI_Handler   gd32f10x_it.o
    0x08002db6   0x08002db6   0x00000002   PAD
    0x08002db8   0x08002db8   0x00000008   Code   RO           81    .text.OD_extension_init  process.o
    0x08002dc0   0x08002dc0   0x0000000c   Code   RO          256    .text.OD_extension_init  co_emergency.o
    0x08002dcc   0x08002dcc   0x0000000c   Code   RO          290    .text.OD_extension_init  co_nmt_heartbeat.o
    0x08002dd8   0x08002dd8   0x00000008   Code   RO          328    .text.OD_extension_init  co_pdo.o
    0x08002de0   0x08002de0   0x0000000c   Code   RO          377    .text.OD_extension_init  co_sdoserver.o
    0x08002dec   0x08002dec   0x00000072   Code   RO          182    .text.OD_find       co_odinterface.o
    0x08002e5e   0x08002e5e   0x00000002   PAD
    0x08002e60   0x08002e60   0x00000012   Code   RO           83    .text.OD_getFlagsPDO  process.o
    0x08002e72   0x08002e72   0x00000002   PAD
    0x08002e74   0x08002e74   0x0000000a   Code   RO          250    .text.OD_getIndex   co_emergency.o
    0x08002e7e   0x08002e7e   0x00000002   PAD
    0x08002e80   0x08002e80   0x0000000a   Code   RO          286    .text.OD_getIndex   co_nmt_heartbeat.o
    0x08002e8a   0x08002e8a   0x00000002   PAD
    0x08002e8c   0x08002e8c   0x0000000a   Code   RO          316    .text.OD_getIndex   co_pdo.o
    0x08002e96   0x08002e96   0x00000002   PAD
    0x08002e98   0x08002e98   0x0000000a   Code   RO          367    .text.OD_getIndex   co_sdoserver.o
    0x08002ea2   0x08002ea2   0x00000002   PAD
    0x08002ea4   0x08002ea4   0x00000046   Code   RO          196    .text.OD_getPtr     co_odinterface.o
    0x08002eea   0x08002eea   0x00000002   PAD
    0x08002eec   0x08002eec   0x0000001c   Code   RO          190    .text.OD_getSDOabCode  co_odinterface.o
    0x08002f08   0x08002f08   0x0000010e   Code   RO          184    .text.OD_getSub     co_odinterface.o
    0x08003016   0x08003016   0x00000002   PAD
    0x08003018   0x08003018   0x0000001a   Code   RO          284    .text.OD_get_u16    co_nmt_heartbeat.o
    0x08003032   0x08003032   0x00000002   PAD
    0x08003034   0x08003034   0x00000016   Code   RO          320    .text.OD_get_u16    co_pdo.o
    0x0800304a   0x0800304a   0x00000002   PAD
    0x0800304c   0x0800304c   0x0000001a   Code   RO          252    .text.OD_get_u32    co_emergency.o
    0x08003066   0x08003066   0x00000002   PAD
    0x08003068   0x08003068   0x00000016   Code   RO          314    .text.OD_get_u32    co_pdo.o
    0x0800307e   0x0800307e   0x00000002   PAD
    0x08003080   0x08003080   0x00000016   Code   RO          373    .text.OD_get_u32    co_sdoserver.o
    0x08003096   0x08003096   0x00000002   PAD
    0x08003098   0x08003098   0x00000016   Code   RO          334    .text.OD_get_u8     co_pdo.o
    0x080030ae   0x080030ae   0x00000002   PAD
    0x080030b0   0x080030b0   0x0000001a   Code   RO          371    .text.OD_get_u8     co_sdoserver.o
    0x080030ca   0x080030ca   0x00000002   PAD
    0x080030cc   0x080030cc   0x00000040   Code   RO          192    .text.OD_get_value  co_odinterface.o
    0x0800310c   0x0800310c   0x00000014   Code   RO          385    .text.OD_mappable   co_sdoserver.o
    0x08003120   0x08003120   0x00000004   Code   RO          186    .text.OD_readDisabled  co_odinterface.o
    0x08003124   0x08003124   0x0000006c   Code   RO          178    .text.OD_readOriginal  co_odinterface.o
    0x08003190   0x08003190   0x00000086   Code   RO          258    .text.OD_read_1003  co_emergency.o
    0x08003216   0x08003216   0x00000002   PAD
    0x08003218   0x08003218   0x00000044   Code   RO          254    .text.OD_read_1014_default  co_emergency.o
    0x0800325c   0x0800325c   0x0000005a   Code   RO          322    .text.OD_read_PDO_commParam  co_pdo.o
    0x080032b6   0x080032b6   0x00000002   PAD
    0x080032b8   0x080032b8   0x00000032   Code   RO          344    .text.OD_read_dummy  co_pdo.o
    0x080032ea   0x080032ea   0x00000002   PAD
    0x080032ec   0x080032ec   0x00000010   Code   RO           87    .text.OD_requestTPDO  process.o
    0x080032fc   0x080032fc   0x0000001a   Code   RO          369    .text.OD_set_u32    co_sdoserver.o
    0x08003316   0x08003316   0x00000002   PAD
    0x08003318   0x08003318   0x00000038   Code   RO          194    .text.OD_set_value  co_odinterface.o
    0x08003350   0x08003350   0x00000030   Code   RO           71    .text.OD_writeBITRATE  process.o
    0x08003380   0x08003380   0x000000a2   Code   RO           67    .text.OD_writeBRIGTH  process.o
    0x08003422   0x08003422   0x00000002   PAD
    0x08003424   0x08003424   0x0000004c   Code   RO           65    .text.OD_writeBlink  process.o
    0x08003470   0x08003470   0x00000004   Code   RO          188    .text.OD_writeDisabled  co_odinterface.o
    0x08003474   0x08003474   0x00000056   Code   RO           75    .text.OD_writeKeyboardParametr  process.o
    0x080034ca   0x080034ca   0x00000002   PAD
    0x080034cc   0x080034cc   0x0000004a   Code   RO           63    .text.OD_writeLed   process.o
    0x08003516   0x08003516   0x00000002   PAD
    0x08003518   0x08003518   0x00000030   Code   RO           73    .text.OD_writeNMT   process.o
    0x08003548   0x08003548   0x00000032   Code   RO           69    .text.OD_writeNode  process.o
    0x0800357a   0x0800357a   0x00000002   PAD
    0x0800357c   0x0800357c   0x0000006c   Code   RO          180    .text.OD_writeOriginal  co_odinterface.o
    0x080035e8   0x080035e8   0x00000054   Code   RO           77    .text.OD_writePWM   process.o
    0x0800363c   0x0800363c   0x0000003c   Code   RO          260    .text.OD_write_1003  co_emergency.o
    0x08003678   0x08003678   0x00000050   Code   RO          288    .text.OD_write_1017  co_nmt_heartbeat.o
    0x080036c8   0x080036c8   0x000001a0   Code   RO          375    .text.OD_write_1201_additional  co_sdoserver.o
    0x08003868   0x08003868   0x00000182   Code   RO          324    .text.OD_write_14xx  co_pdo.o
    0x080039ea   0x080039ea   0x00000002   PAD
    0x080039ec   0x080039ec   0x000001ae   Code   RO          336    .text.OD_write_18xx  co_pdo.o
    0x08003b9a   0x08003b9a   0x00000002   PAD
    0x08003b9c   0x08003b9c   0x000000da   Code   RO          326    .text.OD_write_PDO_mapping  co_pdo.o
    0x08003c76   0x08003c76   0x00000002   PAD
    0x08003c78   0x08003c78   0x0000000a   Code   RO          346    .text.OD_write_dummy  co_pdo.o
    0x08003c82   0x08003c82   0x00000002   PAD
    0x08003c84   0x08003c84   0x00000120   Code   RO          312    .text.PDO_initMapping  co_pdo.o
    0x08003da4   0x08003da4   0x00000110   Code   RO          342    .text.PDOconfigMap  co_pdo.o
    0x08003eb4   0x08003eb4   0x0000000c   PAD
    0x08003ec0   0x08003ec0   0x00000044   Code   RO         1490    .text.PendSV_Handler  port.o
    0x08003f04   0x08003f04   0x0000000c   PAD
    0x08003f10   0x08003f10   0x00000024   Code   RO         1476    .text.SVC_Handler   port.o
    0x08003f34   0x08003f34   0x00000008   Code   RO          618    .text.SVC_Setup     cmsis_os2.o
    0x08003f3c   0x08003f3c   0x00000034   Code   RO            4    .text.StartDefaultTask  main.o
    0x08003f70   0x08003f70   0x0000002a   Code   RO          589    .text.SysTick_Config  systick.o
    0x08003f9a   0x08003f9a   0x00000002   PAD
    0x08003f9c   0x08003f9c   0x0000001a   Code   RO          606    .text.SysTick_Handler  cmsis_os2.o
    0x08003fb6   0x08003fb6   0x00000002   PAD
    0x08003fb8   0x08003fb8   0x000000b0   Code   RO         1400    .text.SystemInit    system_gd32f10x.o
    0x08004068   0x08004068   0x0000002a   Code   RO          587    .text.SystickConfig  systick.o
    0x08004092   0x08004092   0x00000002   PAD
    0x08004094   0x08004094   0x00000026   Code   RO          578    .text.TIMER3_IRQHandler  gd32f10x_it.o
    0x080040ba   0x080040ba   0x00000002   PAD
    0x080040bc   0x080040bc   0x0000008c   Code   RO          576    .text.USBD_HP_CAN0_TX_IRQHandler  gd32f10x_it.o
    0x08004148   0x08004148   0x00000012   Code   RO          572    .text.USBD_LP_CAN0_RX0_IRQHandler  gd32f10x_it.o
    0x0800415a   0x0800415a   0x00000002   PAD
    0x0800415c   0x0800415c   0x00000002   Code   RO          566    .text.UsageFault_Handler  gd32f10x_it.o
    0x0800415e   0x0800415e   0x00000002   PAD
    0x08004160   0x08004160   0x0000000e   Code   RO          591    .text.__NVIC_SetPriority  systick.o
    0x0800416e   0x0800416e   0x00000002   PAD
    0x08004170   0x08004170   0x0000000e   Code   RO          768    .text.__NVIC_SetPriority  cmsis_os2.o
    0x0800417e   0x0800417e   0x00000002   PAD
    0x08004180   0x08004180   0x00000024   Code   RO           47    .text.__NVIC_SystemReset  canopennode.o
    0x080041a4   0x080041a4   0x00000048   Code   RO          479    .text.calcBrigt     led.o
    0x080041ec   0x080041ec   0x00000026   Code   RO          813    .text.can_deinit    gd32f10x_can.o
    0x08004212   0x08004212   0x00000002   PAD
    0x08004214   0x08004214   0x00000008   Code   RO          847    .text.can_error_get  gd32f10x_can.o
    0x0800421c   0x0800421c   0x0000001a   Code   RO          839    .text.can_fifo_release  gd32f10x_can.o
    0x08004236   0x08004236   0x00000002   PAD
    0x08004238   0x08004238   0x000000b2   Code   RO          819    .text.can_filter_init  gd32f10x_can.o
    0x080042ea   0x080042ea   0x00000002   PAD
    0x080042ec   0x080042ec   0x00000010   Code   RO          857    .text.can_flag_get  gd32f10x_can.o
    0x080042fc   0x080042fc   0x000000f2   Code   RO          817    .text.can_init      gd32f10x_can.o
    0x080043ee   0x080043ee   0x00000002   PAD
    0x080043f0   0x080043f0   0x00000008   Code   RO          853    .text.can_interrupt_enable  gd32f10x_can.o
    0x080043f8   0x080043f8   0x00000038   Code   RO          863    .text.can_interrupt_flag_clear  gd32f10x_can.o
    0x08004430   0x08004430   0x00000062   Code   RO          861    .text.can_interrupt_flag_get  gd32f10x_can.o
    0x08004492   0x08004492   0x00000002   PAD
    0x08004494   0x08004494   0x000000a6   Code   RO          837    .text.can_message_receive  gd32f10x_can.o
    0x0800453a   0x0800453a   0x00000002   PAD
    0x0800453c   0x0800453c   0x000000a2   Code   RO          831    .text.can_message_transmit  gd32f10x_can.o
    0x080045de   0x080045de   0x00000002   PAD
    0x080045e0   0x080045e0   0x00000018   Code   RO          841    .text.can_receive_message_length_get  gd32f10x_can.o
    0x080045f8   0x080045f8   0x00000058   Code   RO          815    .text.can_struct_para_init  gd32f10x_can.o
    0x08004650   0x08004650   0x00000094   Code   RO          843    .text.can_working_mode_set  gd32f10x_can.o
    0x080046e4   0x080046e4   0x00000096   Code   RO          113    .text.co_drv_create_os_objects  co_driver_st32f103.o
    0x0800477a   0x0800477a   0x00000002   PAD
    0x0800477c   0x0800477c   0x0000001c   Code   RO          115    .text.co_drv_mutex_lock  co_driver_st32f103.o
    0x08004798   0x08004798   0x00000018   Code   RO          117    .text.co_drv_mutex_unlock  co_driver_st32f103.o
    0x080047b0   0x080047b0   0x00000018   Code   RO          913    .text.fmc_bank0_ready_wait  gd32f10x_fmc.o
    0x080047c8   0x080047c8   0x00000024   Code   RO          961    .text.fmc_bank0_state_get  gd32f10x_fmc.o
    0x080047ec   0x080047ec   0x00000018   Code   RO          915    .text.fmc_bank1_ready_wait  gd32f10x_fmc.o
    0x08004804   0x08004804   0x00000024   Code   RO          963    .text.fmc_bank1_state_get  gd32f10x_fmc.o
    0x08004828   0x08004828   0x0000002c   Code   RO          905    .text.fmc_lock      gd32f10x_fmc.o
    0x08004854   0x08004854   0x000000a6   Code   RO          911    .text.fmc_page_erase  gd32f10x_fmc.o
    0x080048fa   0x080048fa   0x00000002   PAD
    0x080048fc   0x080048fc   0x00000050   Code   RO          899    .text.fmc_unlock    gd32f10x_fmc.o
    0x0800494c   0x0800494c   0x00000090   Code   RO          923    .text.fmc_word_program  gd32f10x_fmc.o
    0x080049dc   0x080049dc   0x00000004   Code   RO         1005    .text.gpio_bit_reset  gd32f10x_gpio.o
    0x080049e0   0x080049e0   0x00000004   Code   RO         1003    .text.gpio_bit_set  gd32f10x_gpio.o
    0x080049e4   0x080049e4   0x000000a8   Code   RO         1001    .text.gpio_init     gd32f10x_gpio.o
    0x08004a8c   0x08004a8c   0x0000000a   Code   RO         1011    .text.gpio_input_bit_get  gd32f10x_gpio.o
    0x08004a96   0x08004a96   0x00000002   PAD
    0x08004a98   0x08004a98   0x00000074   Code   RO         1019    .text.gpio_pin_remap_config  gd32f10x_gpio.o
    0x08004b0c   0x08004b0c   0x000000f6   Code   RO            2    .text.main          main.o
    0x08004c02   0x08004c02   0x00000002   PAD
    0x08004c04   0x08004c04   0x00000048   Code   RO          528    .text.nvic_config   init.o
    0x08004c4c   0x08004c4c   0x00000068   Code   RO         1041    .text.nvic_irq_enable  gd32f10x_misc.o
    0x08004cb4   0x08004cb4   0x00000014   Code   RO         1039    .text.nvic_priority_group_set  gd32f10x_misc.o
    0x08004cc8   0x08004cc8   0x0000001c   Code   RO         1045    .text.nvic_vector_table_set  gd32f10x_misc.o
    0x08004ce4   0x08004ce4   0x00000022   Code   RO          670    .text.osDelay       cmsis_os2.o
    0x08004d06   0x08004d06   0x00000002   PAD
    0x08004d08   0x08004d08   0x00000048   Code   RO          688    .text.osEventFlagsNew  cmsis_os2.o
    0x08004d50   0x08004d50   0x00000014   Code   RO          626    .text.osKernelGetTickCount  cmsis_os2.o
    0x08004d64   0x08004d64   0x00000034   Code   RO          608    .text.osKernelInitialize  cmsis_os2.o
    0x08004d98   0x08004d98   0x0000003c   Code   RO          616    .text.osKernelStart  cmsis_os2.o
    0x08004dd4   0x08004dd4   0x00000052   Code   RO          702    .text.osMutexAcquire  cmsis_os2.o
    0x08004e26   0x08004e26   0x00000002   PAD
    0x08004e28   0x08004e28   0x0000007c   Code   RO          700    .text.osMutexNew    cmsis_os2.o
    0x08004ea4   0x08004ea4   0x0000003e   Code   RO          704    .text.osMutexRelease  cmsis_os2.o
    0x08004ee2   0x08004ee2   0x00000002   PAD
    0x08004ee4   0x08004ee4   0x00000070   Code   RO          712    .text.osSemaphoreAcquire  cmsis_os2.o
    0x08004f54   0x08004f54   0x000000b6   Code   RO          710    .text.osSemaphoreNew  cmsis_os2.o
    0x0800500a   0x0800500a   0x00000002   PAD
    0x0800500c   0x0800500c   0x00000066   Code   RO          714    .text.osSemaphoreRelease  cmsis_os2.o
    0x08005072   0x08005072   0x00000002   PAD
    0x08005074   0x08005074   0x000000ca   Code   RO          634    .text.osThreadNew   cmsis_os2.o
    0x0800513e   0x0800513e   0x00000002   PAD
    0x08005140   0x08005140   0x0000000c   Code   RO          540    .text.pGetKeyboardQueue  keyboard.o
    0x0800514c   0x0800514c   0x0000009c   Code   RO         1636    .text.prvAddCurrentTaskToDelayedList  tasks.o
    0x080051e8   0x080051e8   0x000000cc   Code   RO         1622    .text.prvAddNewTaskToReadyList  tasks.o
    0x080052b4   0x080052b4   0x0000006a   Code   RO         1774    .text.prvCheckForValidListAndQueue  timers.o
    0x0800531e   0x0800531e   0x00000002   PAD
    0x08005320   0x08005320   0x0000004e   Code   RO         1740    .text.prvCheckTasksWaitingTermination  tasks.o
    0x0800536e   0x0800536e   0x00000002   PAD
    0x08005370   0x08005370   0x00000026   Code   RO         1578    .text.prvCopyDataFromQueue  queue.o
    0x08005396   0x08005396   0x00000002   PAD
    0x08005398   0x08005398   0x0000007a   Code   RO         1566    .text.prvCopyDataToQueue  queue.o
    0x08005412   0x08005412   0x00000002   PAD
    0x08005414   0x08005414   0x00000020   Code   RO         1630    .text.prvDeleteTCB  tasks.o
    0x08005434   0x08005434   0x00000012   Code   RO         1582    .text.prvGetDisinheritPriorityAfterTimeout  queue.o
    0x08005446   0x08005446   0x00000002   PAD
    0x08005448   0x08005448   0x00000020   Code   RO         1814    .text.prvGetNextExpireTime  timers.o
    0x08005468   0x08005468   0x0000006a   Code   RO         1505    .text.prvHeapInit   heap_4.o
    0x080054d2   0x080054d2   0x00000002   PAD
    0x080054d4   0x080054d4   0x0000002a   Code   RO         1662    .text.prvIdleTask   tasks.o
    0x080054fe   0x080054fe   0x00000002   PAD
    0x08005500   0x08005500   0x00000020   Code   RO         1546    .text.prvInitialiseMutex  queue.o
    0x08005520   0x08005520   0x00000020   Code   RO         1540    .text.prvInitialiseNewQueue  queue.o
    0x08005540   0x08005540   0x00000086   Code   RO         1620    .text.prvInitialiseNewTask  tasks.o
    0x080055c6   0x080055c6   0x00000002   PAD
    0x080055c8   0x080055c8   0x00000070   Code   RO         1738    .text.prvInitialiseTaskLists  tasks.o
    0x08005638   0x08005638   0x00000062   Code   RO         1507    .text.prvInsertBlockIntoFreeList  heap_4.o
    0x0800569a   0x0800569a   0x00000002   PAD
    0x0800569c   0x0800569c   0x00000040   Code   RO         1828    .text.prvInsertTimerInActiveList  timers.o
    0x080056dc   0x080056dc   0x00000018   Code   RO         1580    .text.prvIsQueueEmpty  queue.o
    0x080056f4   0x080056f4   0x0000001c   Code   RO         1568    .text.prvIsQueueFull  queue.o
    0x08005710   0x08005710   0x00000020   Code   RO         1482    .text.prvPortStartFirstTask  port.o
    0x08005730   0x08005730   0x0000003e   Code   RO         1822    .text.prvProcessExpiredTimer  timers.o
    0x0800576e   0x0800576e   0x00000002   PAD
    0x08005770   0x08005770   0x000000fa   Code   RO         1818    .text.prvProcessReceivedCommands  timers.o
    0x0800586a   0x0800586a   0x00000002   PAD
    0x0800586c   0x0800586c   0x00000080   Code   RO         1816    .text.prvProcessTimerOrBlockTask  timers.o
    0x080058ec   0x080058ec   0x0000003a   Code   RO         1826    .text.prvReloadTimer  timers.o
    0x08005926   0x08005926   0x00000002   PAD
    0x08005928   0x08005928   0x00000026   Code   RO         1628    .text.prvResetNextTaskUnblockTime  tasks.o
    0x0800594e   0x0800594e   0x00000002   PAD
    0x08005950   0x08005950   0x0000002a   Code   RO         1820    .text.prvSampleTimeNow  timers.o
    0x0800597a   0x0800597a   0x00000002   PAD
    0x0800597c   0x0800597c   0x00000034   Code   RO         1824    .text.prvSwitchTimerLists  timers.o
    0x080059b0   0x080059b0   0x00000022   Code   RO         1474    .text.prvTaskExitError  port.o
    0x080059d2   0x080059d2   0x00000002   PAD
    0x080059d4   0x080059d4   0x00000018   Code   RO         1426    .text.prvTestWaitCondition  event_groups.o
    0x080059ec   0x080059ec   0x00000016   Code   RO         1776    .text.prvTimerTask  timers.o
    0x08005a02   0x08005a02   0x00000002   PAD
    0x08005a04   0x08005a04   0x00000072   Code   RO         1570    .text.prvUnlockQueue  queue.o
    0x08005a76   0x08005a76   0x00000002   PAD
    0x08005a78   0x08005a78   0x00000064   Code   RO          145    .text.prv_read_can_received_msg  co_driver_st32f103.o
    0x08005adc   0x08005adc   0x0000004c   Code   RO          135    .text.prv_send_can_message  co_driver_st32f103.o
    0x08005b28   0x08005b28   0x000000e2   Code   RO         1503    .text.pvPortMalloc  heap_4.o
    0x08005c0a   0x08005c0a   0x00000002   PAD
    0x08005c0c   0x08005c0c   0x00000018   Code   RO         1722    .text.pvTaskIncrementMutexHeldCount  tasks.o
    0x08005c24   0x08005c24   0x00000020   Code   RO         1472    .text.pxPortInitialiseStack  port.o
    0x08005c44   0x08005c44   0x000000b0   Code   RO         1167    .text.rcu_clock_freq_get  gd32f10x_rcu.o
    0x08005cf4   0x08005cf4   0x0000001e   Code   RO         1101    .text.rcu_periph_clock_enable  gd32f10x_rcu.o
    0x08005d12   0x08005d12   0x00000002   PAD
    0x08005d14   0x08005d14   0x00000020   Code   RO         1111    .text.rcu_periph_reset_disable  gd32f10x_rcu.o
    0x08005d34   0x08005d34   0x0000001e   Code   RO         1109    .text.rcu_periph_reset_enable  gd32f10x_rcu.o
    0x08005d52   0x08005d52   0x00000002   PAD
    0x08005d54   0x08005d54   0x000000e8   Code   RO          383    .text.readFromOd    co_sdoserver.o
    0x08005e3c   0x08005e3c   0x0000000a   Code   RO         1183    .text.spi_enable    gd32f10x_spi.o
    0x08005e46   0x08005e46   0x00000002   PAD
    0x08005e48   0x08005e48   0x00000010   Code   RO         1207    .text.spi_i2s_data_frame_format_config  gd32f10x_spi.o
    0x08005e58   0x08005e58   0x00000004   Code   RO         1211    .text.spi_i2s_data_transmit  gd32f10x_spi.o
    0x08005e5c   0x08005e5c   0x00000046   Code   RO         1177    .text.spi_i2s_deinit  gd32f10x_spi.o
    0x08005ea2   0x08005ea2   0x00000002   PAD
    0x08005ea4   0x08005ea4   0x0000000a   Code   RO         1229    .text.spi_i2s_flag_get  gd32f10x_spi.o
    0x08005eae   0x08005eae   0x00000002   PAD
    0x08005eb0   0x08005eb0   0x0000000a   Code   RO         1233    .text.spi_i2s_interrupt_disable  gd32f10x_spi.o
    0x08005eba   0x08005eba   0x00000002   PAD
    0x08005ebc   0x08005ebc   0x00000034   Code   RO         1181    .text.spi_init      gd32f10x_spi.o
    0x08005ef0   0x08005ef0   0x000000a0   Code   RO         1404    .text.system_clock_72m_hxtal  system_gd32f10x.o
    0x08005f90   0x08005f90   0x00000008   Code   RO         1402    .text.system_clock_config  system_gd32f10x.o
    0x08005f98   0x08005f98   0x0000000a   Code   RO         1255    .text.timer_auto_reload_shadow_enable  gd32f10x_timer.o
    0x08005fa2   0x08005fa2   0x00000002   PAD
    0x08005fa4   0x08005fa4   0x0000020a   Code   RO         1315    .text.timer_channel_output_config  gd32f10x_timer.o
    0x080061ae   0x080061ae   0x00000002   PAD
    0x080061b0   0x080061b0   0x0000003a   Code   RO         1317    .text.timer_channel_output_mode_config  gd32f10x_timer.o
    0x080061ea   0x080061ea   0x00000002   PAD
    0x080061ec   0x080061ec   0x0000000c   Code   RO         1319    .text.timer_channel_output_pulse_value_config  gd32f10x_timer.o
    0x080061f8   0x080061f8   0x0000003a   Code   RO         1321    .text.timer_channel_output_shadow_config  gd32f10x_timer.o
    0x08006232   0x08006232   0x00000002   PAD
    0x08006234   0x08006234   0x0000004a   Code   RO         1331    .text.timer_channel_output_state_config  gd32f10x_timer.o
    0x0800627e   0x0800627e   0x00000002   PAD
    0x08006280   0x08006280   0x00000004   Code   RO         1277    .text.timer_counter_read  gd32f10x_timer.o
    0x08006284   0x08006284   0x000000be   Code   RO         1245    .text.timer_deinit  gd32f10x_timer.o
    0x08006342   0x08006342   0x00000002   PAD
    0x08006344   0x08006344   0x0000000a   Code   RO         1251    .text.timer_enable  gd32f10x_timer.o
    0x0800634e   0x0800634e   0x00000002   PAD
    0x08006350   0x08006350   0x00000006   Code   RO         1381    .text.timer_flag_clear  gd32f10x_timer.o
    0x08006356   0x08006356   0x00000002   PAD
    0x08006358   0x08006358   0x0000011c   Code   RO         1249    .text.timer_init    gd32f10x_timer.o
    0x08006474   0x08006474   0x0000000a   Code   RO         1359    .text.timer_internal_clock_config  gd32f10x_timer.o
    0x0800647e   0x0800647e   0x00000002   PAD
    0x08006480   0x08006480   0x00000008   Code   RO         1371    .text.timer_interrupt_enable  gd32f10x_timer.o
    0x08006488   0x08006488   0x00000006   Code   RO         1377    .text.timer_interrupt_flag_clear  gd32f10x_timer.o
    0x0800648e   0x0800648e   0x00000002   PAD
    0x08006490   0x08006490   0x00000016   Code   RO         1375    .text.timer_interrupt_flag_get  gd32f10x_timer.o
    0x080064a6   0x080064a6   0x00000002   PAD
    0x080064a8   0x080064a8   0x00000012   Code   RO         1247    .text.timer_struct_para_init  gd32f10x_timer.o
    0x080064ba   0x080064ba   0x00000002   PAD
    0x080064bc   0x080064bc   0x00000028   Code   RO         1462    .text.uxListRemove  list.o
    0x080064e4   0x080064e4   0x00000012   Code   RO         1590    .text.uxQueueMessagesWaiting  queue.o
    0x080064f6   0x080064f6   0x00000002   PAD
    0x080064f8   0x080064f8   0x0000000c   Code   RO         1672    .text.uxTaskGetNumberOfTasks  tasks.o
    0x08006504   0x08006504   0x0000001a   Code   RO         1720    .text.uxTaskResetEventItemValue  tasks.o
    0x0800651e   0x0800651e   0x00000002   PAD
    0x08006520   0x08006520   0x0000001a   Code   RO          764    .text.vApplicationGetIdleTaskMemory  cmsis_os2.o
    0x0800653a   0x0800653a   0x00000002   PAD
    0x0800653c   0x0800653c   0x0000001c   Code   RO          766    .text.vApplicationGetTimerTaskMemory  cmsis_os2.o
    0x08006558   0x08006558   0x00000002   Code   RO          762    .text.vApplicationStackOverflowHook  cmsis_os2.o
    0x0800655a   0x0800655a   0x00000002   PAD
    0x0800655c   0x0800655c   0x0000000c   Code   RO           43    .text.vCanOpenInit  canopennode.o
    0x08006568   0x08006568   0x00000096   Code   RO           49    .text.vCanOpenPeriodicProcess  canopennode.o
    0x080065fe   0x080065fe   0x00000002   PAD
    0x08006600   0x08006600   0x000001be   Code   RO           45    .text.vCanOpenProcess  canopennode.o
    0x080067be   0x080067be   0x00000002   PAD
    0x080067c0   0x080067c0   0x00000008   Code   RO         1432    .text.vEventGroupClearBitsCallback  event_groups.o
    0x080067c8   0x080067c8   0x0000002a   Code   RO          443    .text.vFDGetNMTState  flash_data.o
    0x080067f2   0x080067f2   0x00000002   PAD
    0x080067f4   0x080067f4   0x00000022   Code   RO          439    .text.vFDGetRegState  flash_data.o
    0x08006816   0x08006816   0x00000002   PAD
    0x08006818   0x08006818   0x000000c8   Code   RO          429    .text.vFDInit       flash_data.o
    0x080068e0   0x080068e0   0x00000012   Code   RO          435    .text.vFDSetRegState  flash_data.o
    0x080068f2   0x080068f2   0x00000002   PAD
    0x080068f4   0x080068f4   0x00000012   Code   RO          437    .text.vFDSetRegState16  flash_data.o
    0x08006906   0x08006906   0x00000002   PAD
    0x08006908   0x08006908   0x0000001c   Code   RO          433    .text.vFDWtiteReg   flash_data.o
    0x08006924   0x08006924   0x0000004c   Code   RO          441    .text.vGetBitrate   flash_data.o
    0x08006970   0x08006970   0x00000020   Code   RO          447    .text.vGetNodeId    flash_data.o
    0x08006990   0x08006990   0x0000002c   Code   RO          512    .text.vInit_DeviceConfig  init.o
    0x080069bc   0x080069bc   0x00000108   Code   RO          542    .text.vKeyboardTask  keyboard.o
    0x08006ac4   0x08006ac4   0x00000020   Code   RO          487    .text.vLatch        led.o
    0x08006ae4   0x08006ae4   0x00000070   Code   RO          473    .text.vLedDriverStart  led.o
    0x08006b54   0x08006b54   0x00000032   Code   RO          461    .text.vLedInit      led.o
    0x08006b86   0x08006b86   0x00000002   PAD
    0x08006b88   0x08006b88   0x0000017e   Code   RO          481    .text.vLedProcess   led.o
    0x08006d06   0x08006d06   0x00000002   PAD
    0x08006d08   0x08006d08   0x00000016   Code   RO         1454    .text.vListInitialise  list.o
    0x08006d1e   0x08006d1e   0x00000002   PAD
    0x08006d20   0x08006d20   0x00000006   Code   RO         1456    .text.vListInitialiseItem  list.o
    0x08006d26   0x08006d26   0x00000002   PAD
    0x08006d28   0x08006d28   0x0000003a   Code   RO         1460    .text.vListInsert   list.o
    0x08006d62   0x08006d62   0x00000002   PAD
    0x08006d64   0x08006d64   0x00000020   Code   RO         1486    .text.vPortEnterCritical  port.o
    0x08006d84   0x08006d84   0x0000001a   Code   RO         1488    .text.vPortExitCritical  port.o
    0x08006d9e   0x08006d9e   0x00000002   PAD
    0x08006da0   0x08006da0   0x00000056   Code   RO         1509    .text.vPortFree     heap_4.o
    0x08006df6   0x08006df6   0x00000002   PAD
    0x08006df8   0x08006df8   0x00000034   Code   RO         1480    .text.vPortSetupTimerInterrupt  port.o
    0x08006e2c   0x08006e2c   0x000000e2   Code   RO           79    .text.vProceesInit  process.o
    0x08006f0e   0x08006f0e   0x00000002   PAD
    0x08006f10   0x08006f10   0x00000174   Code   RO           85    .text.vProcessTask  process.o
    0x08007084   0x08007084   0x00000010   Code   RO         1596    .text.vQueueDelete  queue.o
    0x08007094   0x08007094   0x00000044   Code   RO         1608    .text.vQueueWaitForMessageRestricted  queue.o
    0x080070d8   0x080070d8   0x00000014   Code   RO            6    .text.vRestartNode  main.o
    0x080070ec   0x080070ec   0x000000bc   Code   RO          483    .text.vSPI_Transmit  led.o
    0x080071a8   0x080071a8   0x00000148   Code   RO          485    .text.vSTPErrorDetection  led.o
    0x080072f0   0x080072f0   0x00000086   Code   RO          489    .text.vSTPNormalMode  led.o
    0x08007376   0x08007376   0x00000002   PAD
    0x08007378   0x08007378   0x00000012   Code   RO          467    .text.vSetBackLigth  led.o
    0x0800738a   0x0800738a   0x00000002   PAD
    0x0800738c   0x0800738c   0x00000084   Code   RO          463    .text.vSetBackLigthColor  led.o
    0x08007410   0x08007410   0x00000098   Code   RO          469    .text.vSetBrigth    led.o
    0x080074a8   0x080074a8   0x00000010   Code   RO          477    .text.vSetLedBlink  led.o
    0x080074b8   0x080074b8   0x00000012   Code   RO          465    .text.vSetLedBrigth  led.o
    0x080074ca   0x080074ca   0x00000002   PAD
    0x080074cc   0x080074cc   0x00000010   Code   RO          475    .text.vSetLedOn     led.o
    0x080074dc   0x080074dc   0x00000038   Code   RO          538    .text.vSetupKeyboard  keyboard.o
    0x08007514   0x08007514   0x00000010   Code   RO          471    .text.vStartLed     led.o
    0x08007524   0x08007524   0x00000034   Code   RO         1640    .text.vTaskDelay    tasks.o
    0x08007558   0x08007558   0x0000001a   Code   RO         1694    .text.vTaskInternalSetTimeOutState  tasks.o
    0x08007572   0x08007572   0x00000002   PAD
    0x08007574   0x08007574   0x0000000e   Code   RO         1698    .text.vTaskMissedYield  tasks.o
    0x08007582   0x08007582   0x00000002   PAD
    0x08007584   0x08007584   0x0000001e   Code   RO         1682    .text.vTaskPlaceOnEventList  tasks.o
    0x080075a2   0x080075a2   0x00000002   PAD
    0x080075a4   0x080075a4   0x0000005a   Code   RO         1686    .text.vTaskPlaceOnEventListRestricted  tasks.o
    0x080075fe   0x080075fe   0x00000002   PAD
    0x08007600   0x08007600   0x00000054   Code   RO         1684    .text.vTaskPlaceOnUnorderedEventList  tasks.o
    0x08007654   0x08007654   0x00000080   Code   RO         1718    .text.vTaskPriorityDisinheritAfterTimeout  tasks.o
    0x080076d4   0x080076d4   0x000000b6   Code   RO         1690    .text.vTaskRemoveFromUnorderedEventList  tasks.o
    0x0800778a   0x0800778a   0x00000002   PAD
    0x0800778c   0x0800778c   0x00000098   Code   RO         1660    .text.vTaskStartScheduler  tasks.o
    0x08007824   0x08007824   0x00000010   Code   RO         1634    .text.vTaskSuspendAll  tasks.o
    0x08007834   0x08007834   0x000000aa   Code   RO         1652    .text.vTaskSwitchContext  tasks.o
    0x080078de   0x080078de   0x00000002   PAD
    0x080078e0   0x080078e0   0x00000124   Code   RO          387    .text.validateAndWriteToOD  co_sdoserver.o
    0x08007a04   0x08007a04   0x0000001a   Code   RO         1428    .text.xEventGroupClearBits  event_groups.o
    0x08007a1e   0x08007a1e   0x00000002   PAD
    0x08007a20   0x08007a20   0x00000016   Code   RO         1430    .text.xEventGroupClearBitsFromISR  event_groups.o
    0x08007a36   0x08007a36   0x00000002   PAD
    0x08007a38   0x08007a38   0x0000001c   Code   RO         1418    .text.xEventGroupCreate  event_groups.o
    0x08007a54   0x08007a54   0x00000018   Code   RO         1416    .text.xEventGroupCreateStatic  event_groups.o
    0x08007a6c   0x08007a6c   0x0000007e   Code   RO         1422    .text.xEventGroupSetBits  event_groups.o
    0x08007aea   0x08007aea   0x00000002   PAD
    0x08007aec   0x08007aec   0x000000b0   Code   RO         1424    .text.xEventGroupWaitBits  event_groups.o
    0x08007b9c   0x08007b9c   0x0000003a   Code   RO         1478    .text.xPortStartScheduler  port.o
    0x08007bd6   0x08007bd6   0x00000002   PAD
    0x08007bd8   0x08007bd8   0x0000002e   Code   RO         1492    .text.xPortSysTickHandler  port.o
    0x08007c06   0x08007c06   0x00000002   PAD
    0x08007c08   0x08007c08   0x00000024   Code   RO         1564    .text.xQueueCreateCountingSemaphore  queue.o
    0x08007c2c   0x08007c2c   0x0000002e   Code   RO         1562    .text.xQueueCreateCountingSemaphoreStatic  queue.o
    0x08007c5a   0x08007c5a   0x00000002   PAD
    0x08007c5c   0x08007c5c   0x00000016   Code   RO         1544    .text.xQueueCreateMutex  queue.o
    0x08007c72   0x08007c72   0x00000002   PAD
    0x08007c74   0x08007c74   0x00000022   Code   RO         1548    .text.xQueueCreateMutexStatic  queue.o
    0x08007c96   0x08007c96   0x00000002   PAD
    0x08007c98   0x08007c98   0x0000004c   Code   RO         1542    .text.xQueueGenericCreate  queue.o
    0x08007ce4   0x08007ce4   0x0000003a   Code   RO         1538    .text.xQueueGenericCreateStatic  queue.o
    0x08007d1e   0x08007d1e   0x00000002   PAD
    0x08007d20   0x08007d20   0x00000080   Code   RO         1536    .text.xQueueGenericReset  queue.o
    0x08007da0   0x08007da0   0x00000136   Code   RO         1556    .text.xQueueGenericSend  queue.o
    0x08007ed6   0x08007ed6   0x00000002   PAD
    0x08007ed8   0x08007ed8   0x0000009e   Code   RO         1572    .text.xQueueGenericSendFromISR  queue.o
    0x08007f76   0x08007f76   0x00000002   PAD
    0x08007f78   0x08007f78   0x00000090   Code   RO         1574    .text.xQueueGiveFromISR  queue.o
    0x08008008   0x08008008   0x0000002e   Code   RO         1554    .text.xQueueGiveMutexRecursive  queue.o
    0x08008036   0x08008036   0x00000002   PAD
    0x08008038   0x08008038   0x00000128   Code   RO         1576    .text.xQueueReceive  queue.o
    0x08008160   0x08008160   0x0000007c   Code   RO         1586    .text.xQueueReceiveFromISR  queue.o
    0x080081dc   0x080081dc   0x00000162   Code   RO         1560    .text.xQueueSemaphoreTake  queue.o
    0x0800833e   0x0800833e   0x00000002   PAD
    0x08008340   0x08008340   0x00000028   Code   RO         1558    .text.xQueueTakeMutexRecursive  queue.o
    0x08008368   0x08008368   0x00000060   Code   RO         1696    .text.xTaskCheckForTimeOut  tasks.o
    0x080083c8   0x080083c8   0x0000006c   Code   RO         1624    .text.xTaskCreate   tasks.o
    0x08008434   0x08008434   0x00000052   Code   RO         1618    .text.xTaskCreateStatic  tasks.o
    0x08008486   0x08008486   0x00000002   PAD
    0x08008488   0x08008488   0x0000000c   Code   RO         1710    .text.xTaskGetCurrentTaskHandle  tasks.o
    0x08008494   0x08008494   0x00000026   Code   RO         1712    .text.xTaskGetSchedulerState  tasks.o
    0x080084ba   0x080084ba   0x00000002   PAD
    0x080084bc   0x080084bc   0x0000000c   Code   RO         1668    .text.xTaskGetTickCount  tasks.o
    0x080084c8   0x080084c8   0x0000000c   Code   RO         1670    .text.xTaskGetTickCountFromISR  tasks.o
    0x080084d4   0x080084d4   0x00000194   Code   RO         1666    .text.xTaskIncrementTick  tasks.o
    0x08008668   0x08008668   0x00000070   Code   RO         1716    .text.xTaskPriorityDisinherit  tasks.o
    0x080086d8   0x080086d8   0x000000a6   Code   RO         1714    .text.xTaskPriorityInherit  tasks.o
    0x0800877e   0x0800877e   0x00000002   PAD
    0x08008780   0x08008780   0x000000e0   Code   RO         1688    .text.xTaskRemoveFromEventList  tasks.o
    0x08008860   0x08008860   0x00000158   Code   RO         1638    .text.xTaskResumeAll  tasks.o
    0x080089b8   0x080089b8   0x00000068   Code   RO         1772    .text.xTimerCreateTimerTask  timers.o
    0x08008a20   0x08008a20   0x0000002a   Code   RO         1806    .text.xTimerPendFunctionCallFromISR  timers.o
    0x08008a4a   0x08008a4a   0x00000028   Code   RO         1941    i.__ARM_fpclassify  m_ws.l(fpclassify.o)
    0x08008a72   0x08008a72   0x00000002   PAD
    0x08008a74   0x08008a74   0x00000388   Code   RO         1902    i.__ieee754_rem_pio2  m_ws.l(rred.o)
    0x08008dfc   0x08008dfc   0x000000fc   Code   RO         1885    i.__kernel_cos      m_ws.l(cos_i.o)
    0x08008ef8   0x08008ef8   0x000000aa   Code   RO         1943    i.__kernel_poly     m_ws.l(poly.o)
    0x08008fa2   0x08008fa2   0x00000002   PAD
    0x08008fa4   0x08008fa4   0x000000ec   Code   RO         1907    i.__kernel_sin      m_ws.l(sin_i.o)
    0x08009090   0x08009090   0x00000006   Code   RO         1889    i.__mathlib_dbl_infnan  m_ws.l(dunder.o)
    0x08009096   0x08009096   0x0000000c   Code   RO         1891    i.__mathlib_dbl_invalid  m_ws.l(dunder.o)
    0x080090a2   0x080090a2   0x00000002   PAD
    0x080090a4   0x080090a4   0x00000010   Code   RO         1894    i.__mathlib_dbl_underflow  m_ws.l(dunder.o)
    0x080090b4   0x080090b4   0x0000000e   Code   RO         1959    i.__scatterload_copy  mc_w.l(handlers.o)
    0x080090c2   0x080090c2   0x00000002   Code   RO         1960    i.__scatterload_null  mc_w.l(handlers.o)
    0x080090c4   0x080090c4   0x0000000e   Code   RO         1961    i.__scatterload_zeroinit  mc_w.l(handlers.o)
    0x080090d2   0x080090d2   0x00000002   PAD
    0x080090d4   0x080090d4   0x0000000c   Code   RO         1931    i.__set_errno       mc_w.l(errno.o)
    0x080090e0   0x080090e0   0x000000a0   Code   RO         1847    i.sin               m_ws.l(sin.o)
    0x08009180   0x08009180   0x00000030   Data   RO         1886    .constdata          m_ws.l(cos_i.o)
    0x080091b0   0x080091b0   0x000000cc   Data   RO         1904    .constdata          m_ws.l(rred.o)
    0x0800927c   0x0800927c   0x00000004   PAD
    0x08009280   0x08009280   0x00000028   Data   RO         1908    .constdata          m_ws.l(sin_i.o)
    0x080092a8   0x080092a8   0x00000010   Data   RO          151    .rodata..L__const.co_drv_create_os_objects.attr  co_driver_st32f103.o
    0x080092b8   0x080092b8   0x00000010   Data   RO          153    .rodata..L__const.co_drv_create_os_objects.attr.2  co_driver_st32f103.o
    0x080092c8   0x080092c8   0x00000010   Data   RO          155    .rodata..L__const.co_drv_create_os_objects.attr.4  co_driver_st32f103.o
    0x080092d8   0x080092d8   0x00000024   Data   RO           22    .rodata.CanOpenPeriodic_attributes  main.o
    0x080092fc   0x080092fc   0x00000024   Data   RO           25    .rodata.CanOpenProcess_attributes  main.o
    0x08009320   0x08009320   0x00000024   Data   RO           16    .rodata.KeyboardTask_attributes  main.o
    0x08009344   0x08009344   0x000002fc   Data   RO          172    .rodata.ODObjs      od.o
    0x08009640   0x08009640   0x00000068   Data   RO          198    .rodata.OD_getSDOabCode.abortCodes  co_odinterface.o
    0x080096a8   0x080096a8   0x00000024   Data   RO           19    .rodata.ProcessTask_attributes  main.o
    0x080096cc   0x080096cc   0x00000024   Data   RO           13    .rodata.defaultTask_attributes  main.o
    0x080096f0   0x080096f0   0x00000050   Data   RO           10    .rodata.str1.1      main.o
    0x08009740   0x08009740   0x0000002e   Data   RO          150    .rodata.str1.1      co_driver_st32f103.o
    0x0800976e   0x0800976e   0x00000002   PAD
    0x08009770   0x08009770   0x00000004   Data   RO         1743    .rodata.uxTopUsedPriority  tasks.o
    0x08009774   0x08009774   0x00000040   Data   RO          547    .rodata.xKeyPortMass  keyboard.o
    0x080097b4   0x080097b4   0x00000010   Data   RO           27    .rodata.xResetEvent_attributes  main.o
    0x080097c4   0x080097c4   0x00000020   Data   RO         1958    Region$$Table       anon$$obj.o


    Execution Region RW_IRAM1 (Exec base: 0x20000000, Load base: 0x080097e8, Size: 0x00004650, Max: 0x00005000, ABSOLUTE, COMPRESSED[0x00000190])

    Exec Addr    Load Addr    Size         Type   Attr      Idx    E Section Name        Object

    0x20000000   COMPRESSED   0x00000004   Data   RW         1932    .data               mc_w.l(errno.o)
    0x20000004   COMPRESSED   0x00000001   Data   RW          499    .data.BlinkON       led.o
    0x20000005   COMPRESSED   0x00000003   PAD
    0x20000008   COMPRESSED   0x00000004   Data   RW          170    .data.OD            od.o
    0x2000000c   COMPRESSED   0x00000180   Data   RW          171    .data.ODList        od.o
    0x2000018c   COMPRESSED   0x00000010   Data   RW           98    .data.OD_BITRATE_data_extension  process.o
    0x2000019c   COMPRESSED   0x00000010   Data   RW           94    .data.OD_BLINK_data_extension  process.o
    0x200001ac   COMPRESSED   0x00000010   Data   RW           95    .data.OD_BRIGTH_data_extension  process.o
    0x200001bc   COMPRESSED   0x00000010   Data   RW           96    .data.OD_KEY_extension  process.o
    0x200001cc   COMPRESSED   0x00000010   Data   RW           93    .data.OD_LED_data_extension  process.o
    0x200001dc   COMPRESSED   0x00000010   Data   RW           99    .data.OD_NMT_data_extension  process.o
    0x200001ec   COMPRESSED   0x00000010   Data   RW           97    .data.OD_NODE_data_extension  process.o
    0x200001fc   COMPRESSED   0x00000008   Data   RW          168    .data.OD_PERSIST_COMM  od.o
    0x20000204   COMPRESSED   0x00000010   Data   RW          101    .data.OD_PWM_extension  process.o
    0x20000214   COMPRESSED   0x0000003c   Data   RW          167    .data.OD_RAM        od.o
    0x20000250   COMPRESSED   0x000000a0   Data   RW          166    .data.OD_ROM        od.o
    0x200002f0   COMPRESSED   0x00000010   Data   RW          100    .data.OD_keyBoardParametr_extension  process.o
    0x20000300   COMPRESSED   0x00000010   Data   RW          451    .data.SettingsREG   flash_data.o
    0x20000310   COMPRESSED   0x00000004   Data   RW         1406    .data.SystemCoreClock  system_gd32f10x.o
    0x20000314   COMPRESSED   0x00000008   Data   RW          169    .data._OD           od.o
    0x2000031c   COMPRESSED   0x00000002   Data   RW          496    .data.backligch_brigth  led.o
    0x2000031e   COMPRESSED   0x00000002   Data   RW          494    .data.led_brigth    led.o
    0x20000320   COMPRESSED   0x00000004   Data   RW         1494    .data.uxCriticalNesting  port.o
    0x20000324   COMPRESSED   0x00000004   PAD
    0x20000328        -       0x00000004   Zero   RW          156    .bss.CANModule_local  co_driver_st32f103.o
    0x2000032c        -       0x00000004   Zero   RW           53    .bss.CO             canopennode.o
    0x20000330        -       0x0000002c   Zero   RW          229    .bss.COO            canopen.o
    0x2000035c        -       0x00000038   Zero   RW          230    .bss.COO_CANmodule  canopen.o
    0x20000394        -       0x00000054   Zero   RW          231    .bss.COO_CANmodule_rxArray  canopen.o
    0x200003e8        -       0x00000078   Zero   RW          232    .bss.COO_CANmodule_txArray  canopen.o
    0x20000460        -       0x00000050   Zero   RW          234    .bss.COO_EM         canopen.o
    0x200004b0        -       0x00000088   Zero   RW          235    .bss.COO_EM_FIFO    canopen.o
    0x20000538        -       0x00000074   Zero   RW          239    .bss.COO_LSSslave   canopen.o
    0x200005ac        -       0x0000002c   Zero   RW          233    .bss.COO_NMT        canopen.o
    0x200005d8        -       0x00000580   Zero   RW          237    .bss.COO_RPDO       canopen.o
    0x20000b58        -       0x000000a8   Zero   RW          236    .bss.COO_SDOserver  canopen.o
    0x20000c00        -       0x00000164   Zero   RW          238    .bss.COO_TPDO       canopen.o
    0x20000d64        -       0x00000020   Zero   RW          549    .bss.COUNTERS       keyboard.o
    0x20000d84        -       0x00000400   Zero   RW           21    .bss.CanOpenPeriodicBuffer  main.o
    0x20001184        -       0x0000005c   Zero   RW           20    .bss.CanOpenPeriodicControlBlock  main.o
    0x200011e0        -       0x00000004   Zero   RW           31    .bss.CanOpenPeriodicHandle  main.o
    0x200011e4        -       0x00000af0   Zero   RW           24    .bss.CanOpenProcessBuffer  main.o
    0x20001cd4        -       0x0000005c   Zero   RW           23    .bss.CanOpenProcessControlBlock  main.o
    0x20001d30        -       0x00000004   Zero   RW           32    .bss.CanOpenProcessHandle  main.o
    0x20001d34        -       0x00000001   Zero   RW          452    .bss.FisrtStart     flash_data.o
    0x20001d35   COMPRESSED   0x00000003   PAD
    0x20001d38        -       0x00000004   Zero   RW          770    .bss.KernelState    cmsis_os2.o
    0x20001d3c        -       0x00000080   Zero   RW          544    .bss.KeyboardBuffer  keyboard.o
    0x20001dbc        -       0x00000200   Zero   RW           15    .bss.KeyboardTaskBuffer  main.o
    0x20001fbc        -       0x0000005c   Zero   RW           14    .bss.KeyboardTaskControlBlock  main.o
    0x20002018        -       0x00000004   Zero   RW           29    .bss.KeyboardTaskHandle  main.o
    0x2000201c        -       0x00000003   Zero   RW          493    .bss.LED_BLINK      led.o
    0x2000201f        -       0x00000003   Zero   RW          492    .bss.LED_ON         led.o
    0x20002022   COMPRESSED   0x00000002   PAD
    0x20002024        -       0x00000004   Zero   RW          102    .bss.OD_KEY_flagsPDO  process.o
    0x20002028        -       0x00000200   Zero   RW           18    .bss.ProcessTaskBuffer  main.o
    0x20002228        -       0x0000005c   Zero   RW           17    .bss.ProcessTaskControlBlock  main.o
    0x20002284        -       0x00000004   Zero   RW           30    .bss.ProcessTaskHandle  main.o
    0x20002288        -       0x00000008   Zero   RW          548    .bss.STATUS         keyboard.o
    0x20002290        -       0x00000008   Zero   RW          104    .bss.TempEvent      process.o
    0x20002298        -       0x00000001   Zero   RW          501    .bss.brigth_color.0  led.o
    0x20002299        -       0x00000001   Zero   RW          502    .bss.brigth_color.1  led.o
    0x2000229a        -       0x00000001   Zero   RW          503    .bss.brigth_color.2  led.o
    0x2000229b   COMPRESSED   0x00000001   PAD
    0x2000229c        -       0x00000020   Zero   RW           26    .bss.cResetEventControlBlock  main.o
    0x200022bc        -       0x00000004   Zero   RW          152    .bss.co_drv_app_thread_sync_semaphore  co_driver_st32f103.o
    0x200022c0        -       0x00000004   Zero   RW          154    .bss.co_drv_periodic_thread_sync_semaphore  co_driver_st32f103.o
    0x200022c4        -       0x00000004   Zero   RW           52    .bss.co_heap_used   canopennode.o
    0x200022c8        -       0x00000004   Zero   RW          149    .bss.co_mutex       co_driver_st32f103.o
    0x200022cc        -       0x00000001   Zero   RW          495    .bss.color_div      led.o
    0x200022cd   COMPRESSED   0x00000003   PAD
    0x200022d0        -       0x00000200   Zero   RW           12    .bss.defaultTaskBuffer  main.o
    0x200024d0        -       0x0000005c   Zero   RW           11    .bss.defaultTaskControlBlock  main.o
    0x2000252c        -       0x00000004   Zero   RW           28    .bss.defaultTaskHandle  main.o
    0x20002530        -       0x00000004   Zero   RW           33    .bss.hcan           main.o
    0x20002534        -       0x00000002   Zero   RW          498    .bss.led_blink_counter  led.o
    0x20002536        -       0x00000002   Zero   RW          497    .bss.led_brigth_counter  led.o
    0x20002538        -       0x00000004   Zero   RW          103    .bss.pKeyboard      process.o
    0x2000253c        -       0x00000004   Zero   RW          546    .bss.pKeyboardQueue  keyboard.o
    0x20002540        -       0x00000004   Zero   RW           51    .bss.pcan           canopennode.o
    0x20002544        -       0x000000a0   Zero   RW         1838    .bss.prvCheckForValidListAndQueue.ucStaticTimerQueueStorage  timers.o
    0x200025e4        -       0x00000050   Zero   RW         1837    .bss.prvCheckForValidListAndQueue.xStaticTimerQueue  timers.o
    0x20002634        -       0x00000004   Zero   RW         1834    .bss.prvSampleTimeNow.xLastTime  timers.o
    0x20002638        -       0x00000010   Zero   RW          157    .bss.prv_read_can_received_msg.rcvMsg  co_driver_st32f103.o
    0x20002648        -       0x00000004   Zero   RW          491    .bss.pwmtim         led.o
    0x2000264c        -       0x00000004   Zero   RW         1742    .bss.pxCurrentTCB   tasks.o
    0x20002650        -       0x00000004   Zero   RW         1832    .bss.pxCurrentTimerList  timers.o
    0x20002654        -       0x00000004   Zero   RW         1750    .bss.pxDelayedTaskList  tasks.o
    0x20002658        -       0x00000004   Zero   RW         1521    .bss.pxEnd          heap_4.o
    0x2000265c        -       0x00000004   Zero   RW         1751    .bss.pxOverflowDelayedTaskList  tasks.o
    0x20002660        -       0x00000004   Zero   RW         1833    .bss.pxOverflowTimerList  timers.o
    0x20002664        -       0x00000460   Zero   RW         1753    .bss.pxReadyTasksLists  tasks.o
    0x20002ac4        -       0x00000001   Zero   RW           54    .bss.reset          canopennode.o
    0x20002ac5        -       0x00000fa0   Zero   RW         1527    .bss.ucHeap         heap_4.o
    0x20003a65        -       0x00000001   Zero   RW          500    .bss.ucSPI_Busy     led.o
    0x20003a66   COMPRESSED   0x00000002   PAD
    0x20003a68        -       0x00000004   Zero   RW         1747    .bss.uxCurrentNumberOfTasks  tasks.o
    0x20003a6c        -       0x00000004   Zero   RW         1746    .bss.uxDeletedTasksWaitingCleanUp  tasks.o
    0x20003a70        -       0x00000004   Zero   RW         1755    .bss.uxSchedulerSuspended  tasks.o
    0x20003a74        -       0x00000004   Zero   RW         1744    .bss.uxTaskNumber   tasks.o
    0x20003a78        -       0x00000004   Zero   RW         1754    .bss.uxTopReadyPriority  tasks.o
    0x20003a7c        -       0x00000200   Zero   RW          773    .bss.vApplicationGetIdleTaskMemory.Idle_Stack  cmsis_os2.o
    0x20003c7c        -       0x0000005c   Zero   RW          772    .bss.vApplicationGetIdleTaskMemory.Idle_TCB  cmsis_os2.o
    0x20003cd8        -       0x00000400   Zero   RW          775    .bss.vApplicationGetTimerTaskMemory.Timer_Stack  cmsis_os2.o
    0x200040d8        -       0x0000005c   Zero   RW          774    .bss.vApplicationGetTimerTaskMemory.Timer_TCB  cmsis_os2.o
    0x20004134        -       0x00000014   Zero   RW         1835    .bss.xActiveTimerList1  timers.o
    0x20004148        -       0x00000014   Zero   RW         1836    .bss.xActiveTimerList2  timers.o
    0x2000415c        -       0x00000014   Zero   RW         1762    .bss.xDelayedTaskList1  tasks.o
    0x20004170        -       0x00000014   Zero   RW         1763    .bss.xDelayedTaskList2  tasks.o
    0x20004184        -       0x00000004   Zero   RW         1522    .bss.xFreeBytesRemaining  heap_4.o
    0x20004188        -       0x00000004   Zero   RW         1758    .bss.xIdleTaskHandle  tasks.o
    0x2000418c        -       0x00000050   Zero   RW          545    .bss.xKeyboardQueue  keyboard.o
    0x200041dc        -       0x00000004   Zero   RW         1524    .bss.xMinimumEverFreeBytesRemaining  heap_4.o
    0x200041e0        -       0x00000004   Zero   RW         1759    .bss.xNextTaskUnblockTime  tasks.o
    0x200041e4        -       0x00000004   Zero   RW         1761    .bss.xNumOfOverflows  tasks.o
    0x200041e8        -       0x00000004   Zero   RW         1525    .bss.xNumberOfSuccessfulAllocations  heap_4.o
    0x200041ec        -       0x00000004   Zero   RW         1526    .bss.xNumberOfSuccessfulFrees  heap_4.o
    0x200041f0        -       0x00000004   Zero   RW         1760    .bss.xPendedTicks   tasks.o
    0x200041f4        -       0x00000014   Zero   RW         1757    .bss.xPendingReadyList  tasks.o
    0x20004208        -       0x00000004   Zero   RW           34    .bss.xResetEventHandle  main.o
    0x2000420c        -       0x00000004   Zero   RW         1748    .bss.xSchedulerRunning  tasks.o
    0x20004210        -       0x00000008   Zero   RW         1523    .bss.xStart         heap_4.o
    0x20004218        -       0x00000014   Zero   RW         1752    .bss.xSuspendedTaskList  tasks.o
    0x2000422c        -       0x00000014   Zero   RW         1745    .bss.xTasksWaitingTermination  tasks.o
    0x20004240        -       0x00000004   Zero   RW         1749    .bss.xTickCount     tasks.o
    0x20004244        -       0x00000004   Zero   RW         1830    .bss.xTimerQueue    timers.o
    0x20004248        -       0x00000004   Zero   RW         1831    .bss.xTimerTaskHandle  timers.o
    0x2000424c        -       0x00000004   Zero   RW         1756    .bss.xYieldPending  tasks.o
    0x20004250        -       0x00000400   Zero   RW         1390    STACK               startup_gd32f10x_hd.o


==============================================================================

Image component sizes


      Code (inc. data)   RO Data    RW Data    ZI Data      Debug   Object Name

      1016          0          0          0       2612      16033   canopen.o
       644          0          0          0         13      12292   canopennode.o
      1254          0          0          0       1724      40785   cmsis_os2.o
      1274          0         94          0         32      12504   co_driver_st32f103.o
      1284          0          0          0          0      13828   co_emergency.o
      1050        220          0          0          0       9099   co_lssslave.o
       762          0          0          0          0      10807   co_nmt_heartbeat.o
       826          0        104          0          0       7797   co_odinterface.o
      3568          6          0          0          0      24132   co_pdo.o
      3008         24          0          0          0      20414   co_sdoserver.o
       434          0          0          0          0       8049   event_groups.o
       528          8          0         16          1       3561   flash_data.o
      1258          4          0          0          0      12104   gd32f10x_can.o
       554          0          0          0          0       8503   gd32f10x_fmc.o
       302          0          0          0          0       5285   gd32f10x_gpio.o
       242          0          0          0          0       2924   gd32f10x_it.o
       152          0          0          0          0       3178   gd32f10x_misc.o
       268         28          0          0          0      11430   gd32f10x_rcu.o
       172          0          0          0          0       6881   gd32f10x_spi.o
      1292         16          0          0          0      17377   gd32f10x_timer.o
       516          0          0          0       4028       4838   heap_4.o
      1084          0          0          0          0       5455   init.o
       332          8         64          0        252       2798   keyboard.o
      1666         16          0          5         19       4410   led.o
       126          0          0          0          0       2280   list.o
       324          0        276          0       5880       5380   main.o
         0          0        764        624          0       6043   od.o
       416         12          0          4          0       2775   port.o
      1276         70          0        144         16       7525   process.o
      2382          0          0          0          0      18859   queue.o
        36          8        304          0       1024        788   startup_gd32f10x_hd.o
       344          0          0          4          0       1155   system_gd32f10x.o
        98          0          0          0          0       4027   systick.o
      3412          8          4          0       1280      29970   tasks.o
       962         18          0          0        300      13223   timers.o

    ----------------------------------------------------------------------
     33210        458       1644        800      17196     356509   Object Totals
         0          0         32          0          0          0   (incl. Generated)
       348         12          2          3         15          0   (incl. Padding)

    ----------------------------------------------------------------------

      Code (inc. data)   RO Data    RW Data    ZI Data      Debug   Library Member Name

       252         22         48          0          0        124   cos_i.o
        34          6          0          0          0        204   dunder.o
        40          0          0          0          0         68   fpclassify.o
       170          0          0          0          0         96   poly.o
       904         76        204          0          0        140   rred.o
       160         10          0          0          0        108   sin.o
       236         12         40          0          0        128   sin_i.o
        86          0          0          0          0          0   __dczerorl2.o
         0          0          0          0          0          0   entry.o
         0          0          0          0          0          0   entry10a.o
         0          0          0          0          0          0   entry11a.o
         8          4          0          0          0          0   entry2.o
         4          0          0          0          0          0   entry5.o
         0          0          0          0          0          0   entry7b.o
         0          0          0          0          0          0   entry8b.o
         8          4          0          0          0          0   entry9a.o
        12          6          0          4          0         68   errno.o
        30          0          0          0          0          0   handlers.o
        36          8          0          0          0         68   init.o
         0          0          0          0          0          0   iusefp.o
        30          0          0          0          0         68   llshl.o
        36          0          0          0          0         68   llsshr.o
        32          0          0          0          0         68   llushr.o
        64          0          0          0          0         76   memmovea.o
        36          0          0          0          0        108   memseta.o
        14          0          0          0          0         68   strlen.o
       334          0          0          0          0        148   dadd.o
       222          0          0          0          0        100   ddiv.o
       186          0          0          0          0        176   depilogue.o
        62          0          0          0          0         80   dfixi.o
        34          0          0          0          0         76   dflti.o
        26          0          0          0          0         76   dfltui.o
       228          0          0          0          0         96   dmul.o
        46          0          0          0          0         80   dscalb.o
       124          0          0          0          0         88   fdiv.o
       110          0          0          0          0        168   fepilogue.o
        50          0          0          0          0         68   ffixi.o
        10          0          0          0          0         68   ffltui.o
       100          0          0          0          0         76   fmul.o

    ----------------------------------------------------------------------
      3734        148        296          4          0       2760   Library Totals
        10          0          4          0          0          0   (incl. Padding)

    ----------------------------------------------------------------------

      Code (inc. data)   RO Data    RW Data    ZI Data      Debug   Library Name

      1796        126        292          0          0        868   m_ws.l
       396         22          0          4          0        592   mc_w.l
      1532          0          0          0          0       1300   mf_w.l

    ----------------------------------------------------------------------
      3734        148        296          4          0       2760   Library Totals

    ----------------------------------------------------------------------

==============================================================================


      Code (inc. data)   RO Data    RW Data    ZI Data      Debug   

     36944        606       1940        804      17196     357585   Grand Totals
     36944        606       1940        400      17196     357585   ELF Image Totals (compressed)
     36944        606       1940        400          0          0   ROM Totals

==============================================================================

    Total RO  Size (Code + RO Data)                38884 (  37.97kB)
    Total RW  Size (RW Data + ZI Data)             18000 (  17.58kB)
    Total ROM Size (Code + RO Data + RW Data)      39284 (  38.36kB)

==============================================================================

